Archive member included because of file (symbol)

ym/ble/source/ble.a(BLE.cpp.o)
                              source/CMakeFiles/mbed-hr-observer.dir/Users/jacobrosenthal/Downloads/mbed-hr-observer/source/main.cpp.o (BLE::initImplementation(FunctionPointerWithContext<BLE::InitializationCompleteCallbackContext*>))
ym/ble/source/ble.a(GapScanningParams.cpp.o)
                              source/CMakeFiles/mbed-hr-observer.dir/Users/jacobrosenthal/Downloads/mbed-hr-observer/source/main.cpp.o (GapScanningParams::setInterval(unsigned short))
ym/ble-nrf51822/source/ble-nrf51822.a(nRF5xn.cpp.o)
                              ym/ble/source/ble.a(BLE.cpp.o) (createBLEInstance())
ym/ble-nrf51822/source/ble-nrf51822.a(nRF5xGap.cpp.o)
                              ym/ble-nrf51822/source/ble-nrf51822.a(nRF5xn.cpp.o) (nRF5xGap::getInstance())
ym/ble-nrf51822/source/ble-nrf51822.a(nRF5xGattServer.cpp.o)
                              ym/ble-nrf51822/source/ble-nrf51822.a(nRF5xn.cpp.o) (nRF5xGattServer::getInstance())
ym/ble-nrf51822/source/ble-nrf51822.a(softdevice_handler.c.o)
                              ym/ble-nrf51822/source/ble-nrf51822.a(nRF5xn.cpp.o) (softdevice_handler_sd_disable)
ym/ble-nrf51822/source/ble-nrf51822.a(btle.cpp.o)
                              ym/ble-nrf51822/source/ble-nrf51822.a(nRF5xn.cpp.o) (btle_init)
ym/ble-nrf51822/source/ble-nrf51822.a(ble_radio_notification.c.o)
                              ym/ble-nrf51822/source/ble-nrf51822.a(nRF5xGap.cpp.o) (ble_radio_notification_init)
ym/ble-nrf51822/source/ble-nrf51822.a(pstorage.c.o)
                              ym/ble-nrf51822/source/ble-nrf51822.a(btle.cpp.o) (pstorage_sys_event_handler)
ym/ble-nrf51822/source/ble-nrf51822.a(btle_gap.cpp.o)
                              ym/ble-nrf51822/source/ble-nrf51822.a(btle.cpp.o) (btle_gap_init())
ym/ble-nrf51822/source/ble-nrf51822.a(nRF5xSecurityManager.cpp.o)
                              ym/ble-nrf51822/source/ble-nrf51822.a(nRF5xn.cpp.o) (nRF5xSecurityManager::getInstance())
ym/ble-nrf51822/source/ble-nrf51822.a(nRF5xGattClient.cpp.o)
                              ym/ble-nrf51822/source/ble-nrf51822.a(nRF5xn.cpp.o) (nRF5xGattClient::getInstance())
ym/ble-nrf51822/source/ble-nrf51822.a(device_manager_peripheral.c.o)
                              ym/ble-nrf51822/source/ble-nrf51822.a(btle.cpp.o) (dm_ble_evt_handler)
ym/ble-nrf51822/source/ble-nrf51822.a(custom_helper.cpp.o)
                              ym/ble-nrf51822/source/ble-nrf51822.a(nRF5xGattServer.cpp.o) (custom_convert_to_nordic_uuid)
ym/ble-nrf51822/source/ble-nrf51822.a(btle_discovery.cpp.o)
                              ym/ble-nrf51822/source/ble-nrf51822.a(btle.cpp.o) (bleGattcEventHandler(ble_evt_t const*))
ym/ble-nrf51822/source/ble-nrf51822.a(btle_security.cpp.o)
                              ym/ble-nrf51822/source/ble-nrf51822.a(nRF5xSecurityManager.cpp.o) (btle_initializeSecurity(bool, bool, SecurityManager::SecurityIOCapabilities_t, unsigned char const*))
ym/ble-nrf51822/source/ble-nrf51822.a(nRF5xServiceDiscovery.cpp.o)
                              ym/ble-nrf51822/source/ble-nrf51822.a(btle_discovery.cpp.o) (nRF5xServiceDiscovery::progressCharacteristicDiscovery())
ym/ble-nrf51822/source/ble-nrf51822.a(nRF5xDiscoveredCharacteristic.cpp.o)
                              ym/ble-nrf51822/source/ble-nrf51822.a(nRF5xServiceDiscovery.cpp.o) (nRF5xDiscoveredCharacteristic::setup(nRF5xGattClient*, unsigned short, ble_gatt_char_props_t, unsigned short, unsigned short))
ym/mbed-drivers/source/mbed-drivers.a(TimerEvent.cpp.o)
                              ym/ble-nrf51822/source/ble-nrf51822.a(nRF5xGap.cpp.o) (mbed::TimerEvent::TimerEvent())
ym/mbed-drivers/source/mbed-drivers.a(us_ticker_api.c.o)
                              ym/mbed-drivers/source/mbed-drivers.a(TimerEvent.cpp.o) (get_us_ticker_data)
ym/mbed-drivers/source/mbed-drivers.a(error.c.o)
                              ym/ble/source/ble.a(BLE.cpp.o) (error)
ym/mbed-drivers/source/mbed-drivers.a(ticker_api.c.o)
                              ym/mbed-drivers/source/mbed-drivers.a(TimerEvent.cpp.o) (ticker_set_handler)
ym/mbed-drivers/source/mbed-drivers.a(exit.c.o)
                              /usr/local/Cellar/gcc-arm-none-eabi-48/20140805/bin/../lib/gcc/arm-none-eabi/4.8.4/../../../../arm-none-eabi/lib/armv6-m/crt0.o (exit)
ym/mbed-drivers/source/mbed-drivers.a(Ticker.cpp.o)
                              ym/ble-nrf51822/source/ble-nrf51822.a(nRF5xGap.cpp.o) (mbed::Ticker::detach())
ym/mbed-drivers/source/mbed-drivers.a(retarget.cpp.o)
                              ym/ble-nrf51822/source/ble-nrf51822.a(nRF5xn.cpp.o) (__cxa_pure_virtual)
ym/mbed-drivers/source/mbed-drivers.a(InterruptIn.cpp.o)
                              source/CMakeFiles/mbed-hr-observer.dir/Users/jacobrosenthal/Downloads/mbed-hr-observer/source/main.cpp.o (mbed::InterruptIn::~InterruptIn())
ym/mbed-drivers/source/mbed-drivers.a(Timeout.cpp.o)
[...]
Memory Configuration

Name             Origin             Length             Attributes
FLASH            0x000000000001c000 0x0000000000024000 xr
RAM              0x0000000020002800 0x0000000000001800 xrw
*default*        0x0000000000000000 0xffffffffffffffff

Linker script and memory map

LOAD /usr/local/Cellar/gcc-arm-none-eabi-48/20140805/bin/../lib/gcc/arm-none-eabi/4.8.4/armv6-m/crti.o
LOAD /usr/local/Cellar/gcc-arm-none-eabi-48/20140805/bin/../lib/gcc/arm-none-eabi/4.8.4/armv6-m/crtbegin.o
LOAD /usr/local/Cellar/gcc-arm-none-eabi-48/20140805/bin/../lib/gcc/arm-none-eabi/4.8.4/../../../../arm-none-eabi/lib/armv6-m/crt0.o
START GROUP
LOAD source/CMakeFiles/mbed-hr-observer.dir/Users/jacobrosenthal/Downloads/mbed-hr-observer/source/main.cpp.o
LOAD ym/ble/source/ble.a
LOAD ym/ble-nrf51822/source/ble-nrf51822.a
LOAD ym/ble/source/ble.a
LOAD ym/ble-nrf51822/source/ble-nrf51822.a
LOAD ym/mbed-drivers/source/mbed-drivers.a
LOAD ym/mbed-hal/source/mbed-hal.a
LOAD ym/minar/source/minar.a
LOAD ym/core-util/source/core-util.a
LOAD ym/mbed-hal-nordic/yotta_dummy_lib_mbed_hal_nordic/mbed-hal-nordic.a
LOAD ym/minar-platform/yotta_dummy_lib_minar_platform/minar-platform.a
LOAD ym/mbed-hal-nrf51822-mcu/existing/mbed-hal-nrf51822-mcu.a
LOAD ym/minar-platform-mbed/source/minar-platform-mbed.a
LOAD ym/mbed-hal-mkit/source/mbed-hal-mkit.a
LOAD ym/mbed-drivers/source/mbed-drivers.a
LOAD ym/mbed-hal/source/mbed-hal.a
LOAD ym/minar/source/minar.a
LOAD ym/core-util/source/core-util.a
LOAD ym/mbed-hal-nordic/yotta_dummy_lib_mbed_hal_nordic/mbed-hal-nordic.a
LOAD ym/minar-platform/yotta_dummy_lib_minar_platform/minar-platform.a
LOAD ym/mbed-hal-nrf51822-mcu/existing/mbed-hal-nrf51822-mcu.a
LOAD ym/minar-platform-mbed/source/minar-platform-mbed.a
LOAD ym/mbed-hal-mkit/source/mbed-hal-mkit.a
LOAD ym/compiler-polyfill/yotta_dummy_lib_compiler_polyfill/compiler-polyfill.a
LOAD ym/ualloc/source/ualloc.a
LOAD ym/dlmalloc/source/dlmalloc.a
LOAD ym/cmsis-core/source/cmsis-core.a
LOAD ym/cmsis-core-nordic/yotta_dummy_lib_cmsis_core_nordic/cmsis-core-nordic.a
LOAD ym/cmsis-core-nrf51822/source/cmsis-core-nrf51822.a
LOAD ym/cmsis-core/source/cmsis-core.a
LOAD ym/cmsis-core-nordic/yotta_dummy_lib_cmsis_core_nordic/cmsis-core-nordic.a
LOAD ym/cmsis-core-nrf51822/source/cmsis-core-nrf51822.a
LOAD /usr/local/Cellar/gcc-arm-none-eabi-48/20140805/bin/../lib/gcc/arm-none-eabi/4.8.4/../../../../arm-none-eabi/lib/armv6-m/libstdc++_s.a
LOAD /usr/local/Cellar/gcc-arm-none-eabi-48/20140805/bin/../lib/gcc/arm-none-eabi/4.8.4/../../../../arm-none-eabi/lib/armv6-m/libsupc++_s.a
LOAD /usr/local/Cellar/gcc-arm-none-eabi-48/20140805/bin/../lib/gcc/arm-none-eabi/4.8.4/armv6-m/libgcc.a
LOAD /usr/local/Cellar/gcc-arm-none-eabi-48/20140805/bin/../lib/gcc/arm-none-eabi/4.8.4/../../../../arm-none-eabi/lib/armv6-m/libstdc++_s.a
LOAD /usr/local/Cellar/gcc-arm-none-eabi-48/20140805/bin/../lib/gcc/arm-none-eabi/4.8.4/../../../../arm-none-eabi/lib/armv6-m/libsupc++_s.a
LOAD /usr/local/Cellar/gcc-arm-none-eabi-48/20140805/bin/../lib/gcc/arm-none-eabi/4.8.4/../../../../arm-none-eabi/lib/armv6-m/libm.a
LOAD /usr/local/Cellar/gcc-arm-none-eabi-48/20140805/bin/../lib/gcc/arm-none-eabi/4.8.4/../../../../arm-none-eabi/lib/armv6-m/libc_s.a
LOAD /usr/local/Cellar/gcc-arm-none-eabi-48/20140805/bin/../lib/gcc/arm-none-eabi/4.8.4/armv6-m/libgcc.a
END GROUP
LOAD /usr/local/Cellar/gcc-arm-none-eabi-48/20140805/bin/../lib/gcc/arm-none-eabi/4.8.4/../../../../arm-none-eabi/lib/armv6-m/libstdc++_s.a
LOAD /usr/local/Cellar/gcc-arm-none-eabi-48/20140805/bin/../lib/gcc/arm-none-eabi/4.8.4/../../../../arm-none-eabi/lib/armv6-m/libm.a
LOAD /usr/local/Cellar/gcc-arm-none-eabi-48/20140805/bin/../lib/gcc/arm-none-eabi/4.8.4/../../../../arm-none-eabi/lib/armv6-m/libc_s.a
START GROUP
LOAD /usr/local/Cellar/gcc-arm-none-eabi-48/20140805/bin/../lib/gcc/arm-none-eabi/4.8.4/armv6-m/libgcc.a
LOAD /usr/local/Cellar/gcc-arm-none-eabi-48/20140805/bin/../lib/gcc/arm-none-eabi/4.8.4/../../../../arm-none-eabi/lib/armv6-m/libc_s.a
END GROUP
START GROUP
LOAD /usr/local/Cellar/gcc-arm-none-eabi-48/20140805/bin/../lib/gcc/arm-none-eabi/4.8.4/armv6-m/libgcc.a
LOAD /usr/local/Cellar/gcc-arm-none-eabi-48/20140805/bin/../lib/gcc/arm-none-eabi/4.8.4/../../../../arm-none-eabi/lib/armv6-m/libc_s.a
END GROUP
LOAD /usr/local/Cellar/gcc-arm-none-eabi-48/20140805/bin/../lib/gcc/arm-none-eabi/4.8.4/armv6-m/crtend.o
LOAD /usr/local/Cellar/gcc-arm-none-eabi-48/20140805/bin/../lib/gcc/arm-none-eabi/4.8.4/armv6-m/crtn.o

.text           0x000000000001c000     0xa3a0
 *(SORT(.Vectors))
 .Vectors       0x000000000001c000       0xc0 ym/mbed-hal-nrf51822-mcu/existing/mbed-hal-nrf51822-mcu.a(startup_nRF51822.S.obj)
                0x000000000001c000                __Vectors
 *(SORT(.text*))
 .text.us_ticker_read
                0x000000000001c0c0       0x38 ym/mbed-hal-nrf51822-mcu/existing/mbed-hal-nrf51822-mcu.a(us_ticker.c.o)
                0x000000000001c0c0                us_ticker_read
 .text.us_ticker_set_interrupt
                0x000000000001c0f8       0xd0 ym/mbed-hal-nrf51822-mcu/existing/mbed-hal-nrf51822-mcu.a(us_ticker.c.o)
                0x000000000001c0f8                us_ticker_set_interrupt
 .text          0x000000000001c1c8       0x60 /usr/local/Cellar/gcc-arm-none-eabi-48/20140805/bin/../lib/gcc/arm-none-eabi/4.8.4/armv6-m/crtbegin.o
 .text          0x000000000001c228       0x78 /usr/local/Cellar/gcc-arm-none-eabi-48/20140805/bin/../lib/gcc/arm-none-eabi/4.8.4/../../../../arm-none-eabi/lib/armv6-m/crt0.o
                0x000000000001c228                _mainCRTStartup
                0x000000000001c228                _start
 .text._ZN4mbed4util19FunctionPointerBindIvED2Ev
                0x000000000001c2a0       0x20 source/CMakeFiles/mbed-hr-observer.dir/Users/jacobrosenthal/Downloads/mbed-hr-observer/source/main.cpp.o
                0x000000000001c2a0                mbed::util::FunctionPointerBind<void>::~FunctionPointerBind()
                0x000000000001c2a0                mbed::util::FunctionPointerBind<void>::~FunctionPointerBind()
 .text._ZN4mbed4util19FunctionPointerBaseIvED2Ev
                0x000000000001c2c0        0xc source/CMakeFiles/mbed-hr-observer.dir/Users/jacobrosenthal/Downloads/mbed-hr-observer/source/main.cpp.o
                0x000000000001c2c0                mbed::util::FunctionPointerBase<void>::~FunctionPointerBase()
                0x000000000001c2c0                mbed::util::FunctionPointerBase<void>::~FunctionPointerBase()
 .text._ZN4mbed4util16FunctionPointer0IvED2Ev
                0x000000000001c2cc        0xc source/CMakeFiles/mbed-hr-observer.dir/Users/jacobrosenthal/Downloads/mbed-hr-observer/source/main.cpp.o
                0x000000000001c2cc                mbed::util::FunctionPointer0<void>::~FunctionPointer0()
                0x000000000001c2cc                mbed::util::FunctionPointer0<void>::~FunctionPointer0()
 .text._ZN4mbed4util19FunctionPointerBaseIvED0Ev
                0x000000000001c2d8       0x14 source/CMakeFiles/mbed-hr-observer.dir/Users/jacobrosenthal/Downloads/mbed-hr-observer/source/main.cpp.o
                0x000000000001c2d8                mbed::util::FunctionPointerBase<void>::~FunctionPointerBase()
 .text._ZN4mbed4util16FunctionPointer0IvED0Ev
                0x000000000001c2ec       0x14 source/CMakeFiles/mbed-hr-observer.dir/Users/jacobrosenthal/Downloads/mbed-hr-observer/source/main.cpp.o
                0x000000000001c2ec                mbed::util::FunctionPointer0<void>::~FunctionPointer0()
 .text._Z8stopScanv
                0x000000000001c300       0x34 source/CMakeFiles/mbed-hr-observer.dir/Users/jacobrosenthal/Downloads/mbed-hr-observer/source/main.cpp.o
                0x000000000001c300                stopScan()
 .text._Z9startScanv
                0x000000000001c334       0x38 source/CMakeFiles/mbed-hr-observer.dir/Users/jacobrosenthal/Downloads/mbed-hr-observer/source/main.cpp.o
                0x000000000001c334                startScan()
 .text._ZN4mbed4util19FunctionPointerBindIvE5clearEv
                0x000000000001c36c       0x20 source/CMakeFiles/mbed-hr-observer.dir/Users/jacobrosenthal/Downloads/mbed-hr-observer/source/main.cpp.o
                0x000000000001c36c                mbed::util::FunctionPointerBind<void>::clear()
 .text._Z21advertisementCallbackPKN3Gap29AdvertisementCallbackParams_tE
                0x000000000001c38c       0x80 source/CMakeFiles/mbed-hr-observer.dir/Users/jacobrosenthal/Downloads/mbed-hr-observer/source/main.cpp.o
                0x000000000001c38c                advertisementCallback(Gap::AdvertisementCallbackParams_t const*)
 .text.app_start
                0x000000000001c40c       0x74 source/CMakeFiles/mbed-hr-observer.dir/Users/jacobrosenthal/Downloads/mbed-hr-observer/source/main.cpp.o
                0x000000000001c40c                app_start
 .text._ZN4mbed4util19FunctionPointerBindIvE4bindINS0_16FunctionPointer0IvE10arg_structEEERS2_PKNS0_19FunctionPointerBaseIvE6ArgOpsEPT_PS9_z
                0x000000000001c480       0x60 source/CMakeFiles/mbed-hr-observer.dir/Users/jacobrosenthal/Downloads/mbed-hr-observer/source/main.cpp.o
                0x000000000001c480                mbed::util::FunctionPointerBind<void>& mbed::util::FunctionPointerBind<void>::bind<mbed::util::FunctionPointer0<void>::arg_struct>(mbed::util::FunctionPointerBase<void>::ArgOps const*, mbed::util::FunctionPointer0<void>::arg_struct*, mbed::util::FunctionPointerBase<void>*, ...)
 .text._ZN5minar9Scheduler12postCallbackEPFvvE
                0x000000000001c4e0       0x64 source/CMakeFiles/mbed-hr-observer.dir/Users/jacobrosenthal/Downloads/mbed-hr-observer/source/main.cpp.o
                0x000000000001c4e0                minar::Scheduler::postCallback(void (*)())
 .text._Z14buttonCallbackv
                0x000000000001c544       0x38 source/CMakeFiles/mbed-hr-observer.dir/Users/jacobrosenthal/Downloads/mbed-hr-observer/source/main.cpp.o
                0x000000000001c544                buttonCallback()
 .text.startup._GLOBAL__sub_I_led
                0x000000000001c57c       0x30 source/CMakeFiles/mbed-hr-observer.dir/Users/jacobrosenthal/Downloads/mbed-hr-observer/source/main.cpp.o
 .text._ZN3BLEC2Ej
                0x000000000001c5ac       0x2c ym/ble/source/ble.a(BLE.cpp.o)
                0x000000000001c5ac                BLE::BLE(unsigned int)
                0x000000000001c5ac                BLE::BLE(unsigned int)
 .text._ZN3BLE8InstanceEj
                0x000000000001c5d8       0x44 ym/ble/source/ble.a(BLE.cpp.o)
                0x000000000001c5d8                BLE::Instance(unsigned int)
 .text._ZN3BLE3gapEv
                0x000000000001c61c       0x20 ym/ble/source/ble.a(BLE.cpp.o)
                0x000000000001c61c                BLE::gap()
 .text._ZN17GapScanningParamsC2Etttb
                0x000000000001c63c       0x68 ym/ble/source/ble.a(GapScanningParams.cpp.o)
                0x000000000001c63c                GapScanningParams::GapScanningParams(unsigned short, unsigned short, unsigned short, bool)
                0x000000000001c63c                GapScanningParams::GapScanningParams(unsigned short, unsigned short, unsigned short, bool)
 .text._ZN17GapScanningParams11setIntervalEt
                0x000000000001c6a4       0x30 ym/ble/source/ble.a(GapScanningParams.cpp.o)
                0x000000000001c6a4                GapScanningParams::setInterval(unsigned short)
 .text._ZN17GapScanningParams9setWindowEt
                0x000000000001c6d4       0x30 ym/ble/source/ble.a(GapScanningParams.cpp.o)
                0x000000000001c6d4                GapScanningParams::setWindow(unsigned short)
 .text._ZN6nRF5xnD2Ev
                0x000000000001c704        0xc ym/ble-nrf51822/source/ble-nrf51822.a(nRF5xn.cpp.o)
                0x000000000001c704                nRF5xn::~nRF5xn()
                0x000000000001c704                nRF5xn::~nRF5xn()
 .text._ZN6nRF5xnD0Ev
                0x000000000001c710       0x18 ym/ble-nrf51822/source/ble-nrf51822.a(nRF5xn.cpp.o)
                0x000000000001c710                nRF5xn::~nRF5xn()
 .text._ZN6nRF5xn10getVersionEv
                0x000000000001c728       0x7c ym/ble-nrf51822/source/ble-nrf51822.a(nRF5xn.cpp.o)
                0x000000000001c728                nRF5xn::getVersion()
 .text._Z17createBLEInstancev
                0x000000000001c7a4        0x8 ym/ble-nrf51822/source/ble-nrf51822.a(nRF5xn.cpp.o)
                0x000000000001c7a4                createBLEInstance()
 .text.startup._GLOBAL__sub_I__Z17createBLEInstancev
                0x000000000001c7ac       0x2c ym/ble-nrf51822/source/ble-nrf51822.a(nRF5xn.cpp.o)
 .text._ZNK3Gap25getMaxAdvertisingIntervalEv
                0x000000000001c7d8        0x8 ym/ble-nrf51822/source/ble-nrf51822.a(nRF5xGap.cpp.o)
                0x000000000001c7d8                Gap::getMaxAdvertisingInterval() const
 .text._ZN8nRF5xGap16startAdvertisingERK20GapAdvertisingParams
                0x000000000001c7e0       0x6c ym/ble-nrf51822/source/ble-nrf51822.a(nRF5xGap.cpp.o)
                0x000000000001c7e0                nRF5xGap::startAdvertising(GapAdvertisingParams const&)
 .text._ZN8nRF5xGap7connectEPKhN3Gap13AddressType_tEPKNS2_18ConnectionParams_tEPK17GapScanningParams
                0x000000000001c84c       0xc4 ym/ble-nrf51822/source/ble-nrf51822.a(nRF5xGap.cpp.o)
                0x000000000001c84c                nRF5xGap::connect(unsigned char const*, Gap::AddressType_t, Gap::ConnectionParams_t const*, GapScanningParams const*)
 .text._ZN8nRF5xGap25getPermittedTxPowerValuesEPPKaPj
                0x000000000001c910       0x10 ym/ble-nrf51822/source/ble-nrf51822.a(nRF5xGap.cpp.o)
                0x000000000001c910                nRF5xGap::getPermittedTxPowerValues(signed char const**, unsigned int*)
 .text._ZN4mbed4util16FunctionPointer1IvbED2Ev
                0x000000000001c920        0xc ym/ble-nrf51822/source/ble-nrf51822.a(nRF5xGap.cpp.o)
                0x000000000001c920                mbed::util::FunctionPointer1<void, bool>::~FunctionPointer1()
                0x000000000001c920                mbed::util::FunctionPointer1<void, bool>::~FunctionPointer1()
 .text._ZN4mbed4util16FunctionPointer1IvbED0Ev
                0x000000000001c92c       0x14 ym/ble-nrf51822/source/ble-nrf51822.a(nRF5xGap.cpp.o)
                0x000000000001c92c                mbed::util::FunctionPointer1<void, bool>::~FunctionPointer1()
 .text._ZN4mbed6TickerD2Ev
                0x000000000001c940       0x24 ym/ble-nrf51822/source/ble-nrf51822.a(nRF5xGap.cpp.o)
                0x000000000001c940                mbed::Ticker::~Ticker()
                0x000000000001c940                mbed::Ticker::~Ticker()
 .text._ZN4mbed7TimeoutD2Ev
                0x000000000001c964       0x14 ym/ble-nrf51822/source/ble-nrf51822.a(nRF5xGap.cpp.o)
                0x000000000001c964                mbed::Timeout::~Timeout()
                0x000000000001c964                mbed::Timeout::~Timeout()
 .text._ZN8nRF5xGap21initRadioNotificationEv
                0x000000000001c978       0x20 ym/ble-nrf51822/source/ble-nrf51822.a(nRF5xGap.cpp.o)
                0x000000000001c978                nRF5xGap::initRadioNotification()
 .text._ZN38CallChainOfFunctionPointersWithContextIPKN3Gap26ConnectionCallbackParams_tEED2Ev
                0x000000000001c998       0x24 ym/ble-nrf51822/source/ble-nrf51822.a(nRF5xGap.cpp.o)
                0x000000000001c998                CallChainOfFunctionPointersWithContext<Gap::ConnectionCallbackParams_t const*>::~CallChainOfFunctionPointersWithContext()
                0x000000000001c998                CallChainOfFunctionPointersWithContext<Gap::ConnectionCallbackParams_t const*>::~CallChainOfFunctionPointersWithContext()
 .text._ZN38CallChainOfFunctionPointersWithContextIPKN3Gap29DisconnectionCallbackParams_tEED2Ev
                0x000000000001c9bc       0x24 ym/ble-nrf51822/source/ble-nrf51822.a(nRF5xGap.cpp.o)
                0x000000000001c9bc                CallChainOfFunctionPointersWithContext<Gap::DisconnectionCallbackParams_t const*>::~CallChainOfFunctionPointersWithContext()
                0x000000000001c9bc                CallChainOfFunctionPointersWithContext<Gap::DisconnectionCallbackParams_t const*>::~CallChainOfFunctionPointersWithContext()
 .text._ZN8nRF5xGapD2Ev
                0x000000000001c9e0       0x30 ym/ble-nrf51822/source/ble-nrf51822.a(nRF5xGap.cpp.o)
                0x000000000001c9e0                nRF5xGap::~nRF5xGap()
                0x000000000001c9e0                nRF5xGap::~nRF5xGap()
 .text._ZN4mbed4util19FunctionPointerBaseIvEC2Ev
                0x000000000001ca10       0x20 ym/ble-nrf51822/source/ble-nrf51822.a(nRF5xGap.cpp.o)
                0x000000000001ca10                mbed::util::FunctionPointerBase<void>::FunctionPointerBase()
                0x000000000001ca10                mbed::util::FunctionPointerBase<void>::FunctionPointerBase()
 .text._ZN8nRF5xGap11getInstanceEv
                0x000000000001ca30      0x15c ym/ble-nrf51822/source/ble-nrf51822.a(nRF5xGap.cpp.o)
                0x000000000001ca30                nRF5xGap::getInstance()
 .text._Z31radioNotificationStaticCallbackb
                0x000000000001cb8c       0x30 ym/ble-nrf51822/source/ble-nrf51822.a(nRF5xGap.cpp.o)
                0x000000000001cb8c                radioNotificationStaticCallback(bool)
 .text._ZN4mbed4util19FunctionPointerBindIvE4bindINS0_16FunctionPointer1IvbE10arg_structEEERS2_PKNS0_19FunctionPointerBaseIvE6ArgOpsEPT_PS9_z
                0x000000000001cbbc       0x60 ym/ble-nrf51822/source/ble-nrf51822.a(nRF5xGap.cpp.o)
                0x000000000001cbbc                mbed::util::FunctionPointerBind<void>& mbed::util::FunctionPointerBind<void>::bind<mbed::util::FunctionPointer1<void, bool>::arg_struct>(mbed::util::FunctionPointerBase<void>::ArgOps const*, mbed::util::FunctionPointer1<void, bool>::arg_struct*, mbed::util::FunctionPointerBase<void>*, ...)
 .text._ZN8nRF5xGap29postRadioNotificationCallbackEv
                0x000000000001cc1c       0x70 ym/ble-nrf51822/source/ble-nrf51822.a(nRF5xGap.cpp.o)
                0x000000000001cc1c                nRF5xGap::postRadioNotificationCallback()
 .text._ZN15nRF5xGattServer4readEtPhPt
                0x000000000001cc8c       0x1c ym/ble-nrf51822/source/ble-nrf51822.a(nRF5xGattServer.cpp.o)
                0x000000000001cc8c                nRF5xGattServer::read(unsigned short, unsigned char*, unsigned short*)
 .text._ZN15nRF5xGattServer5writeEtPKhtb
                0x000000000001cca8       0x20 ym/ble-nrf51822/source/ble-nrf51822.a(nRF5xGattServer.cpp.o)
                0x000000000001cca8                nRF5xGattServer::write(unsigned short, unsigned char const*, unsigned short, bool)
 .text._ZN38CallChainOfFunctionPointersWithContextIjED2Ev
                0x000000000001ccc8       0x24 ym/ble-nrf51822/source/ble-nrf51822.a(nRF5xGattServer.cpp.o)
                0x000000000001ccc8                CallChainOfFunctionPointersWithContext<unsigned int>::~CallChainOfFunctionPointersWithContext()
                0x000000000001ccc8                CallChainOfFunctionPointersWithContext<unsigned int>::~CallChainOfFunctionPointersWithContext()
 .text._ZN38CallChainOfFunctionPointersWithContextIPK23GattWriteCallbackParamsED2Ev
                0x000000000001ccec       0x24 ym/ble-nrf51822/source/ble-nrf51822.a(nRF5xGattServer.cpp.o)
                0x000000000001ccec                CallChainOfFunctionPointersWithContext<GattWriteCallbackParams const*>::~CallChainOfFunctionPointersWithContext()
                0x000000000001ccec                CallChainOfFunctionPointersWithContext<GattWriteCallbackParams const*>::~CallChainOfFunctionPointersWithContext()
 .text._ZN38CallChainOfFunctionPointersWithContextIPK22GattReadCallbackParamsED2Ev
                0x000000000001cd10       0x24 ym/ble-nrf51822/source/ble-nrf51822.a(nRF5xGattServer.cpp.o)
                0x000000000001cd10                CallChainOfFunctionPointersWithContext<GattReadCallbackParams const*>::~CallChainOfFunctionPointersWithContext()
                0x000000000001cd10                CallChainOfFunctionPointersWithContext<GattReadCallbackParams const*>::~CallChainOfFunctionPointersWithContext()
 .text._ZN15nRF5xGattServerD2Ev
                0x000000000001cd34       0x28 ym/ble-nrf51822/source/ble-nrf51822.a(nRF5xGattServer.cpp.o)
                0x000000000001cd34                nRF5xGattServer::~nRF5xGattServer()
                0x000000000001cd34                nRF5xGattServer::~nRF5xGattServer()
 .text._ZN15nRF5xGattServer5writeEttPKhtb
                0x000000000001cd5c       0xe0 ym/ble-nrf51822/source/ble-nrf51822.a(nRF5xGattServer.cpp.o)
                0x000000000001cd5c                nRF5xGattServer::write(unsigned short, unsigned short, unsigned char const*, unsigned short, bool)
 .text._ZN15nRF5xGattServer10addServiceER11GattService
                0x000000000001ce3c      0x1c0 ym/ble-nrf51822/source/ble-nrf51822.a(nRF5xGattServer.cpp.o)
                0x000000000001ce3c                nRF5xGattServer::addService(GattService&)
 .text._ZN15nRF5xGattServer11getInstanceEv
                0x000000000001cffc       0xcc ym/ble-nrf51822/source/ble-nrf51822.a(nRF5xGattServer.cpp.o)
                0x000000000001cffc                nRF5xGattServer::getInstance()
 .text.intern_softdevice_events_execute
                0x000000000001d0c8       0xac ym/ble-nrf51822/source/ble-nrf51822.a(softdevice_handler.c.o)
                0x000000000001d0c8                intern_softdevice_events_execute
 .text.softdevice_handler_init
                0x000000000001d174       0x48 ym/ble-nrf51822/source/ble-nrf51822.a(softdevice_handler.c.o)
                0x000000000001d174                softdevice_handler_init
 .text.softdevice_handler_sd_disable
                0x000000000001d1bc       0x18 ym/ble-nrf51822/source/ble-nrf51822.a(softdevice_handler.c.o)
                0x000000000001d1bc                softdevice_handler_sd_disable
 .text.softdevice_ble_evt_handler_set
                0x000000000001d1d4       0x14 ym/ble-nrf51822/source/ble-nrf51822.a(softdevice_handler.c.o)
                0x000000000001d1d4                softdevice_ble_evt_handler_set
 .text.softdevice_sys_evt_handler_set
                0x000000000001d1e8       0x14 ym/ble-nrf51822/source/ble-nrf51822.a(softdevice_handler.c.o)
                0x000000000001d1e8                softdevice_sys_evt_handler_set
 .text.SWI2_IRQHandler
                0x000000000001d1fc       0x24 ym/ble-nrf51822/source/ble-nrf51822.a(softdevice_handler.c.o)
                0x000000000001d1fc                SWI2_IRQHandler
 .text._ZL12btle_handlerP9ble_evt_t
                0x000000000001d220      0x150 ym/ble-nrf51822/source/ble-nrf51822.a(btle.cpp.o)
 .text.btle_init
                0x000000000001d370       0xa0 ym/ble-nrf51822/source/ble-nrf51822.a(btle.cpp.o)
                0x000000000001d370                btle_init
 .text.app_error_handler
                0x000000000001d410       0x20 ym/ble-nrf51822/source/ble-nrf51822.a(btle.cpp.o)
                0x000000000001d410                app_error_handler
 .text._ZL12eventHandlerv
                0x000000000001d430       0x6c ym/ble-nrf51822/source/ble-nrf51822.a(btle.cpp.o)
 .text.SWI1_IRQHandler
                0x000000000001d49c       0x20 ym/ble-nrf51822/source/ble-nrf51822.a(ble_radio_notification.c.o)
                0x000000000001d49c                SWI1_IRQHandler
 .text.ble_radio_notification_init
                0x000000000001d4bc       0x38 ym/ble-nrf51822/source/ble-nrf51822.a(ble_radio_notification.c.o)
                0x000000000001d4bc                ble_radio_notification_init
 .text.app_notify
                0x000000000001d4f4       0x30 ym/ble-nrf51822/source/ble-nrf51822.a(pstorage.c.o)
 .text.swap_state_process
                0x000000000001d524      0x198 ym/ble-nrf51822/source/ble-nrf51822.a(pstorage.c.o)
 .text.cmd_process
                0x000000000001d6bc       0xdc ym/ble-nrf51822/source/ble-nrf51822.a(pstorage.c.o)
 .text.cmd_queue_enqueue
                0x000000000001d798       0x54 ym/ble-nrf51822/source/ble-nrf51822.a(pstorage.c.o)
 .text.cmd_queue_dequeue
                0x000000000001d7ec       0x28 ym/ble-nrf51822/source/ble-nrf51822.a(pstorage.c.o)
 .text.pstorage_sys_event_handler
                0x000000000001d814      0x110 ym/ble-nrf51822/source/ble-nrf51822.a(pstorage.c.o)
                0x000000000001d814                pstorage_sys_event_handler
 .text.pstorage_init
                0x000000000001d924       0xc8 ym/ble-nrf51822/source/ble-nrf51822.a(pstorage.c.o)
                0x000000000001d924                pstorage_init
 .text.pstorage_register
                0x000000000001d9ec      0x120 ym/ble-nrf51822/source/ble-nrf51822.a(pstorage.c.o)
                0x000000000001d9ec                pstorage_register
 .text.pstorage_block_identifier_get
                0x000000000001db0c       0x50 ym/ble-nrf51822/source/ble-nrf51822.a(pstorage.c.o)
                0x000000000001db0c                pstorage_block_identifier_get
 .text.pstorage_store
                0x000000000001db5c       0x80 ym/ble-nrf51822/source/ble-nrf51822.a(pstorage.c.o)
                0x000000000001db5c                pstorage_store
 .text.pstorage_update
                0x000000000001dbdc       0x80 ym/ble-nrf51822/source/ble-nrf51822.a(pstorage.c.o)
                0x000000000001dbdc                pstorage_update
 .text.pstorage_load
                0x000000000001dc5c       0x90 ym/ble-nrf51822/source/ble-nrf51822.a(pstorage.c.o)
                0x000000000001dc5c                pstorage_load
 .text.pstorage_clear
                0x000000000001dcec       0x60 ym/ble-nrf51822/source/ble-nrf51822.a(pstorage.c.o)
                0x000000000001dcec                pstorage_clear
 .text._Z13btle_gap_initv
                0x000000000001dd4c       0x50 ym/ble-nrf51822/source/ble-nrf51822.a(btle_gap.cpp.o)
                0x000000000001dd4c                btle_gap_init()
 .text._ZN20nRF5xSecurityManager11getInstanceEv
                0x000000000001dd9c       0x2c ym/ble-nrf51822/source/ble-nrf51822.a(nRF5xSecurityManager.cpp.o)
                0x000000000001dd9c                nRF5xSecurityManager::getInstance()
 .text._ZNK15nRF5xGattClient5writeEN10GattClient9WriteOp_tEttjPKh
                0x000000000001ddc8       0x40 ym/ble-nrf51822/source/ble-nrf51822.a(nRF5xGattClient.cpp.o)
                0x000000000001ddc8                nRF5xGattClient::write(GattClient::WriteOp_t, unsigned short, unsigned short, unsigned int, unsigned char const*) const
 .text._ZN21nRF5xServiceDiscovery6launchEtPFvPK17DiscoveredServiceEPFvPK24DiscoveredCharacteristicERK4UUIDSC_
                0x000000000001de08       0x78 ym/ble-nrf51822/source/ble-nrf51822.a(nRF5xGattClient.cpp.o)
                0x000000000001de08                nRF5xServiceDiscovery::launch(unsigned short, void (*)(DiscoveredService const*), void (*)(DiscoveredCharacteristic const*), UUID const&, UUID const&)
 .text._ZN15nRF5xGattClient11getInstanceEv
                0x000000000001de80       0xd0 ym/ble-nrf51822/source/ble-nrf51822.a(nRF5xGattClient.cpp.o)
                0x000000000001de80                nRF5xGattClient::getInstance()
 .text.gatts_context_store
                0x000000000001df50       0xb8 ym/ble-nrf51822/source/ble-nrf51822.a(device_manager_peripheral.c.o)
 .text.device_context_store
                0x000000000001e008       0xb8 ym/ble-nrf51822/source/ble-nrf51822.a(device_manager_peripheral.c.o)
 .text.gatts_context_apply
                0x000000000001e0c0       0xbc ym/ble-nrf51822/source/ble-nrf51822.a(device_manager_peripheral.c.o)
 .text.gatts_context_load
                0x000000000001e17c       0x34 ym/ble-nrf51822/source/ble-nrf51822.a(device_manager_peripheral.c.o)
 .text.dm_pstorage_cb_handler
                0x000000000001e1b0      0x130 ym/ble-nrf51822/source/ble-nrf51822.a(device_manager_peripheral.c.o)
 .text.peer_instance_init
                0x000000000001e2e0       0x48 ym/ble-nrf51822/source/ble-nrf51822.a(device_manager_peripheral.c.o)
 .text.device_instance_free
                0x000000000001e328       0x2c ym/ble-nrf51822/source/ble-nrf51822.a(device_manager_peripheral.c.o)
 .text.dm_init  0x000000000001e354       0xe4 ym/ble-nrf51822/source/ble-nrf51822.a(device_manager_peripheral.c.o)
                0x000000000001e354                dm_init
 .text.dm_register
                0x000000000001e438       0x74 ym/ble-nrf51822/source/ble-nrf51822.a(device_manager_peripheral.c.o)
                0x000000000001e438                dm_register
 .text.dm_security_status_req
                0x000000000001e4ac       0x70 ym/ble-nrf51822/source/ble-nrf51822.a(device_manager_peripheral.c.o)
                0x000000000001e4ac                dm_security_status_req
 .text.dm_device_delete_all
                0x000000000001e51c       0x58 ym/ble-nrf51822/source/ble-nrf51822.a(device_manager_peripheral.c.o)
                0x000000000001e51c                dm_device_delete_all
 .text.bond_data_load
                0x000000000001e574       0x48 ym/ble-nrf51822/source/ble-nrf51822.a(device_manager_peripheral.c.o)
                0x000000000001e574                bond_data_load
 .text.dm_ble_evt_handler
                0x000000000001e5bc      0x388 ym/ble-nrf51822/source/ble-nrf51822.a(device_manager_peripheral.c.o)
                0x000000000001e5bc                dm_ble_evt_handler
 .text.dm_handle_get
                0x000000000001e944       0x48 ym/ble-nrf51822/source/ble-nrf51822.a(device_manager_peripheral.c.o)
                0x000000000001e944                dm_handle_get
 .text.custom_convert_to_nordic_uuid
                0x000000000001e98c       0xa4 ym/ble-nrf51822/source/ble-nrf51822.a(custom_helper.cpp.o)
                0x000000000001e98c                custom_convert_to_nordic_uuid
 .text._ZL10dm_handlerPK13device_handlePK10dm_event_tm
                0x000000000001ea30       0xc4 ym/ble-nrf51822/source/ble-nrf51822.a(btle_security.cpp.o)
 .text._Z23btle_initializeSecuritybbN15SecurityManager24SecurityIOCapabilities_tEPKh
                0x000000000001eaf4       0xcc ym/ble-nrf51822/source/ble-nrf51822.a(btle_security.cpp.o)
                0x000000000001eaf4                btle_initializeSecurity(bool, bool, SecurityManager::SecurityIOCapabilities_t, unsigned char const*)
 .text._Z25btle_purgeAllBondingStatev
                0x000000000001ebc0       0x28 ym/ble-nrf51822/source/ble-nrf51822.a(btle_security.cpp.o)
                0x000000000001ebc0                btle_purgeAllBondingState()
 .text._Z20btle_getLinkSecuritytPN15SecurityManager20LinkSecurityStatus_tE
                0x000000000001ebe8       0x4c ym/ble-nrf51822/source/ble-nrf51822.a(btle_security.cpp.o)
                0x000000000001ebe8                btle_getLinkSecurity(unsigned short, SecurityManager::LinkSecurityStatus_t*)
 .text._ZN21nRF5xServiceDiscovery29launchCharacteristicDiscoveryEttt
                0x000000000001ec34       0x4c ym/ble-nrf51822/source/ble-nrf51822.a(nRF5xServiceDiscovery.cpp.o)
                0x000000000001ec34                nRF5xServiceDiscovery::launchCharacteristicDiscovery(unsigned short, unsigned short, unsigned short)
 .text._ZN21nRF5xServiceDiscovery24progressServiceDiscoveryEv
                0x000000000001ec80       0xe4 ym/ble-nrf51822/source/ble-nrf51822.a(nRF5xServiceDiscovery.cpp.o)
                0x000000000001ec80                nRF5xServiceDiscovery::progressServiceDiscovery()
 .text._ZN21nRF5xServiceDiscovery25ServiceUUIDDiscoveryQueue12triggerFirstEv
                0x000000000001ed64       0x58 ym/ble-nrf51822/source/ble-nrf51822.a(nRF5xServiceDiscovery.cpp.o)
                0x000000000001ed64                nRF5xServiceDiscovery::ServiceUUIDDiscoveryQueue::triggerFirst()
 .text._ZN21nRF5xServiceDiscovery22CharUUIDDiscoveryQueue12triggerFirstEv
                0x000000000001edbc       0x58 ym/ble-nrf51822/source/ble-nrf51822.a(nRF5xServiceDiscovery.cpp.o)
                0x000000000001edbc                nRF5xServiceDiscovery::CharUUIDDiscoveryQueue::triggerFirst()
 .text._ZN21nRF5xServiceDiscovery27processDiscoverUUIDResponseEPK41ble_gattc_evt_char_val_by_uuid_read_rsp_t
                0x000000000001ee14       0xe4 ym/ble-nrf51822/source/ble-nrf51822.a(nRF5xServiceDiscovery.cpp.o)
                0x000000000001ee14                nRF5xServiceDiscovery::processDiscoverUUIDResponse(ble_gattc_evt_char_val_by_uuid_read_rsp_t const*)
 .text._ZN4mbed10TimerEventC2Ev
                0x000000000001eef8       0x2c ym/mbed-drivers/source/mbed-drivers.a(TimerEvent.cpp.o)
                0x000000000001eef8                mbed::TimerEvent::TimerEvent()
                0x000000000001eef8                mbed::TimerEvent::TimerEvent()
 .text._ZN4mbed10TimerEventD2Ev
                0x000000000001ef24       0x18 ym/mbed-drivers/source/mbed-drivers.a(TimerEvent.cpp.o)
                0x000000000001ef24                mbed::TimerEvent::~TimerEvent()
                0x000000000001ef24                mbed::TimerEvent::~TimerEvent()
 .text.get_us_ticker_data
                0x000000000001ef3c        0x8 ym/mbed-drivers/source/mbed-drivers.a(us_ticker_api.c.o)
                0x000000000001ef3c                get_us_ticker_data
 .text.us_ticker_irq_handler
                0x000000000001ef44       0x10 ym/mbed-drivers/source/mbed-drivers.a(us_ticker_api.c.o)
                0x000000000001ef44                us_ticker_irq_handler
 .text._ZN4mbed6Ticker6detachEv
                0x000000000001ef54       0x18 ym/mbed-drivers/source/mbed-drivers.a(Ticker.cpp.o)
                0x000000000001ef54                mbed::Ticker::detach()
 .text._ZN4mbed4util16FunctionPointer2IviPPcED2Ev
                0x000000000001ef6c        0xc ym/mbed-drivers/source/mbed-drivers.a(retarget.cpp.o)
                0x000000000001ef6c                mbed::util::FunctionPointer2<void, int, char**>::~FunctionPointer2()
                0x000000000001ef6c                mbed::util::FunctionPointer2<void, int, char**>::~FunctionPointer2()
 .text._ZN4mbed4util16FunctionPointer2IviPPcED0Ev
                0x000000000001ef78       0x14 ym/mbed-drivers/source/mbed-drivers.a(retarget.cpp.o)
                0x000000000001ef78                mbed::util::FunctionPointer2<void, int, char**>::~FunctionPointer2()
 .text._ZL11init_serialv
                0x000000000001ef8c       0x20 ym/mbed-drivers/source/mbed-drivers.a(retarget.cpp.o)
 .text._close   0x000000000001efac       0x2c ym/mbed-drivers/source/mbed-drivers.a(retarget.cpp.o)
                0x000000000001efac                _close
 .text._write   0x000000000001efd8       0x54 ym/mbed-drivers/source/mbed-drivers.a(retarget.cpp.o)
                0x000000000001efd8                _write
 .text._read    0x000000000001f02c       0x48 ym/mbed-drivers/source/mbed-drivers.a(retarget.cpp.o)
                0x000000000001f02c                _read
 .text._lseek   0x000000000001f074       0x28 ym/mbed-drivers/source/mbed-drivers.a(retarget.cpp.o)
                0x000000000001f074                _lseek
 .text._ZN4mbed4util19FunctionPointerBindIvE4bindINS0_16FunctionPointer2IviPPcE10arg_structEEERS2_PKNS0_19FunctionPointerBaseIvE6ArgOpsEPT_PSB_z
                0x000000000001f09c       0x60 ym/mbed-drivers/source/mbed-drivers.a(retarget.cpp.o)
                0x000000000001f09c                mbed::util::FunctionPointerBind<void>& mbed::util::FunctionPointerBind<void>::bind<mbed::util::FunctionPointer2<void, int, char**>::arg_struct>(mbed::util::FunctionPointerBase<void>::ArgOps const*, mbed::util::FunctionPointer2<void, int, char**>::arg_struct*, mbed::util::FunctionPointerBase<void>*, ...)
 .text.startup.main
                0x000000000001f0fc       0x80 ym/mbed-drivers/source/mbed-drivers.a(retarget.cpp.o)
                0x000000000001f0fc                main
 .text._ZN4mbed11InterruptInD2Ev
                0x000000000001f17c       0x24 ym/mbed-drivers/source/mbed-drivers.a(InterruptIn.cpp.o)
                0x000000000001f17c                mbed::InterruptIn::~InterruptIn()
                0x000000000001f17c                mbed::InterruptIn::~InterruptIn()
 .text._ZN4mbed11InterruptInC2E7PinName
                0x000000000001f1a0       0x88 ym/mbed-drivers/source/mbed-drivers.a(InterruptIn.cpp.o)
                0x000000000001f1a0                mbed::InterruptIn::InterruptIn(PinName)
                0x000000000001f1a0                mbed::InterruptIn::InterruptIn(PinName)
 .text._ZN4mbed11InterruptIn4riseEPFvvE
                0x000000000001f228       0x30 ym/mbed-drivers/source/mbed-drivers.a(InterruptIn.cpp.o)
                0x000000000001f228                mbed::InterruptIn::rise(void (*)())
 .text._ZN5minar12CallbackNode13get_allocatorEv
                0x000000000001f258       0x5c ym/minar/source/minar.a(minar.cpp.o)
                0x000000000001f258                minar::CallbackNode::get_allocator()
 .text._ZN4mbed4util19FunctionPointerBindIvEC2ERKS2_
                0x000000000001f2b4       0x5c ym/minar/source/minar.a(minar.cpp.o)
                0x000000000001f2b4                mbed::util::FunctionPointerBind<void>::FunctionPointerBind(mbed::util::FunctionPointerBind<void> const&)
                0x000000000001f2b4                mbed::util::FunctionPointerBind<void>::FunctionPointerBind(mbed::util::FunctionPointerBind<void> const&)
 .text._ZN5minar9Scheduler13CallbackAdderC2ERS0_N4mbed4util19FunctionPointerBindIvEE
                0x000000000001f310       0x24 ym/minar/source/minar.a(minar.cpp.o)
                0x000000000001f310                minar::Scheduler::CallbackAdder::CallbackAdder(minar::Scheduler&, mbed::util::FunctionPointerBind<void>)
                0x000000000001f310                minar::Scheduler::CallbackAdder::CallbackAdder(minar::Scheduler&, mbed::util::FunctionPointerBind<void>)
 .text._ZNK4mbed4util10BinaryHeapIPN5minar12CallbackNodeENS2_13SchedulerData19CallbackNodeCompareEE8get_rootEv
                0x000000000001f334       0x28 ym/minar/source/minar.a(minar.cpp.o)
                0x000000000001f334                mbed::util::BinaryHeap<minar::CallbackNode*, minar::SchedulerData::CallbackNodeCompare>::get_root() const
 .text._ZN5minar13SchedulerDataC2Ev
                0x000000000001f35c       0x60 ym/minar/source/minar.a(minar.cpp.o)
                0x000000000001f35c                minar::SchedulerData::SchedulerData()
                0x000000000001f35c                minar::SchedulerData::SchedulerData()
 .text._ZN5minar9Scheduler8instanceEv
                0x000000000001f3bc       0x38 ym/minar/source/minar.a(minar.cpp.o)
                0x000000000001f3bc                minar::Scheduler::instance()
 .text._ZN5minar9Scheduler12postCallbackERKN4mbed4util19FunctionPointerBindIvEE
                0x000000000001f3f4       0x34 ym/minar/source/minar.a(minar.cpp.o)
                0x000000000001f3f4                minar::Scheduler::postCallback(mbed::util::FunctionPointerBind<void> const&)
 .text._ZN5minar13SchedulerData5startEv
                0x000000000001f428      0x180 ym/minar/source/minar.a(minar.cpp.o)
                0x000000000001f428                minar::SchedulerData::start()
 .text._ZN5minar9Scheduler5startEv
                0x000000000001f5a8       0x18 ym/minar/source/minar.a(minar.cpp.o)
                0x000000000001f5a8                minar::Scheduler::start()
 .text._ZN5minar13SchedulerData11postGenericEN4mbed4util19FunctionPointerBindIvEEmmm
                0x000000000001f5c0       0x58 ym/minar/source/minar.a(minar.cpp.o)
                0x000000000001f5c0                minar::SchedulerData::postGeneric(mbed::util::FunctionPointerBind<void>, unsigned long, unsigned long, unsigned long)
 .text          0x000000000001f618       0x48 ym/mbed-hal-nrf51822-mcu/existing/mbed-hal-nrf51822-mcu.a(startup_nRF51822.S.obj)
                0x000000000001f618                Reset_Handler
                0x000000000001f654                NMI_Handler
                0x000000000001f656                HardFault_Handler
                0x000000000001f658                SVC_Handler
                0x000000000001f65a                PendSV_Handler
                0x000000000001f65c                SysTick_Handler
                0x000000000001f65e                TEMP_IRQHandler
                0x000000000001f65e                QDEC_IRQHandler
                0x000000000001f65e                SWI5_IRQHandler
                0x000000000001f65e                TIMER0_IRQHandler
                0x000000000001f65e                SWI0_IRQHandler
                0x000000000001f65e                TIMER1_IRQHandler
                0x000000000001f65e                ECB_IRQHandler
                0x000000000001f65e                Default_Handler
                0x000000000001f65e                ADC_IRQHandler
                0x000000000001f65e                SWI3_IRQHandler
                0x000000000001f65e                CCM_AAR_IRQHandler
                0x000000000001f65e                WDT_IRQHandler
                0x000000000001f65e                RNG_IRQHandler
                0x000000000001f65e                SPI0_TWI0_IRQHandler
                0x000000000001f65e                SPI1_TWI1_IRQHandler
                0x000000000001f65e                RTC0_IRQHandler
                0x000000000001f65e                POWER_CLOCK_IRQHandler
                0x000000000001f65e                RADIO_IRQHandler
                0x000000000001f65e                LPCOMP_IRQHandler
                0x000000000001f65e                SWI4_IRQHandler
 .text.GPIOTE_IRQHandler
                0x000000000001f660       0xf4 ym/mbed-hal-nrf51822-mcu/existing/mbed-hal-nrf51822-mcu.a(gpio_irq_api.c.o)
                0x000000000001f660                GPIOTE_IRQHandler
 .text.gpio_irq_init
                0x000000000001f754       0x60 ym/mbed-hal-nrf51822-mcu/existing/mbed-hal-nrf51822-mcu.a(gpio_irq_api.c.o)
                0x000000000001f754                gpio_irq_init
 .text.gpio_irq_free
                0x000000000001f7b4       0x10 ym/mbed-hal-nrf51822-mcu/existing/mbed-hal-nrf51822-mcu.a(gpio_irq_api.c.o)
                0x000000000001f7b4                gpio_irq_free
 .text.gpio_irq_set
                0x000000000001f7c4       0xa0 ym/mbed-hal-nrf51822-mcu/existing/mbed-hal-nrf51822-mcu.a(gpio_irq_api.c.o)
                0x000000000001f7c4                gpio_irq_set
 .text.setModulation.part.0
                0x000000000001f864       0x44 ym/mbed-hal-nrf51822-mcu/existing/mbed-hal-nrf51822-mcu.a(pwmout_api.c.o)
 .text.TIMER2_IRQHandler
                0x000000000001f8a8       0x64 ym/mbed-hal-nrf51822-mcu/existing/mbed-hal-nrf51822-mcu.a(pwmout_api.c.o)
                0x000000000001f8a8                TIMER2_IRQHandler
 .text.timer_init
                0x000000000001f90c       0x7c ym/mbed-hal-nrf51822-mcu/existing/mbed-hal-nrf51822-mcu.a(pwmout_api.c.o)
                0x000000000001f90c                timer_init
 .text.gpiote_init
                0x000000000001f988       0x50 ym/mbed-hal-nrf51822-mcu/existing/mbed-hal-nrf51822-mcu.a(pwmout_api.c.o)
                0x000000000001f988                gpiote_init
 .text.setModulation
                0x000000000001f9d8       0x50 ym/mbed-hal-nrf51822-mcu/existing/mbed-hal-nrf51822-mcu.a(pwmout_api.c.o)
                0x000000000001f9d8                setModulation
 .text.pwmout_write
                0x000000000001fa28       0xcc ym/mbed-hal-nrf51822-mcu/existing/mbed-hal-nrf51822-mcu.a(pwmout_api.c.o)
                0x000000000001fa28                pwmout_write
 .text.pwmout_period_us
                0x000000000001faf4       0x58 ym/mbed-hal-nrf51822-mcu/existing/mbed-hal-nrf51822-mcu.a(pwmout_api.c.o)
                0x000000000001faf4                pwmout_period_us
 .text.pwmout_period
                0x000000000001fb4c       0x20 ym/mbed-hal-nrf51822-mcu/existing/mbed-hal-nrf51822-mcu.a(pwmout_api.c.o)
                0x000000000001fb4c                pwmout_period
 .text.pwmout_init
                0x000000000001fb6c      0x17c ym/mbed-hal-nrf51822-mcu/existing/mbed-hal-nrf51822-mcu.a(pwmout_api.c.o)
                0x000000000001fb6c                pwmout_init
 .text.rtc1_getCounter64
                0x000000000001fce8       0x3c ym/mbed-hal-nrf51822-mcu/existing/mbed-hal-nrf51822-mcu.a(us_ticker.c.o)
 .text.RTC1_IRQHandler
                0x000000000001fd24       0x8c ym/mbed-hal-nrf51822-mcu/existing/mbed-hal-nrf51822-mcu.a(us_ticker.c.o)
                0x000000000001fd24                RTC1_IRQHandler
 .text.us_ticker_init
                0x000000000001fdb0       0x5c ym/mbed-hal-nrf51822-mcu/existing/mbed-hal-nrf51822-mcu.a(us_ticker.c.o)
                0x000000000001fdb0                us_ticker_init
 .text.us_ticker_disable_interrupt
                0x000000000001fe0c       0x28 ym/mbed-hal-nrf51822-mcu/existing/mbed-hal-nrf51822-mcu.a(us_ticker.c.o)
                0x000000000001fe0c                us_ticker_disable_interrupt
 .text.us_ticker_clear_interrupt
                0x000000000001fe34       0x10 ym/mbed-hal-nrf51822-mcu/existing/mbed-hal-nrf51822-mcu.a(us_ticker.c.o)
                0x000000000001fe34                us_ticker_clear_interrupt
 .text.gpio_init
                0x000000000001fe44       0x30 ym/mbed-hal-nrf51822-mcu/existing/mbed-hal-nrf51822-mcu.a(gpio_api.c.o)
                0x000000000001fe44                gpio_init
 .text.serial_baud
                0x000000000001fe74       0x48 ym/mbed-hal-nrf51822-mcu/existing/mbed-hal-nrf51822-mcu.a(serial_api.c.o)
                0x000000000001fe74                serial_baud
 .text.serial_init
                0x000000000001febc       0xc4 ym/mbed-hal-nrf51822-mcu/existing/mbed-hal-nrf51822-mcu.a(serial_api.c.o)
                0x000000000001febc                serial_init
 .text.UART0_IRQHandler
                0x000000000001ff80       0x4c ym/mbed-hal-nrf51822-mcu/existing/mbed-hal-nrf51822-mcu.a(serial_api.c.o)
                0x000000000001ff80                UART0_IRQHandler
 .text.serial_putc
                0x000000000001ffcc       0x1c ym/mbed-hal-nrf51822-mcu/existing/mbed-hal-nrf51822-mcu.a(serial_api.c.o)
                0x000000000001ffcc                serial_putc
 .text.pinmap_peripheral
                0x000000000001ffe8       0x20 ym/mbed-drivers/source/mbed-drivers.a(pinmap_common.c.o)
                0x000000000001ffe8                pinmap_peripheral
 .text.mbed_enter_sleep
                0x0000000000020008       0x20 ym/mbed-hal-nrf51822-mcu/existing/mbed-hal-nrf51822-mcu.a(sleep.c.o)
                0x0000000000020008                mbed_enter_sleep
 .text.lp_ticker_get_compare_match
                0x0000000000020028       0x10 ym/mbed-hal-nrf51822-mcu/existing/mbed-hal-nrf51822-mcu.a(lp_ticker.c.o)
                0x0000000000020028                lp_ticker_get_compare_match
 .text.lp_ticker_sleep_until
                0x0000000000020038       0x30 ym/mbed-hal-nrf51822-mcu/existing/mbed-hal-nrf51822-mcu.a(lp_ticker.c.o)
                0x0000000000020038                lp_ticker_sleep_until
 .text.mbed_urealloc
                0x0000000000020068       0x3c ym/ualloc/source/ualloc.a(ualloc.c.o)
                0x0000000000020068                mbed_urealloc
 .text.mbed_ufree
                0x00000000000200a4       0x20 ym/ualloc/source/ualloc.a(ualloc.c.o)
                0x00000000000200a4                mbed_ufree
 .text.dispose_chunk
                0x00000000000200c4      0x408 ym/dlmalloc/source/dlmalloc.a(dlmalloc.c.o)
 .text.init_mparams
                0x00000000000204cc       0x48 ym/dlmalloc/source/dlmalloc.a(dlmalloc.c.o)
 .text.try_realloc_chunk.isra.3.constprop.6
                0x0000000000020514      0x2a4 ym/dlmalloc/source/dlmalloc.a(dlmalloc.c.o)
 .text.init_top.constprop.16
                0x00000000000207b8       0x38 ym/dlmalloc/source/dlmalloc.a(dlmalloc.c.o)
 .text.segment_holding.constprop.17
                0x00000000000207f0       0x24 ym/dlmalloc/source/dlmalloc.a(dlmalloc.c.o)
 .text.dlmalloc
                0x0000000000020814      0xe7c ym/dlmalloc/source/dlmalloc.a(dlmalloc.c.o)
                0x0000000000020814                dlmalloc
 .text.dlfree   0x0000000000021690      0x454 ym/dlmalloc/source/dlmalloc.a(dlmalloc.c.o)
                0x0000000000021690                dlfree
 .text.SystemInit
                0x0000000000021ae4       0xb0 ym/cmsis-core-nrf51822/source/cmsis-core-nrf51822.a(system_nrf51.c.o)
                0x0000000000021ae4                SystemInit
 .text._Znwj    0x0000000000021b94       0x28 /usr/local/Cellar/gcc-arm-none-eabi-48/20140805/bin/../lib/gcc/arm-none-eabi/4.8.4/../../../../arm-none-eabi/lib/armv6-m/libstdc++_s.a(new_op.o)
                0x0000000000021b94                operator new(unsigned int)
 .text          0x0000000000021bbc       0x14 /usr/local/Cellar/gcc-arm-none-eabi-48/20140805/bin/../lib/gcc/arm-none-eabi/4.8.4/armv6-m/libgcc.a(_thumb1_case_uqi.o)
                0x0000000000021bbc                __gnu_thumb1_case_uqi
 .text          0x0000000000021bd0       0x9c /usr/local/Cellar/gcc-arm-none-eabi-48/20140805/bin/../lib/gcc/arm-none-eabi/4.8.4/armv6-m/libgcc.a(_udivsi3.o)
                0x0000000000021bd0                __udivsi3
                0x0000000000021bd0                __aeabi_uidiv
                0x0000000000021c58                __aeabi_uidivmod
 .text          0x0000000000021c6c        0x4 /usr/local/Cellar/gcc-arm-none-eabi-48/20140805/bin/../lib/gcc/arm-none-eabi/4.8.4/armv6-m/libgcc.a(_dvmd_tls.o)
                0x0000000000021c6c                __aeabi_ldiv0
                0x0000000000021c6c                __aeabi_idiv0
 .text          0x0000000000021c70       0x74 /usr/local/Cellar/gcc-arm-none-eabi-48/20140805/bin/../lib/gcc/arm-none-eabi/4.8.4/armv6-m/libgcc.a(_arm_cmpsf2.o)
                0x0000000000021c70                __aeabi_cfrcmple
                0x0000000000021c78                __aeabi_cfcmple
                0x0000000000021c78                __aeabi_cfcmpeq
                0x0000000000021c88                __aeabi_fcmpeq
                0x0000000000021c94                __aeabi_fcmplt
                0x0000000000021ca8                __aeabi_fcmple
                0x0000000000021cbc                __aeabi_fcmpgt
                0x0000000000021cd0                __aeabi_fcmpge
 .text          0x0000000000021ce4       0x40 /usr/local/Cellar/gcc-arm-none-eabi-48/20140805/bin/../lib/gcc/arm-none-eabi/4.8.4/armv6-m/libgcc.a(_aeabi_uldivmod.o)
                0x0000000000021ce4                __aeabi_uldivmod
 .text          0x0000000000021d24       0x44 /usr/local/Cellar/gcc-arm-none-eabi-48/20140805/bin/../lib/gcc/arm-none-eabi/4.8.4/armv6-m/libgcc.a(_muldi3.o)
                0x0000000000021d24                __aeabi_lmul
                0x0000000000021d24                __muldi3
 .text          0x0000000000021d68       0x30 /usr/local/Cellar/gcc-arm-none-eabi-48/20140805/bin/../lib/gcc/arm-none-eabi/4.8.4/armv6-m/libgcc.a(_fixunssfsi.o)
                0x0000000000021d68                __aeabi_f2uiz
                0x0000000000021d68                __fixunssfsi
 .text          0x0000000000021d98       0x6c /usr/local/Cellar/gcc-arm-none-eabi-48/20140805/bin/../lib/gcc/arm-none-eabi/4.8.4/armv6-m/libgcc.a(bpabi.o)
                0x0000000000021d98                __gnu_ldivmod_helper
                0x0000000000021dd0                __gnu_uldivmod_helper
 .text          0x0000000000021e04      0x24c /usr/local/Cellar/gcc-arm-none-eabi-48/20140805/bin/../lib/gcc/arm-none-eabi/4.8.4/armv6-m/libgcc.a(divsf3.o)
                0x0000000000021e04                __aeabi_fdiv
 .text          0x0000000000022050       0x54 /usr/local/Cellar/gcc-arm-none-eabi-48/20140805/bin/../lib/gcc/arm-none-eabi/4.8.4/armv6-m/libgcc.a(eqsf2.o)
                0x0000000000022050                __nesf2
                0x0000000000022050                __eqsf2
 .text          0x00000000000220a4       0x90 /usr/local/Cellar/gcc-arm-none-eabi-48/20140805/bin/../lib/gcc/arm-none-eabi/4.8.4/armv6-m/libgcc.a(gesf2.o)
                0x00000000000220a4                __gtsf2
                0x00000000000220a4                __gesf2
 .text          0x0000000000022134       0x98 /usr/local/Cellar/gcc-arm-none-eabi-48/20140805/bin/../lib/gcc/arm-none-eabi/4.8.4/armv6-m/libgcc.a(lesf2.o)
                0x0000000000022134                __lesf2
                0x0000000000022134                __ltsf2
 .text          0x00000000000221cc      0x254 /usr/local/Cellar/gcc-arm-none-eabi-48/20140805/bin/../lib/gcc/arm-none-eabi/4.8.4/armv6-m/libgcc.a(mulsf3.o)
                0x00000000000221cc                __aeabi_fmul
 .text          0x0000000000022420      0x2ec /usr/local/Cellar/gcc-arm-none-eabi-48/20140805/bin/../lib/gcc/arm-none-eabi/4.8.4/armv6-m/libgcc.a(subsf3.o)
                0x0000000000022420                __aeabi_fsub
 .text          0x000000000002270c       0x40 /usr/local/Cellar/gcc-arm-none-eabi-48/20140805/bin/../lib/gcc/arm-none-eabi/4.8.4/armv6-m/libgcc.a(fixsfsi.o)
                0x000000000002270c                __aeabi_f2iz
 .text          0x000000000002274c       0xb8 /usr/local/Cellar/gcc-arm-none-eabi-48/20140805/bin/../lib/gcc/arm-none-eabi/4.8.4/armv6-m/libgcc.a(floatsisf.o)
                0x000000000002274c                __aeabi_i2f
 .text          0x0000000000022804       0xa0 /usr/local/Cellar/gcc-arm-none-eabi-48/20140805/bin/../lib/gcc/arm-none-eabi/4.8.4/armv6-m/libgcc.a(floatunsisf.o)
                0x0000000000022804                __aeabi_ui2f
 .text          0x00000000000228a4       0x3c /usr/local/Cellar/gcc-arm-none-eabi-48/20140805/bin/../lib/gcc/arm-none-eabi/4.8.4/armv6-m/libgcc.a(_clzsi2.o)
                0x00000000000228a4                __clzsi2
 .text          0x00000000000228e0      0x3b8 /usr/local/Cellar/gcc-arm-none-eabi-48/20140805/bin/../lib/gcc/arm-none-eabi/4.8.4/armv6-m/libgcc.a(_divdi3.o)
                0x00000000000228e0                __divdi3
 .text          0x0000000000022c98      0x384 /usr/local/Cellar/gcc-arm-none-eabi-48/20140805/bin/../lib/gcc/arm-none-eabi/4.8.4/armv6-m/libgcc.a(_udivdi3.o)
                0x0000000000022c98                __udivdi3
 .text.__cxa_atexit
                0x000000000002301c       0x20 /usr/local/Cellar/gcc-arm-none-eabi-48/20140805/bin/../lib/gcc/arm-none-eabi/4.8.4/../../../../arm-none-eabi/lib/armv6-m/libc_s.a(lib_a-cxa_atexit.o)
                0x000000000002301c                __cxa_atexit
 .text.__errno  0x000000000002303c        0xc /usr/local/Cellar/gcc-arm-none-eabi-48/20140805/bin/../lib/gcc/arm-none-eabi/4.8.4/../../../../arm-none-eabi/lib/armv6-m/libc_s.a(lib_a-errno.o)
                0x000000000002303c                __errno
 .text.__libc_init_array
                0x0000000000023048       0x4c /usr/local/Cellar/gcc-arm-none-eabi-48/20140805/bin/../lib/gcc/arm-none-eabi/4.8.4/../../../../arm-none-eabi/lib/armv6-m/libc_s.a(lib_a-init.o)
                0x0000000000023048                __libc_init_array
 .text.malloc   0x0000000000023094       0x14 /usr/local/Cellar/gcc-arm-none-eabi-48/20140805/bin/../lib/gcc/arm-none-eabi/4.8.4/../../../../arm-none-eabi/lib/armv6-m/libc_s.a(lib_a-malloc.o)
                0x0000000000023094                malloc
 .text.free     0x00000000000230a8       0x14 /usr/local/Cellar/gcc-arm-none-eabi-48/20140805/bin/../lib/gcc/arm-none-eabi/4.8.4/../../../../arm-none-eabi/lib/armv6-m/libc_s.a(lib_a-malloc.o)
                0x00000000000230a8                free
 .text.setvbuf  0x00000000000230bc      0x10c /usr/local/Cellar/gcc-arm-none-eabi-48/20140805/bin/../lib/gcc/arm-none-eabi/4.8.4/../../../../arm-none-eabi/lib/armv6-m/libc_s.a(lib_a-setvbuf.o)
                0x00000000000230bc                setvbuf
 .text.raise    0x00000000000231c8       0x14 /usr/local/Cellar/gcc-arm-none-eabi-48/20140805/bin/../lib/gcc/arm-none-eabi/4.8.4/../../../../arm-none-eabi/lib/armv6-m/libc_s.a(lib_a-signal.o)
                0x00000000000231c8                raise
 .text._kill_r  0x00000000000231dc       0x24 /usr/local/Cellar/gcc-arm-none-eabi-48/20140805/bin/../lib/gcc/arm-none-eabi/4.8.4/../../../../arm-none-eabi/lib/armv6-m/libc_s.a(lib_a-signalr.o)
                0x00000000000231dc                _kill_r
 .text.snprintf
                0x0000000000023200       0x64 /usr/local/Cellar/gcc-arm-none-eabi-48/20140805/bin/../lib/gcc/arm-none-eabi/4.8.4/../../../../arm-none-eabi/lib/armv6-m/libc_s.a(lib_a-snprintf.o)
                0x0000000000023200                snprintf
                0x0000000000023200                sniprintf
 .text.__sread  0x0000000000023264       0x28 /usr/local/Cellar/gcc-arm-none-eabi-48/20140805/bin/../lib/gcc/arm-none-eabi/4.8.4/../../../../arm-none-eabi/lib/armv6-m/libc_s.a(lib_a-stdio.o)
                0x0000000000023264                __sread
 .text.__swrite
                0x000000000002328c       0x38 /usr/local/Cellar/gcc-arm-none-eabi-48/20140805/bin/../lib/gcc/arm-none-eabi/4.8.4/../../../../arm-none-eabi/lib/armv6-m/libc_s.a(lib_a-stdio.o)
                0x000000000002328c                __swrite
 .text.__sseek  0x00000000000232c4       0x2c /usr/local/Cellar/gcc-arm-none-eabi-48/20140805/bin/../lib/gcc/arm-none-eabi/4.8.4/../../../../arm-none-eabi/lib/armv6-m/libc_s.a(lib_a-stdio.o)
                0x00000000000232c4                __sseek
 .text.__ssputs_r
                0x00000000000232f0       0xc0 /usr/local/Cellar/gcc-arm-none-eabi-48/20140805/bin/../lib/gcc/arm-none-eabi/4.8.4/../../../../arm-none-eabi/lib/armv6-m/libc_s.a(lib_a-svfprintf.o)
                0x00000000000232f0                __ssputs_r
 .text._svfprintf_r
                0x00000000000233b0      0x1e0 /usr/local/Cellar/gcc-arm-none-eabi-48/20140805/bin/../lib/gcc/arm-none-eabi/4.8.4/../../../../arm-none-eabi/lib/armv6-m/libc_s.a(lib_a-svfprintf.o)
                0x00000000000233b0                _svfprintf_r
                0x00000000000233b0                _svfiprintf_r
 .text._printf_i
                0x0000000000023590      0x22c /usr/local/Cellar/gcc-arm-none-eabi-48/20140805/bin/../lib/gcc/arm-none-eabi/4.8.4/../../../../arm-none-eabi/lib/armv6-m/libc_s.a(lib_a-vfprintf_i.o)
                0x0000000000023590                _printf_i
 .text._write_r
                0x00000000000237bc       0x28 /usr/local/Cellar/gcc-arm-none-eabi-48/20140805/bin/../lib/gcc/arm-none-eabi/4.8.4/../../../../arm-none-eabi/lib/armv6-m/libc_s.a(lib_a-writer.o)
                0x00000000000237bc                _write_r
 .text._close_r
                0x00000000000237e4       0x24 /usr/local/Cellar/gcc-arm-none-eabi-48/20140805/bin/../lib/gcc/arm-none-eabi/4.8.4/../../../../arm-none-eabi/lib/armv6-m/libc_s.a(lib_a-closer.o)
                0x00000000000237e4                _close_r
 .text._fflush_r
                0x0000000000023808       0x58 /usr/local/Cellar/gcc-arm-none-eabi-48/20140805/bin/../lib/gcc/arm-none-eabi/4.8.4/../../../../arm-none-eabi/lib/armv6-m/libc_s.a(lib_a-fflush.o)
                0x0000000000023808                _fflush_r
 .text.std.isra.0
                0x0000000000023860       0x48 /usr/local/Cellar/gcc-arm-none-eabi-48/20140805/bin/../lib/gcc/arm-none-eabi/4.8.4/../../../../arm-none-eabi/lib/armv6-m/libc_s.a(lib_a-findfp.o)
 .text.__sinit  0x00000000000238a8       0x64 /usr/local/Cellar/gcc-arm-none-eabi-48/20140805/bin/../lib/gcc/arm-none-eabi/4.8.4/../../../../arm-none-eabi/lib/armv6-m/libc_s.a(lib_a-findfp.o)
                0x00000000000238a8                __sinit
 .text.__sfp    0x000000000002390c       0x7c /usr/local/Cellar/gcc-arm-none-eabi-48/20140805/bin/../lib/gcc/arm-none-eabi/4.8.4/../../../../arm-none-eabi/lib/armv6-m/libc_s.a(lib_a-findfp.o)
                0x000000000002390c                __sfp
 .text._lseek_r
                0x0000000000023988       0x28 /usr/local/Cellar/gcc-arm-none-eabi-48/20140805/bin/../lib/gcc/arm-none-eabi/4.8.4/../../../../arm-none-eabi/lib/armv6-m/libc_s.a(lib_a-lseekr.o)
                0x0000000000023988                _lseek_r
 .text._read_r  0x00000000000239b0       0x28 /usr/local/Cellar/gcc-arm-none-eabi-48/20140805/bin/../lib/gcc/arm-none-eabi/4.8.4/../../../../arm-none-eabi/lib/armv6-m/libc_s.a(lib_a-readr.o)
                0x00000000000239b0                _read_r
 .text.mbed_sbrk
                0x00000000000239d8       0x64 ym/core-util/source/core-util.a(sbrk.cpp.o)
                0x00000000000239d8                mbed_sbrk
 .text.mbed_krbs_ex
                0x0000000000023a3c       0x6c ym/core-util/source/core-util.a(sbrk.cpp.o)
                0x0000000000023a3c                mbed_krbs_ex
 .text._ZN4mbed4util19FunctionPointerBaseIvE17_null_constructorEPvSt9__va_list
                0x0000000000023aa8        0x2 source/CMakeFiles/mbed-hr-observer.dir/Users/jacobrosenthal/Downloads/mbed-hr-observer/source/main.cpp.o
                0x0000000000023aa8                mbed::util::FunctionPointerBase<void>::_null_constructor(void*, std::__va_list)
 .text._ZN4mbed4util19FunctionPointerBaseIvE15_null_copy_argsEPvS3_
                0x0000000000023aaa        0x2 source/CMakeFiles/mbed-hr-observer.dir/Users/jacobrosenthal/Downloads/mbed-hr-observer/source/main.cpp.o
                0x0000000000023aaa                mbed::util::FunctionPointerBase<void>::_null_copy_args(void*, void*)
 .text._ZN4mbed4util19FunctionPointerBaseIvE16_null_destructorEPv
                0x0000000000023aac        0x2 source/CMakeFiles/mbed-hr-observer.dir/Users/jacobrosenthal/Downloads/mbed-hr-observer/source/main.cpp.o
                0x0000000000023aac                mbed::util::FunctionPointerBase<void>::_null_destructor(void*)
 .text._ZN4mbed4util16FunctionPointer0IvE12staticcallerEPvPjS3_
                0x0000000000023aae        0x6 source/CMakeFiles/mbed-hr-observer.dir/Users/jacobrosenthal/Downloads/mbed-hr-observer/source/main.cpp.o
                0x0000000000023aae                mbed::util::FunctionPointer0<void>::staticcaller(void*, unsigned int*, void*)
 .text._ZN26FunctionPointerWithContextIPKN3Gap29AdvertisementCallbackParams_tEE14functioncallerEPS4_S3_
                0x0000000000023ab4        0xe source/CMakeFiles/mbed-hr-observer.dir/Users/jacobrosenthal/Downloads/mbed-hr-observer/source/main.cpp.o
                0x0000000000023ab4                FunctionPointerWithContext<Gap::AdvertisementCallbackParams_t const*>::functioncaller(FunctionPointerWithContext<Gap::AdvertisementCallbackParams_t const*>*, Gap::AdvertisementCallbackParams_t const*)
 .text._ZN26FunctionPointerWithContextIPN3BLE37InitializationCompleteCallbackContextEE14functioncallerEPS3_S2_
                0x0000000000023ac2        0xe source/CMakeFiles/mbed-hr-observer.dir/Users/jacobrosenthal/Downloads/mbed-hr-observer/source/main.cpp.o
                0x0000000000023ac2                FunctionPointerWithContext<BLE::InitializationCompleteCallbackContext*>::functioncaller(FunctionPointerWithContext<BLE::InitializationCompleteCallbackContext*>*, BLE::InitializationCompleteCallbackContext*)
 .text._ZN4mbed4util19FunctionPointerBindIvED0Ev
                0x0000000000023ad0       0x12 source/CMakeFiles/mbed-hr-observer.dir/Users/jacobrosenthal/Downloads/mbed-hr-observer/source/main.cpp.o
                0x0000000000023ad0                mbed::util::FunctionPointerBind<void>::~FunctionPointerBind()
 .text._ZN4mbed4util19FunctionPointerBaseIvE5clearEv
                0x0000000000023ae2       0x12 source/CMakeFiles/mbed-hr-observer.dir/Users/jacobrosenthal/Downloads/mbed-hr-observer/source/main.cpp.o
                0x0000000000023ae2                mbed::util::FunctionPointerBase<void>::clear()
 .text._Z15bleInitCompletePN3BLE37InitializationCompleteCallbackContextE
                0x0000000000023af4       0x4a source/CMakeFiles/mbed-hr-observer.dir/Users/jacobrosenthal/Downloads/mbed-hr-observer/source/main.cpp.o
                0x0000000000023af4                bleInitComplete(BLE::InitializationCompleteCallbackContext*)
 .text._Z11isHeartratePKhh
                0x0000000000023b3e       0x2e source/CMakeFiles/mbed-hr-observer.dir/Users/jacobrosenthal/Downloads/mbed-hr-observer/source/main.cpp.o
                0x0000000000023b3e                isHeartrate(unsigned char const*, unsigned char)
 .text._Z12getHeartRatePKhh
                0x0000000000023b6c       0x22 source/CMakeFiles/mbed-hr-observer.dir/Users/jacobrosenthal/Downloads/mbed-hr-observer/source/main.cpp.o
                0x0000000000023b6c                getHeartRate(unsigned char const*, unsigned char)
 .text._ZN3BLE18initImplementationE26FunctionPointerWithContextIPNS_37InitializationCompleteCallbackContextEE
                0x0000000000023b8e       0x38 ym/ble/source/ble.a(BLE.cpp.o)
                0x0000000000023b8e                BLE::initImplementation(FunctionPointerWithContext<BLE::InitializationCompleteCallbackContext*>)
 .text._ZN17GapScanningParams10setTimeoutEt
                0x0000000000023bc6        0x6 ym/ble/source/ble.a(GapScanningParams.cpp.o)
                0x0000000000023bc6                GapScanningParams::setTimeout(unsigned short)
 .text._ZN17GapScanningParams17setActiveScanningEb
                0x0000000000023bcc        0x4 ym/ble/source/ble.a(GapScanningParams.cpp.o)
                0x0000000000023bcc                GapScanningParams::setActiveScanning(bool)
 .text._ZL18sd_ble_version_getP13ble_version_t
                0x0000000000023bd0        0x4 ym/ble-nrf51822/source/ble-nrf51822.a(nRF5xn.cpp.o)
 .text._ZL15sd_app_evt_waitv
                0x0000000000023bd4        0x4 ym/ble-nrf51822/source/ble-nrf51822.a(nRF5xn.cpp.o)
 .text._ZNK6nRF5xn14hasInitializedEv
                0x0000000000023bd8        0x4 ym/ble-nrf51822/source/ble-nrf51822.a(nRF5xn.cpp.o)
                0x0000000000023bd8                nRF5xn::hasInitialized() const
 .text._ZN6nRF5xn12waitForEventEv
                0x0000000000023bdc        0x8 ym/ble-nrf51822/source/ble-nrf51822.a(nRF5xn.cpp.o)
                0x0000000000023bdc                nRF5xn::waitForEvent()
 .text._ZN6nRF5xn6getGapEv
                0x0000000000023be4        0x8 ym/ble-nrf51822/source/ble-nrf51822.a(nRF5xn.cpp.o)
                0x0000000000023be4                nRF5xn::getGap()
 .text._ZNK6nRF5xn6getGapEv
                0x0000000000023bec        0x8 ym/ble-nrf51822/source/ble-nrf51822.a(nRF5xn.cpp.o)
                0x0000000000023bec                nRF5xn::getGap() const
 .text._ZN6nRF5xn13getGattServerEv
                0x0000000000023bf4        0x8 ym/ble-nrf51822/source/ble-nrf51822.a(nRF5xn.cpp.o)
                0x0000000000023bf4                nRF5xn::getGattServer()
 .text._ZNK6nRF5xn13getGattServerEv
                0x0000000000023bfc        0x8 ym/ble-nrf51822/source/ble-nrf51822.a(nRF5xn.cpp.o)
                0x0000000000023bfc                nRF5xn::getGattServer() const
 .text._ZN6nRF5xn13getGattClientEv
                0x0000000000023c04        0x8 ym/ble-nrf51822/source/ble-nrf51822.a(nRF5xn.cpp.o)
                0x0000000000023c04                nRF5xn::getGattClient()
 .text._ZNK6nRF5xn18getSecurityManagerEv
                0x0000000000023c0c        0x8 ym/ble-nrf51822/source/ble-nrf51822.a(nRF5xn.cpp.o)
                0x0000000000023c0c                nRF5xn::getSecurityManager() const
 .text._ZN6nRF5xn18getSecurityManagerEv
                0x0000000000023c14        0x8 ym/ble-nrf51822/source/ble-nrf51822.a(nRF5xn.cpp.o)
                0x0000000000023c14                nRF5xn::getSecurityManager()
 .text._ZN6nRF5xn8shutdownEv
                0x0000000000023c1c       0x1e ym/ble-nrf51822/source/ble-nrf51822.a(nRF5xn.cpp.o)
                0x0000000000023c1c                nRF5xn::shutdown()
 .text._ZN26FunctionPointerWithContextIPN3BLE37InitializationCompleteCallbackContextEE4callES2_
                0x0000000000023c3a       0x16 ym/ble-nrf51822/source/ble-nrf51822.a(nRF5xn.cpp.o)
                0x0000000000023c3a                FunctionPointerWithContext<BLE::InitializationCompleteCallbackContext*>::call(BLE::InitializationCompleteCallbackContext*)
 .text._ZN6nRF5xn4initEj26FunctionPointerWithContextIPN3BLE37InitializationCompleteCallbackContextEE
                0x0000000000023c50       0x46 ym/ble-nrf51822/source/ble-nrf51822.a(nRF5xn.cpp.o)
                0x0000000000023c50                nRF5xn::init(unsigned int, FunctionPointerWithContext<BLE::InitializationCompleteCallbackContext*>)
 .text._ZL22sd_ble_gap_address_sethPK14ble_gap_addr_t
                0x0000000000023c96        0x4 ym/ble-nrf51822/source/ble-nrf51822.a(nRF5xGap.cpp.o)
 .text._ZL22sd_ble_gap_address_getP14ble_gap_addr_t
                0x0000000000023c9a        0x4 ym/ble-nrf51822/source/ble-nrf51822.a(nRF5xGap.cpp.o)
 .text._ZL23sd_ble_gap_adv_data_setPKhhS0_h
                0x0000000000023c9e        0x4 ym/ble-nrf51822/source/ble-nrf51822.a(nRF5xGap.cpp.o)
 .text._ZL20sd_ble_gap_adv_startPK20ble_gap_adv_params_t
                0x0000000000023ca2        0x4 ym/ble-nrf51822/source/ble-nrf51822.a(nRF5xGap.cpp.o)
 .text._ZL19sd_ble_gap_adv_stopv
                0x0000000000023ca6        0x4 ym/ble-nrf51822/source/ble-nrf51822.a(nRF5xGap.cpp.o)
 .text._ZL28sd_ble_gap_conn_param_updatetPK21ble_gap_conn_params_t
                0x0000000000023caa        0x4 ym/ble-nrf51822/source/ble-nrf51822.a(nRF5xGap.cpp.o)
 .text._ZL21sd_ble_gap_disconnectth
                0x0000000000023cae        0x4 ym/ble-nrf51822/source/ble-nrf51822.a(nRF5xGap.cpp.o)
 .text._ZL23sd_ble_gap_tx_power_seta
                0x0000000000023cb2        0x4 ym/ble-nrf51822/source/ble-nrf51822.a(nRF5xGap.cpp.o)
 .text._ZL25sd_ble_gap_appearance_sett
                0x0000000000023cb6        0x4 ym/ble-nrf51822/source/ble-nrf51822.a(nRF5xGap.cpp.o)
 .text._ZL25sd_ble_gap_appearance_getPt
                0x0000000000023cba        0x4 ym/ble-nrf51822/source/ble-nrf51822.a(nRF5xGap.cpp.o)
 .text._ZL19sd_ble_gap_ppcp_setPK21ble_gap_conn_params_t
                0x0000000000023cbe        0x4 ym/ble-nrf51822/source/ble-nrf51822.a(nRF5xGap.cpp.o)
 .text._ZL19sd_ble_gap_ppcp_getP21ble_gap_conn_params_t
                0x0000000000023cc2        0x4 ym/ble-nrf51822/source/ble-nrf51822.a(nRF5xGap.cpp.o)
 .text._ZL26sd_ble_gap_device_name_setPK23ble_gap_conn_sec_mode_tPKht
                0x0000000000023cc6        0x4 ym/ble-nrf51822/source/ble-nrf51822.a(nRF5xGap.cpp.o)
 .text._ZL26sd_ble_gap_device_name_getPhPt
                0x0000000000023cca        0x4 ym/ble-nrf51822/source/ble-nrf51822.a(nRF5xGap.cpp.o)
 .text._ZL21sd_ble_gap_scan_startPK21ble_gap_scan_params_t
                0x0000000000023cce        0x4 ym/ble-nrf51822/source/ble-nrf51822.a(nRF5xGap.cpp.o)
 .text._ZL20sd_ble_gap_scan_stopv
                0x0000000000023cd2        0x4 ym/ble-nrf51822/source/ble-nrf51822.a(nRF5xGap.cpp.o)
 .text._ZL18sd_ble_gap_connectPK14ble_gap_addr_tPK21ble_gap_scan_params_tPK21ble_gap_conn_params_t
                0x0000000000023cd6        0x4 ym/ble-nrf51822/source/ble-nrf51822.a(nRF5xGap.cpp.o)
 .text._ZN3Gap10setAddressENS_13AddressType_tEPKh
                0x0000000000023cda        0x4 ym/ble-nrf51822/source/ble-nrf51822.a(nRF5xGap.cpp.o)
                0x0000000000023cda                Gap::setAddress(Gap::AddressType_t, unsigned char const*)
 .text._ZN3Gap10getAddressEPNS_13AddressType_tEPh
                0x0000000000023cde        0x4 ym/ble-nrf51822/source/ble-nrf51822.a(nRF5xGap.cpp.o)
                0x0000000000023cde                Gap::getAddress(Gap::AddressType_t*, unsigned char*)
 .text._ZNK3Gap25getMinAdvertisingIntervalEv
                0x0000000000023ce2        0x4 ym/ble-nrf51822/source/ble-nrf51822.a(nRF5xGap.cpp.o)
                0x0000000000023ce2                Gap::getMinAdvertisingInterval() const
 .text._ZNK3Gap39getMinNonConnectableAdvertisingIntervalEv
                0x0000000000023ce6        0x4 ym/ble-nrf51822/source/ble-nrf51822.a(nRF5xGap.cpp.o)
                0x0000000000023ce6                Gap::getMinNonConnectableAdvertisingInterval() const
 .text._ZN3Gap15stopAdvertisingEv
                0x0000000000023cea        0x4 ym/ble-nrf51822/source/ble-nrf51822.a(nRF5xGap.cpp.o)
                0x0000000000023cea                Gap::stopAdvertising()
 .text._ZN3Gap8stopScanEv
                0x0000000000023cee        0x4 ym/ble-nrf51822/source/ble-nrf51822.a(nRF5xGap.cpp.o)
                0x0000000000023cee                Gap::stopScan()
 .text._ZN3Gap7connectEPKhNS_13AddressType_tEPKNS_18ConnectionParams_tEPK17GapScanningParams
                0x0000000000023cf2        0x4 ym/ble-nrf51822/source/ble-nrf51822.a(nRF5xGap.cpp.o)
                0x0000000000023cf2                Gap::connect(unsigned char const*, Gap::AddressType_t, Gap::ConnectionParams_t const*, GapScanningParams const*)
 .text._ZN3Gap10disconnectEtNS_21DisconnectionReason_tE
                0x0000000000023cf6        0x4 ym/ble-nrf51822/source/ble-nrf51822.a(nRF5xGap.cpp.o)
                0x0000000000023cf6                Gap::disconnect(unsigned short, Gap::DisconnectionReason_t)
 .text._ZN3Gap10disconnectENS_21DisconnectionReason_tE
                0x0000000000023cfa        0x4 ym/ble-nrf51822/source/ble-nrf51822.a(nRF5xGap.cpp.o)
                0x0000000000023cfa                Gap::disconnect(Gap::DisconnectionReason_t)
 .text._ZN3Gap28getPreferredConnectionParamsEPNS_18ConnectionParams_tE
                0x0000000000023cfe        0x4 ym/ble-nrf51822/source/ble-nrf51822.a(nRF5xGap.cpp.o)
                0x0000000000023cfe                Gap::getPreferredConnectionParams(Gap::ConnectionParams_t*)
 .text._ZN3Gap28setPreferredConnectionParamsEPKNS_18ConnectionParams_tE
                0x0000000000023d02        0x4 ym/ble-nrf51822/source/ble-nrf51822.a(nRF5xGap.cpp.o)
                0x0000000000023d02                Gap::setPreferredConnectionParams(Gap::ConnectionParams_t const*)
 .text._ZN3Gap22updateConnectionParamsEtPKNS_18ConnectionParams_tE
                0x0000000000023d06        0x4 ym/ble-nrf51822/source/ble-nrf51822.a(nRF5xGap.cpp.o)
                0x0000000000023d06                Gap::updateConnectionParams(unsigned short, Gap::ConnectionParams_t const*)
 .text._ZN3Gap13setDeviceNameEPKh
                0x0000000000023d0a        0x4 ym/ble-nrf51822/source/ble-nrf51822.a(nRF5xGap.cpp.o)
                0x0000000000023d0a                Gap::setDeviceName(unsigned char const*)
 .text._ZN3Gap13getDeviceNameEPhPj
                0x0000000000023d0e        0x4 ym/ble-nrf51822/source/ble-nrf51822.a(nRF5xGap.cpp.o)
                0x0000000000023d0e                Gap::getDeviceName(unsigned char*, unsigned int*)
 .text._ZN3Gap13setAppearanceEN18GapAdvertisingData12Appearance_tE
                0x0000000000023d12        0x4 ym/ble-nrf51822/source/ble-nrf51822.a(nRF5xGap.cpp.o)
                0x0000000000023d12                Gap::setAppearance(GapAdvertisingData::Appearance_t)
 .text._ZN3Gap13getAppearanceEPN18GapAdvertisingData12Appearance_tE
                0x0000000000023d16        0x4 ym/ble-nrf51822/source/ble-nrf51822.a(nRF5xGap.cpp.o)
                0x0000000000023d16                Gap::getAppearance(GapAdvertisingData::Appearance_t*)
 .text._ZN3Gap10setTxPowerEa
                0x0000000000023d1a        0x4 ym/ble-nrf51822/source/ble-nrf51822.a(nRF5xGap.cpp.o)
                0x0000000000023d1a                Gap::setTxPower(signed char)
 .text._ZN3Gap25getPermittedTxPowerValuesEPPKaPj
                0x0000000000023d1e        0x6 ym/ble-nrf51822/source/ble-nrf51822.a(nRF5xGap.cpp.o)
                0x0000000000023d1e                Gap::getPermittedTxPowerValues(signed char const**, unsigned int*)
 .text._ZN3Gap14startRadioScanERK17GapScanningParams
                0x0000000000023d24        0x4 ym/ble-nrf51822/source/ble-nrf51822.a(nRF5xGap.cpp.o)
                0x0000000000023d24                Gap::startRadioScan(GapScanningParams const&)
 .text._ZN3Gap21initRadioNotificationEv
                0x0000000000023d28        0x4 ym/ble-nrf51822/source/ble-nrf51822.a(nRF5xGap.cpp.o)
                0x0000000000023d28                Gap::initRadioNotification()
 .text._ZNK8nRF5xGap25getMinAdvertisingIntervalEv
                0x0000000000023d2c        0x4 ym/ble-nrf51822/source/ble-nrf51822.a(nRF5xGap.cpp.o)
                0x0000000000023d2c                nRF5xGap::getMinAdvertisingInterval() const
 .text._ZNK8nRF5xGap39getMinNonConnectableAdvertisingIntervalEv
                0x0000000000023d30        0x4 ym/ble-nrf51822/source/ble-nrf51822.a(nRF5xGap.cpp.o)
                0x0000000000023d30                nRF5xGap::getMinNonConnectableAdvertisingInterval() const
 .text._ZNK8nRF5xGap25getMaxAdvertisingIntervalEv
                0x0000000000023d34        0x6 ym/ble-nrf51822/source/ble-nrf51822.a(nRF5xGap.cpp.o)
                0x0000000000023d34                nRF5xGap::getMaxAdvertisingInterval() const
 .text._ZN8nRF5xGap14startRadioScanERK17GapScanningParams
                0x0000000000023d3a       0x3a ym/ble-nrf51822/source/ble-nrf51822.a(nRF5xGap.cpp.o)
                0x0000000000023d3a                nRF5xGap::startRadioScan(GapScanningParams const&)
 .text._ZN8nRF5xGap8stopScanEv
                0x0000000000023d74       0x14 ym/ble-nrf51822/source/ble-nrf51822.a(nRF5xGap.cpp.o)
                0x0000000000023d74                nRF5xGap::stopScan()
 .text._ZN8nRF5xGap15stopAdvertisingEv
                0x0000000000023d88       0x20 ym/ble-nrf51822/source/ble-nrf51822.a(nRF5xGap.cpp.o)
                0x0000000000023d88                nRF5xGap::stopAdvertising()
 .text._ZN8nRF5xGap10disconnectEtN3Gap21DisconnectionReason_tE
                0x0000000000023da8       0x26 ym/ble-nrf51822/source/ble-nrf51822.a(nRF5xGap.cpp.o)
                0x0000000000023da8                nRF5xGap::disconnect(unsigned short, Gap::DisconnectionReason_t)
 .text._ZN8nRF5xGap10disconnectEN3Gap21DisconnectionReason_tE
                0x0000000000023dce       0x12 ym/ble-nrf51822/source/ble-nrf51822.a(nRF5xGap.cpp.o)
                0x0000000000023dce                nRF5xGap::disconnect(Gap::DisconnectionReason_t)
 .text._ZN8nRF5xGap28getPreferredConnectionParamsEPN3Gap18ConnectionParams_tE
                0x0000000000023de0       0x10 ym/ble-nrf51822/source/ble-nrf51822.a(nRF5xGap.cpp.o)
                0x0000000000023de0                nRF5xGap::getPreferredConnectionParams(Gap::ConnectionParams_t*)
 .text._ZN8nRF5xGap28setPreferredConnectionParamsEPKN3Gap18ConnectionParams_tE
                0x0000000000023df0       0x10 ym/ble-nrf51822/source/ble-nrf51822.a(nRF5xGap.cpp.o)
                0x0000000000023df0                nRF5xGap::setPreferredConnectionParams(Gap::ConnectionParams_t const*)
 .text._ZN8nRF5xGap22updateConnectionParamsEtPKN3Gap18ConnectionParams_tE
                0x0000000000023e00       0x18 ym/ble-nrf51822/source/ble-nrf51822.a(nRF5xGap.cpp.o)
                0x0000000000023e00                nRF5xGap::updateConnectionParams(unsigned short, Gap::ConnectionParams_t const*)
 .text._ZN8nRF5xGap10getAddressEPN3Gap13AddressType_tEPh
                0x0000000000023e18       0x36 ym/ble-nrf51822/source/ble-nrf51822.a(nRF5xGap.cpp.o)
                0x0000000000023e18                nRF5xGap::getAddress(Gap::AddressType_t*, unsigned char*)
 .text._ZN8nRF5xGap13getDeviceNameEPhPj
                0x0000000000023e4e       0x18 ym/ble-nrf51822/source/ble-nrf51822.a(nRF5xGap.cpp.o)
                0x0000000000023e4e                nRF5xGap::getDeviceName(unsigned char*, unsigned int*)
 .text._ZN8nRF5xGap13setAppearanceEN18GapAdvertisingData12Appearance_tE
                0x0000000000023e66       0x16 ym/ble-nrf51822/source/ble-nrf51822.a(nRF5xGap.cpp.o)
                0x0000000000023e66                nRF5xGap::setAppearance(GapAdvertisingData::Appearance_t)
 .text._ZN8nRF5xGap13getAppearanceEPN18GapAdvertisingData12Appearance_tE
                0x0000000000023e7c       0x16 ym/ble-nrf51822/source/ble-nrf51822.a(nRF5xGap.cpp.o)
                0x0000000000023e7c                nRF5xGap::getAppearance(GapAdvertisingData::Appearance_t*)
 .text._ZN8nRF5xGap10setTxPowerEa
                0x0000000000023e92       0x1a ym/ble-nrf51822/source/ble-nrf51822.a(nRF5xGap.cpp.o)
                0x0000000000023e92                nRF5xGap::setTxPower(signed char)
 .text._ZN26FunctionPointerWithContextIbE4callEb
                0x0000000000023eac       0x16 ym/ble-nrf51822/source/ble-nrf51822.a(nRF5xGap.cpp.o)
                0x0000000000023eac                FunctionPointerWithContext<bool>::call(bool)
 .text._ZN26FunctionPointerWithContextIbE14functioncallerEPS0_b
                0x0000000000023ec2        0xe ym/ble-nrf51822/source/ble-nrf51822.a(nRF5xGap.cpp.o)
                0x0000000000023ec2                FunctionPointerWithContext<bool>::functioncaller(FunctionPointerWithContext<bool>*, bool)
 .text._ZN4mbed4util16FunctionPointer1IvbE11constructorEPvSt9__va_list
                0x0000000000023ed0        0xc ym/ble-nrf51822/source/ble-nrf51822.a(nRF5xGap.cpp.o)
                0x0000000000023ed0                mbed::util::FunctionPointer1<void, bool>::constructor(void*, std::__va_list)
 .text._ZN4mbed4util16FunctionPointer1IvbE16copy_constructorEPvS3_
                0x0000000000023edc        0xa ym/ble-nrf51822/source/ble-nrf51822.a(nRF5xGap.cpp.o)
                0x0000000000023edc                mbed::util::FunctionPointer1<void, bool>::copy_constructor(void*, void*)
 .text._ZN4mbed4util16FunctionPointer1IvbE10destructorEPv
                0x0000000000023ee6        0x2 ym/ble-nrf51822/source/ble-nrf51822.a(nRF5xGap.cpp.o)
                0x0000000000023ee6                mbed::util::FunctionPointer1<void, bool>::destructor(void*)
 .text._ZN4mbed4util16FunctionPointer1IvbE12membercallerI26FunctionPointerWithContextIbEEEvPvPjS6_
                0x0000000000023ee8       0x16 ym/ble-nrf51822/source/ble-nrf51822.a(nRF5xGap.cpp.o)
                0x0000000000023ee8                void mbed::util::FunctionPointer1<void, bool>::membercaller<FunctionPointerWithContext<bool> >(void*, unsigned int*, void*)
 .text._ZN4mbed4util16FunctionPointer0IvE12membercallerI8nRF5xGapEEvPvPjS5_
                0x0000000000023efe       0x14 ym/ble-nrf51822/source/ble-nrf51822.a(nRF5xGap.cpp.o)
                0x0000000000023efe                void mbed::util::FunctionPointer0<void>::membercaller<nRF5xGap>(void*, unsigned int*, void*)
 .text._ZN4mbed6TickerD0Ev
                0x0000000000023f12       0x12 ym/ble-nrf51822/source/ble-nrf51822.a(nRF5xGap.cpp.o)
                0x0000000000023f12                mbed::Ticker::~Ticker()
 .text._ZN4mbed7TimeoutD0Ev
                0x0000000000023f24       0x12 ym/ble-nrf51822/source/ble-nrf51822.a(nRF5xGap.cpp.o)
                0x0000000000023f24                mbed::Timeout::~Timeout()
 .text._ZN8nRF5xGap13setDeviceNameEPKh
                0x0000000000023f36       0x28 ym/ble-nrf51822/source/ble-nrf51822.a(nRF5xGap.cpp.o)
                0x0000000000023f36                nRF5xGap::setDeviceName(unsigned char const*)
 .text._ZN8nRF5xGap10setAddressEN3Gap13AddressType_tEPKh
                0x0000000000023f5e       0x2a ym/ble-nrf51822/source/ble-nrf51822.a(nRF5xGap.cpp.o)
                0x0000000000023f5e                nRF5xGap::setAddress(Gap::AddressType_t, unsigned char const*)
 .text._ZN8nRF5xGap18setAdvertisingDataERK18GapAdvertisingDataS2_
                0x0000000000023f88       0x2a ym/ble-nrf51822/source/ble-nrf51822.a(nRF5xGap.cpp.o)
                0x0000000000023f88                nRF5xGap::setAdvertisingData(GapAdvertisingData const&, GapAdvertisingData const&)
 .text._ZN38CallChainOfFunctionPointersWithContextIPKN3Gap26ConnectionCallbackParams_tEED0Ev
                0x0000000000023fb2       0x12 ym/ble-nrf51822/source/ble-nrf51822.a(nRF5xGap.cpp.o)
                0x0000000000023fb2                CallChainOfFunctionPointersWithContext<Gap::ConnectionCallbackParams_t const*>::~CallChainOfFunctionPointersWithContext()
 .text._ZN38CallChainOfFunctionPointersWithContextIPKN3Gap29DisconnectionCallbackParams_tEED0Ev
                0x0000000000023fc4       0x12 ym/ble-nrf51822/source/ble-nrf51822.a(nRF5xGap.cpp.o)
                0x0000000000023fc4                CallChainOfFunctionPointersWithContext<Gap::DisconnectionCallbackParams_t const*>::~CallChainOfFunctionPointersWithContext()
 .text._ZN8nRF5xGap19setConnectionHandleEt
                0x0000000000023fd6        0x6 ym/ble-nrf51822/source/ble-nrf51822.a(nRF5xGap.cpp.o)
                0x0000000000023fd6                nRF5xGap::setConnectionHandle(unsigned short)
 .text._ZN8nRF5xGap19getConnectionHandleEv
                0x0000000000023fdc        0x6 ym/ble-nrf51822/source/ble-nrf51822.a(nRF5xGap.cpp.o)
                0x0000000000023fdc                nRF5xGap::getConnectionHandle()
 .text._ZL24sd_ble_gatts_service_addhPK10ble_uuid_tPt
                0x0000000000023fe2        0x4 ym/ble-nrf51822/source/ble-nrf51822.a(nRF5xGattServer.cpp.o)
 .text._ZL22sd_ble_gatts_value_setttP17ble_gatts_value_t
                0x0000000000023fe6        0x4 ym/ble-nrf51822/source/ble-nrf51822.a(nRF5xGattServer.cpp.o)
 .text._ZL22sd_ble_gatts_value_getttP17ble_gatts_value_t
                0x0000000000023fea        0x4 ym/ble-nrf51822/source/ble-nrf51822.a(nRF5xGattServer.cpp.o)
 .text._ZL16sd_ble_gatts_hvxtPK22ble_gatts_hvx_params_t
                0x0000000000023fee        0x4 ym/ble-nrf51822/source/ble-nrf51822.a(nRF5xGattServer.cpp.o)
 .text._ZL31sd_ble_gatts_rw_authorize_replytPK37ble_gatts_rw_authorize_reply_params_t
                0x0000000000023ff2        0x4 ym/ble-nrf51822/source/ble-nrf51822.a(nRF5xGattServer.cpp.o)
 .text._ZL25sd_ble_gatts_sys_attr_settPKhtm
                0x0000000000023ff6        0x4 ym/ble-nrf51822/source/ble-nrf51822.a(nRF5xGattServer.cpp.o)
 .text._ZN10GattServer10addServiceER11GattService
                0x0000000000023ffa        0x4 ym/ble-nrf51822/source/ble-nrf51822.a(nRF5xGattServer.cpp.o)
                0x0000000000023ffa                GattServer::addService(GattService&)
 .text._ZN10GattServer4readEtPhPt
                0x0000000000023ffe        0x4 ym/ble-nrf51822/source/ble-nrf51822.a(nRF5xGattServer.cpp.o)
                0x0000000000023ffe                GattServer::read(unsigned short, unsigned char*, unsigned short*)
 .text._ZN10GattServer4readEttPhPt
                0x0000000000024002        0x4 ym/ble-nrf51822/source/ble-nrf51822.a(nRF5xGattServer.cpp.o)
                0x0000000000024002                GattServer::read(unsigned short, unsigned short, unsigned char*, unsigned short*)
 .text._ZN10GattServer5writeEtPKhtb
                0x0000000000024006        0x4 ym/ble-nrf51822/source/ble-nrf51822.a(nRF5xGattServer.cpp.o)
                0x0000000000024006                GattServer::write(unsigned short, unsigned char const*, unsigned short, bool)
 .text._ZN10GattServer5writeEttPKhtb
                0x000000000002400a        0x4 ym/ble-nrf51822/source/ble-nrf51822.a(nRF5xGattServer.cpp.o)
                0x000000000002400a                GattServer::write(unsigned short, unsigned short, unsigned char const*, unsigned short, bool)
 .text._ZN10GattServer17areUpdatesEnabledERK18GattCharacteristicPb
                0x000000000002400e        0x4 ym/ble-nrf51822/source/ble-nrf51822.a(nRF5xGattServer.cpp.o)
                0x000000000002400e                GattServer::areUpdatesEnabled(GattCharacteristic const&, bool*)
 .text._ZN10GattServer17areUpdatesEnabledEtRK18GattCharacteristicPb
                0x0000000000024012        0x4 ym/ble-nrf51822/source/ble-nrf51822.a(nRF5xGattServer.cpp.o)
                0x0000000000024012                GattServer::areUpdatesEnabled(unsigned short, GattCharacteristic const&, bool*)
 .text._ZNK10GattServer21isOnDataReadAvailableEv
                0x0000000000024016        0x4 ym/ble-nrf51822/source/ble-nrf51822.a(nRF5xGattServer.cpp.o)
                0x0000000000024016                GattServer::isOnDataReadAvailable() const
 .text._ZN15nRF5xGattServer4readEttPhPt
                0x000000000002401a       0x2a ym/ble-nrf51822/source/ble-nrf51822.a(nRF5xGattServer.cpp.o)
                0x000000000002401a                nRF5xGattServer::read(unsigned short, unsigned short, unsigned char*, unsigned short*)
 .text._ZN15nRF5xGattServer17areUpdatesEnabledERK18GattCharacteristicPb
                0x0000000000024044       0x20 ym/ble-nrf51822/source/ble-nrf51822.a(nRF5xGattServer.cpp.o)
                0x0000000000024044                nRF5xGattServer::areUpdatesEnabled(GattCharacteristic const&, bool*)
 .text._ZN38CallChainOfFunctionPointersWithContextIjED0Ev
                0x0000000000024064       0x12 ym/ble-nrf51822/source/ble-nrf51822.a(nRF5xGattServer.cpp.o)
                0x0000000000024064                CallChainOfFunctionPointersWithContext<unsigned int>::~CallChainOfFunctionPointersWithContext()
 .text._ZN38CallChainOfFunctionPointersWithContextIPK23GattWriteCallbackParamsED0Ev
                0x0000000000024076       0x12 ym/ble-nrf51822/source/ble-nrf51822.a(nRF5xGattServer.cpp.o)
                0x0000000000024076                CallChainOfFunctionPointersWithContext<GattWriteCallbackParams const*>::~CallChainOfFunctionPointersWithContext()
 .text._ZN38CallChainOfFunctionPointersWithContextIPK22GattReadCallbackParamsED0Ev
                0x0000000000024088       0x12 ym/ble-nrf51822/source/ble-nrf51822.a(nRF5xGattServer.cpp.o)
                0x0000000000024088                CallChainOfFunctionPointersWithContext<GattReadCallbackParams const*>::~CallChainOfFunctionPointersWithContext()
 .text._ZN15nRF5xGattServer17areUpdatesEnabledEtRK18GattCharacteristicPb
                0x000000000002409a       0x5e ym/ble-nrf51822/source/ble-nrf51822.a(nRF5xGattServer.cpp.o)
                0x000000000002409a                nRF5xGattServer::areUpdatesEnabled(unsigned short, GattCharacteristic const&, bool*)
 .text._ZNK4UUIDeqERKS_
                0x00000000000240f8       0x3c ym/ble-nrf51822/source/ble-nrf51822.a(nRF5xGattServer.cpp.o)
                0x00000000000240f8                UUID::operator==(UUID const&) const
 .text._ZN10GattServer22handleDataWrittenEventEPK23GattWriteCallbackParams
                0x0000000000024134       0x18 ym/ble-nrf51822/source/ble-nrf51822.a(nRF5xGattServer.cpp.o)
                0x0000000000024134                GattServer::handleDataWrittenEvent(GattWriteCallbackParams const*)
 .text._ZN10GattServer11handleEventEN16GattServerEvents11gattEvent_eEt
                0x000000000002414c       0x24 ym/ble-nrf51822/source/ble-nrf51822.a(nRF5xGattServer.cpp.o)
                0x000000000002414c                GattServer::handleEvent(GattServerEvents::gattEvent_e, unsigned short)
 .text._ZN15nRF5xGattServer10hwCallbackEP9ble_evt_t
                0x0000000000024170      0x232 ym/ble-nrf51822/source/ble-nrf51822.a(nRF5xGattServer.cpp.o)
                0x0000000000024170                nRF5xGattServer::hwCallback(ble_evt_t*)
 .text.sd_nvic_EnableIRQ
                0x00000000000243a2        0x4 ym/ble-nrf51822/source/ble-nrf51822.a(softdevice_handler.c.o)
 .text.sd_evt_get
                0x00000000000243a6        0x4 ym/ble-nrf51822/source/ble-nrf51822.a(softdevice_handler.c.o)
 .text.sd_softdevice_enable
                0x00000000000243aa        0x4 ym/ble-nrf51822/source/ble-nrf51822.a(softdevice_handler.c.o)
 .text.sd_softdevice_disable
                0x00000000000243ae        0x4 ym/ble-nrf51822/source/ble-nrf51822.a(softdevice_handler.c.o)
 .text.sd_ble_evt_get
                0x00000000000243b2        0x4 ym/ble-nrf51822/source/ble-nrf51822.a(softdevice_handler.c.o)
 .text.softdevice_assertion_handler
                0x00000000000243b6        0xc ym/ble-nrf51822/source/ble-nrf51822.a(softdevice_handler.c.o)
                0x00000000000243b6                softdevice_assertion_handler
 .text.sd_ble_gap_address_set
                0x00000000000243c2        0x4 ym/ble-nrf51822/source/ble-nrf51822.a(btle.cpp.o)
 .text.sd_ble_gap_address_get
                0x00000000000243c6        0x4 ym/ble-nrf51822/source/ble-nrf51822.a(btle.cpp.o)
 .text.sd_ble_enable
                0x00000000000243ca        0x4 ym/ble-nrf51822/source/ble-nrf51822.a(btle.cpp.o)
 .text._ZL16sys_evt_dispatchm
                0x00000000000243ce        0x8 ym/ble-nrf51822/source/ble-nrf51822.a(btle.cpp.o)
 .text.assert_nrf_callback
                0x00000000000243d6        0x2 ym/ble-nrf51822/source/ble-nrf51822.a(btle.cpp.o)
                0x00000000000243d6                assert_nrf_callback
 .text.sd_nvic_EnableIRQ
                0x00000000000243d8        0x4 ym/ble-nrf51822/source/ble-nrf51822.a(ble_radio_notification.c.o)
 .text.sd_nvic_ClearPendingIRQ
                0x00000000000243dc        0x4 ym/ble-nrf51822/source/ble-nrf51822.a(ble_radio_notification.c.o)
 .text.sd_nvic_SetPriority
                0x00000000000243e0        0x4 ym/ble-nrf51822/source/ble-nrf51822.a(ble_radio_notification.c.o)
 .text.sd_radio_notification_cfg_set
                0x00000000000243e4        0x4 ym/ble-nrf51822/source/ble-nrf51822.a(ble_radio_notification.c.o)
 .text.sd_flash_write
                0x00000000000243e8        0x4 ym/ble-nrf51822/source/ble-nrf51822.a(pstorage.c.o)
 .text.sd_flash_page_erase
                0x00000000000243ec        0x4 ym/ble-nrf51822/source/ble-nrf51822.a(pstorage.c.o)
 .text._ZL23sd_ble_gap_tx_power_seta
                0x00000000000243f0        0x4 ym/ble-nrf51822/source/ble-nrf51822.a(btle_gap.cpp.o)
 .text._ZL25sd_ble_gap_appearance_sett
                0x00000000000243f4        0x4 ym/ble-nrf51822/source/ble-nrf51822.a(btle_gap.cpp.o)
 .text._ZL19sd_ble_gap_ppcp_setPK21ble_gap_conn_params_t
                0x00000000000243f8        0x4 ym/ble-nrf51822/source/ble-nrf51822.a(btle_gap.cpp.o)
 .text._ZL26sd_ble_gap_device_name_setPK23ble_gap_conn_sec_mode_tPKht
                0x00000000000243fc        0x4 ym/ble-nrf51822/source/ble-nrf51822.a(btle_gap.cpp.o)
 .text._ZN15SecurityManager24onSecuritySetupInitiatedEPFvtbbNS_24SecurityIOCapabilities_tEE
                0x0000000000024400        0x4 ym/ble-nrf51822/source/ble-nrf51822.a(nRF5xSecurityManager.cpp.o)
                0x0000000000024400                SecurityManager::onSecuritySetupInitiated(void (*)(unsigned short, bool, bool, SecurityManager::SecurityIOCapabilities_t))
 .text._ZN15SecurityManager24onSecuritySetupCompletedEPFvtNS_26SecurityCompletionStatus_tEE
                0x0000000000024404        0x4 ym/ble-nrf51822/source/ble-nrf51822.a(nRF5xSecurityManager.cpp.o)
                0x0000000000024404                SecurityManager::onSecuritySetupCompleted(void (*)(unsigned short, SecurityManager::SecurityCompletionStatus_t))
 .text._ZN15SecurityManager13onLinkSecuredEPFvtNS_14SecurityMode_tEE
                0x0000000000024408        0x4 ym/ble-nrf51822/source/ble-nrf51822.a(nRF5xSecurityManager.cpp.o)
                0x0000000000024408                SecurityManager::onLinkSecured(void (*)(unsigned short, SecurityManager::SecurityMode_t))