Archive member included because of file (symbol)

ym/ble/source/ble.a(GapScanningParams.cpp.o)
                              source/CMakeFiles/ble-ledblinker.dir/Users/jacobrosenthal/Downloads/ble-examples/BLE_LEDBlinker/source/main.cpp.o (GapScanningParams::setInterval(unsigned short))
ym/ble/source/ble.a(BLE.cpp.o)
                              source/CMakeFiles/ble-ledblinker.dir/Users/jacobrosenthal/Downloads/ble-examples/BLE_LEDBlinker/source/main.cpp.o (BLE::initImplementation(FunctionPointerWithContext<BLE::InitializationCompleteCallbackContext*>))
ym/ble-nrf51822/source/ble-nrf51822.a(nRF5xn.cpp.o)
                              ym/ble/source/ble.a(BLE.cpp.o) (createBLEInstance())
ym/ble-nrf51822/source/ble-nrf51822.a(nRF5xSecurityManager.cpp.o)
                              ym/ble-nrf51822/source/ble-nrf51822.a(nRF5xn.cpp.o) (nRF5xSecurityManager::getInstance())
ym/ble-nrf51822/source/ble-nrf51822.a(btle.cpp.o)
                              ym/ble-nrf51822/source/ble-nrf51822.a(nRF5xn.cpp.o) (btle_init)
ym/ble-nrf51822/source/ble-nrf51822.a(nRF5xGap.cpp.o)
                              ym/ble-nrf51822/source/ble-nrf51822.a(btle.cpp.o) (nRF5xGap::setConnectionHandle(unsigned short))
ym/ble-nrf51822/source/ble-nrf51822.a(nRF5xGattServer.cpp.o)
                              ym/ble-nrf51822/source/ble-nrf51822.a(nRF5xn.cpp.o) (nRF5xGattServer::getInstance())
ym/ble-nrf51822/source/ble-nrf51822.a(device_manager_peripheral.c.o)
                              ym/ble-nrf51822/source/ble-nrf51822.a(btle.cpp.o) (dm_ble_evt_handler)
ym/ble-nrf51822/source/ble-nrf51822.a(nRF5xGattClient.cpp.o)
                              ym/ble-nrf51822/source/ble-nrf51822.a(nRF5xn.cpp.o) (nRF5xGattClient::getInstance())
ym/ble-nrf51822/source/ble-nrf51822.a(btle_security.cpp.o)
                              ym/ble-nrf51822/source/ble-nrf51822.a(nRF5xSecurityManager.cpp.o) (btle_initializeSecurity(bool, bool, SecurityManager::SecurityIOCapabilities_t, unsigned char const*))
ym/ble-nrf51822/source/ble-nrf51822.a(pstorage.c.o)
                              ym/ble-nrf51822/source/ble-nrf51822.a(btle.cpp.o) (pstorage_sys_event_handler)
ym/ble-nrf51822/source/ble-nrf51822.a(softdevice_handler.c.o)
                              ym/ble-nrf51822/source/ble-nrf51822.a(btle.cpp.o) (intern_softdevice_events_execute)
ym/ble-nrf51822/source/ble-nrf51822.a(btle_discovery.cpp.o)
                              ym/ble-nrf51822/source/ble-nrf51822.a(btle.cpp.o) (bleGattcEventHandler(ble_evt_t const*))
ym/ble-nrf51822/source/ble-nrf51822.a(custom_helper.cpp.o)
                              ym/ble-nrf51822/source/ble-nrf51822.a(nRF5xGattServer.cpp.o) (custom_convert_to_nordic_uuid)
ym/ble-nrf51822/source/ble-nrf51822.a(btle_gap.cpp.o)
                              ym/ble-nrf51822/source/ble-nrf51822.a(btle.cpp.o) (btle_gap_init())
ym/ble-nrf51822/source/ble-nrf51822.a(ble_radio_notification.c.o)
                              ym/ble-nrf51822/source/ble-nrf51822.a(nRF5xGap.cpp.o) (ble_radio_notification_init)
ym/ble-nrf51822/source/ble-nrf51822.a(nRF5xServiceDiscovery.cpp.o)
                              ym/ble-nrf51822/source/ble-nrf51822.a(btle_discovery.cpp.o) (nRF5xServiceDiscovery::progressCharacteristicDiscovery())
ym/ble-nrf51822/source/ble-nrf51822.a(nRF5xDiscoveredCharacteristic.cpp.o)
                              ym/ble-nrf51822/source/ble-nrf51822.a(nRF5xServiceDiscovery.cpp.o) (nRF5xDiscoveredCharacteristic::setup(nRF5xGattClient*, unsigned short, ble_gatt_char_props_t, unsigned short, unsigned short))
ym/mbed-drivers/source/mbed-drivers.a(Ticker.cpp.o)
                              ym/ble-nrf51822/source/ble-nrf51822.a(nRF5xGap.cpp.o) (mbed::Ticker::detach())
ym/mbed-drivers/source/mbed-drivers.a(retarget.cpp.o)
                              ym/ble-nrf51822/source/ble-nrf51822.a(nRF5xn.cpp.o) (__cxa_pure_virtual)
ym/mbed-drivers/source/mbed-drivers.a(Timeout.cpp.o)
                              ym/ble-nrf51822/source/ble-nrf51822.a(nRF5xGap.cpp.o) (vtable for mbed::Timeout)
ym/mbed-drivers/source/mbed-drivers.a(ticker_api.c.o)
                              ym/mbed-drivers/source/mbed-drivers.a(Ticker.cpp.o) (ticker_read)
ym/mbed-drivers/source/mbed-drivers.a(exit.c.o)
                              /usr/local/Cellar/gcc-arm-none-eabi-48/20140805/bin/../lib/gcc/arm-none-eabi/4.8.4/../../../../arm-none-eabi/lib/armv6-m/crt0.o (exit)
ym/mbed-drivers/source/mbed-drivers.a(FileSystemLike.cpp.o)
                              ym/mbed-drivers/source/mbed-drivers.a(retarget.cpp.o) (mbed::FileSystemLike::opendir())
ym/mbed-drivers/source/mbed-drivers.a(TimerEvent.cpp.o)
                              ym/ble-nrf51822/source/ble-nrf51822.a(nRF5xGap.cpp.o) (mbed::TimerEvent::TimerEvent())
ym/mbed-drivers/source/mbed-drivers.a(error.c.o)
                              ym/ble/source/ble.a(BLE.cpp.o) (error)
ym/mbed-drivers/source/mbed-drivers.a(us_ticker_api.c.o)
[...]
Memory Configuration

Name             Origin             Length             Attributes
FLASH            0x000000000001c000 0x0000000000024000 xr
RAM              0x0000000020002800 0x0000000000001800 xrw
*default*        0x0000000000000000 0xffffffffffffffff

Linker script and memory map

LOAD /usr/local/Cellar/gcc-arm-none-eabi-48/20140805/bin/../lib/gcc/arm-none-eabi/4.8.4/armv6-m/crti.o
LOAD /usr/local/Cellar/gcc-arm-none-eabi-48/20140805/bin/../lib/gcc/arm-none-eabi/4.8.4/armv6-m/crtbegin.o
LOAD /usr/local/Cellar/gcc-arm-none-eabi-48/20140805/bin/../lib/gcc/arm-none-eabi/4.8.4/../../../../arm-none-eabi/lib/armv6-m/crt0.o
START GROUP
LOAD source/CMakeFiles/ble-ledblinker.dir/Users/jacobrosenthal/Downloads/ble-examples/BLE_LEDBlinker/source/main.cpp.o
LOAD ym/ble/source/ble.a
LOAD ym/ble-nrf51822/source/ble-nrf51822.a
LOAD ym/ble/source/ble.a
LOAD ym/ble-nrf51822/source/ble-nrf51822.a
LOAD ym/mbed-drivers/source/mbed-drivers.a
LOAD ym/mbed-hal/source/mbed-hal.a
LOAD ym/minar/source/minar.a
LOAD ym/core-util/source/core-util.a
LOAD ym/mbed-hal-nordic/yotta_dummy_lib_mbed_hal_nordic/mbed-hal-nordic.a
LOAD ym/minar-platform/yotta_dummy_lib_minar_platform/minar-platform.a
LOAD ym/mbed-hal-nrf51822-mcu/existing/mbed-hal-nrf51822-mcu.a
LOAD ym/minar-platform-mbed/source/minar-platform-mbed.a
LOAD ym/mbed-hal-mkit/source/mbed-hal-mkit.a
LOAD ym/mbed-drivers/source/mbed-drivers.a
LOAD ym/mbed-hal/source/mbed-hal.a
LOAD ym/minar/source/minar.a
LOAD ym/core-util/source/core-util.a
LOAD ym/mbed-hal-nordic/yotta_dummy_lib_mbed_hal_nordic/mbed-hal-nordic.a
LOAD ym/minar-platform/yotta_dummy_lib_minar_platform/minar-platform.a
LOAD ym/mbed-hal-nrf51822-mcu/existing/mbed-hal-nrf51822-mcu.a
LOAD ym/minar-platform-mbed/source/minar-platform-mbed.a
LOAD ym/mbed-hal-mkit/source/mbed-hal-mkit.a
LOAD ym/compiler-polyfill/yotta_dummy_lib_compiler_polyfill/compiler-polyfill.a
LOAD ym/ualloc/source/ualloc.a
LOAD ym/dlmalloc/source/dlmalloc.a
LOAD ym/cmsis-core/source/cmsis-core.a
LOAD ym/cmsis-core-nordic/yotta_dummy_lib_cmsis_core_nordic/cmsis-core-nordic.a
LOAD ym/cmsis-core-nrf51822/source/cmsis-core-nrf51822.a
LOAD ym/cmsis-core/source/cmsis-core.a
LOAD ym/cmsis-core-nordic/yotta_dummy_lib_cmsis_core_nordic/cmsis-core-nordic.a
LOAD ym/cmsis-core-nrf51822/source/cmsis-core-nrf51822.a
LOAD /usr/local/Cellar/gcc-arm-none-eabi-48/20140805/bin/../lib/gcc/arm-none-eabi/4.8.4/../../../../arm-none-eabi/lib/armv6-m/libstdc++_s.a
LOAD /usr/local/Cellar/gcc-arm-none-eabi-48/20140805/bin/../lib/gcc/arm-none-eabi/4.8.4/../../../../arm-none-eabi/lib/armv6-m/libsupc++_s.a
LOAD /usr/local/Cellar/gcc-arm-none-eabi-48/20140805/bin/../lib/gcc/arm-none-eabi/4.8.4/armv6-m/libgcc.a
LOAD /usr/local/Cellar/gcc-arm-none-eabi-48/20140805/bin/../lib/gcc/arm-none-eabi/4.8.4/../../../../arm-none-eabi/lib/armv6-m/libstdc++_s.a
LOAD /usr/local/Cellar/gcc-arm-none-eabi-48/20140805/bin/../lib/gcc/arm-none-eabi/4.8.4/../../../../arm-none-eabi/lib/armv6-m/libsupc++_s.a
LOAD /usr/local/Cellar/gcc-arm-none-eabi-48/20140805/bin/../lib/gcc/arm-none-eabi/4.8.4/../../../../arm-none-eabi/lib/armv6-m/libm.a
LOAD /usr/local/Cellar/gcc-arm-none-eabi-48/20140805/bin/../lib/gcc/arm-none-eabi/4.8.4/../../../../arm-none-eabi/lib/armv6-m/libc_s.a
LOAD /usr/local/Cellar/gcc-arm-none-eabi-48/20140805/bin/../lib/gcc/arm-none-eabi/4.8.4/armv6-m/libgcc.a
END GROUP
LOAD /usr/local/Cellar/gcc-arm-none-eabi-48/20140805/bin/../lib/gcc/arm-none-eabi/4.8.4/../../../../arm-none-eabi/lib/armv6-m/libstdc++_s.a
LOAD /usr/local/Cellar/gcc-arm-none-eabi-48/20140805/bin/../lib/gcc/arm-none-eabi/4.8.4/../../../../arm-none-eabi/lib/armv6-m/libm.a
LOAD /usr/local/Cellar/gcc-arm-none-eabi-48/20140805/bin/../lib/gcc/arm-none-eabi/4.8.4/../../../../arm-none-eabi/lib/armv6-m/libc_s.a
START GROUP
LOAD /usr/local/Cellar/gcc-arm-none-eabi-48/20140805/bin/../lib/gcc/arm-none-eabi/4.8.4/armv6-m/libgcc.a
LOAD /usr/local/Cellar/gcc-arm-none-eabi-48/20140805/bin/../lib/gcc/arm-none-eabi/4.8.4/../../../../arm-none-eabi/lib/armv6-m/libc_s.a
END GROUP
START GROUP
LOAD /usr/local/Cellar/gcc-arm-none-eabi-48/20140805/bin/../lib/gcc/arm-none-eabi/4.8.4/armv6-m/libgcc.a
LOAD /usr/local/Cellar/gcc-arm-none-eabi-48/20140805/bin/../lib/gcc/arm-none-eabi/4.8.4/../../../../arm-none-eabi/lib/armv6-m/libc_s.a
END GROUP
LOAD /usr/local/Cellar/gcc-arm-none-eabi-48/20140805/bin/../lib/gcc/arm-none-eabi/4.8.4/armv6-m/crtend.o
LOAD /usr/local/Cellar/gcc-arm-none-eabi-48/20140805/bin/../lib/gcc/arm-none-eabi/4.8.4/armv6-m/crtn.o

.text           0x000000000001c000     0x9c2c
 *(SORT(.Vectors))
 .Vectors       0x000000000001c000       0xc0 ym/mbed-hal-nrf51822-mcu/existing/mbed-hal-nrf51822-mcu.a(startup_nRF51822.S.obj)
                0x000000000001c000                __Vectors
 *(SORT(.text*))
 .text.us_ticker_read
                0x000000000001c0c0       0x38 ym/mbed-hal-nrf51822-mcu/existing/mbed-hal-nrf51822-mcu.a(us_ticker.c.o)
                0x000000000001c0c0                us_ticker_read
 .text.us_ticker_set_interrupt
                0x000000000001c0f8       0xd0 ym/mbed-hal-nrf51822-mcu/existing/mbed-hal-nrf51822-mcu.a(us_ticker.c.o)
                0x000000000001c0f8                us_ticker_set_interrupt
 .text          0x000000000001c1c8       0x60 /usr/local/Cellar/gcc-arm-none-eabi-48/20140805/bin/../lib/gcc/arm-none-eabi/4.8.4/armv6-m/crtbegin.o
 .text          0x000000000001c228       0x78 /usr/local/Cellar/gcc-arm-none-eabi-48/20140805/bin/../lib/gcc/arm-none-eabi/4.8.4/../../../../arm-none-eabi/lib/armv6-m/crt0.o
                0x000000000001c228                _mainCRTStartup
                0x000000000001c228                _start
 .text._Z15bleInitCompletePN3BLE37InitializationCompleteCallbackContextE
                0x000000000001c2a0       0x80 source/CMakeFiles/ble-ledblinker.dir/Users/jacobrosenthal/Downloads/ble-examples/BLE_LEDBlinker/source/main.cpp.o
                0x000000000001c2a0                bleInitComplete(BLE::InitializationCompleteCallbackContext*)
 .text._Z21advertisementCallbackPKN3Gap29AdvertisementCallbackParams_tE
                0x000000000001c320       0x88 source/CMakeFiles/ble-ledblinker.dir/Users/jacobrosenthal/Downloads/ble-examples/BLE_LEDBlinker/source/main.cpp.o
                0x000000000001c320                advertisementCallback(Gap::AdvertisementCallbackParams_t const*)
 .text.app_start
                0x000000000001c3a8       0x64 source/CMakeFiles/ble-ledblinker.dir/Users/jacobrosenthal/Downloads/ble-examples/BLE_LEDBlinker/source/main.cpp.o
                0x000000000001c3a8                app_start
 .text.startup._GLOBAL__sub_I_led
                0x000000000001c40c       0x10 source/CMakeFiles/ble-ledblinker.dir/Users/jacobrosenthal/Downloads/ble-examples/BLE_LEDBlinker/source/main.cpp.o
 .text._ZN17GapScanningParamsC2Etttb
                0x000000000001c41c       0x68 ym/ble/source/ble.a(GapScanningParams.cpp.o)
                0x000000000001c41c                GapScanningParams::GapScanningParams(unsigned short, unsigned short, unsigned short, bool)
                0x000000000001c41c                GapScanningParams::GapScanningParams(unsigned short, unsigned short, unsigned short, bool)
 .text._ZN17GapScanningParams11setIntervalEt
                0x000000000001c484       0x30 ym/ble/source/ble.a(GapScanningParams.cpp.o)
                0x000000000001c484                GapScanningParams::setInterval(unsigned short)
 .text._ZN17GapScanningParams9setWindowEt
                0x000000000001c4b4       0x30 ym/ble/source/ble.a(GapScanningParams.cpp.o)
                0x000000000001c4b4                GapScanningParams::setWindow(unsigned short)
 .text._ZN3BLEC2Ej
                0x000000000001c4e4       0x2c ym/ble/source/ble.a(BLE.cpp.o)
                0x000000000001c4e4                BLE::BLE(unsigned int)
                0x000000000001c4e4                BLE::BLE(unsigned int)
 .text._ZN3BLE8InstanceEj
                0x000000000001c510       0x44 ym/ble/source/ble.a(BLE.cpp.o)
                0x000000000001c510                BLE::Instance(unsigned int)
 .text._ZN3BLE3gapEv
                0x000000000001c554       0x20 ym/ble/source/ble.a(BLE.cpp.o)
                0x000000000001c554                BLE::gap()
 .text._ZN6nRF5xnD2Ev
                0x000000000001c574        0xc ym/ble-nrf51822/source/ble-nrf51822.a(nRF5xn.cpp.o)
                0x000000000001c574                nRF5xn::~nRF5xn()
                0x000000000001c574                nRF5xn::~nRF5xn()
 .text._ZN6nRF5xnD0Ev
                0x000000000001c580       0x18 ym/ble-nrf51822/source/ble-nrf51822.a(nRF5xn.cpp.o)
                0x000000000001c580                nRF5xn::~nRF5xn()
 .text._ZN6nRF5xn10getVersionEv
                0x000000000001c598       0x7c ym/ble-nrf51822/source/ble-nrf51822.a(nRF5xn.cpp.o)
                0x000000000001c598                nRF5xn::getVersion()
 .text._Z17createBLEInstancev
                0x000000000001c614        0x8 ym/ble-nrf51822/source/ble-nrf51822.a(nRF5xn.cpp.o)
                0x000000000001c614                createBLEInstance()
 .text.startup._GLOBAL__sub_I__Z17createBLEInstancev
                0x000000000001c61c       0x2c ym/ble-nrf51822/source/ble-nrf51822.a(nRF5xn.cpp.o)
 .text._ZN20nRF5xSecurityManager11getInstanceEv
                0x000000000001c648       0x2c ym/ble-nrf51822/source/ble-nrf51822.a(nRF5xSecurityManager.cpp.o)
                0x000000000001c648                nRF5xSecurityManager::getInstance()
 .text._ZN4mbed4util19FunctionPointerBindIvED2Ev
                0x000000000001c674       0x20 ym/ble-nrf51822/source/ble-nrf51822.a(btle.cpp.o)
                0x000000000001c674                mbed::util::FunctionPointerBind<void>::~FunctionPointerBind()
                0x000000000001c674                mbed::util::FunctionPointerBind<void>::~FunctionPointerBind()
 .text._ZN4mbed4util19FunctionPointerBaseIvED2Ev
                0x000000000001c694        0xc ym/ble-nrf51822/source/ble-nrf51822.a(btle.cpp.o)
                0x000000000001c694                mbed::util::FunctionPointerBase<void>::~FunctionPointerBase()
                0x000000000001c694                mbed::util::FunctionPointerBase<void>::~FunctionPointerBase()
 .text._ZN4mbed4util16FunctionPointer0IvED2Ev
                0x000000000001c6a0        0xc ym/ble-nrf51822/source/ble-nrf51822.a(btle.cpp.o)
                0x000000000001c6a0                mbed::util::FunctionPointer0<void>::~FunctionPointer0()
                0x000000000001c6a0                mbed::util::FunctionPointer0<void>::~FunctionPointer0()
 .text._ZN4mbed4util19FunctionPointerBaseIvED0Ev
                0x000000000001c6ac       0x14 ym/ble-nrf51822/source/ble-nrf51822.a(btle.cpp.o)
                0x000000000001c6ac                mbed::util::FunctionPointerBase<void>::~FunctionPointerBase()
 .text._ZN4mbed4util16FunctionPointer0IvED0Ev
                0x000000000001c6c0       0x14 ym/ble-nrf51822/source/ble-nrf51822.a(btle.cpp.o)
                0x000000000001c6c0                mbed::util::FunctionPointer0<void>::~FunctionPointer0()
 .text._ZN4mbed4util19FunctionPointerBindIvE5clearEv
                0x000000000001c6d4       0x20 ym/ble-nrf51822/source/ble-nrf51822.a(btle.cpp.o)
                0x000000000001c6d4                mbed::util::FunctionPointerBind<void>::clear()
 .text._ZL12btle_handlerP9ble_evt_t
                0x000000000001c6f4      0x150 ym/ble-nrf51822/source/ble-nrf51822.a(btle.cpp.o)
 .text.btle_init
                0x000000000001c844       0xa0 ym/ble-nrf51822/source/ble-nrf51822.a(btle.cpp.o)
                0x000000000001c844                btle_init
 .text.app_error_handler
                0x000000000001c8e4       0x20 ym/ble-nrf51822/source/ble-nrf51822.a(btle.cpp.o)
                0x000000000001c8e4                app_error_handler
 .text._ZN4mbed4util19FunctionPointerBindIvE4bindINS0_16FunctionPointer0IvE10arg_structEEERS2_PKNS0_19FunctionPointerBaseIvE6ArgOpsEPT_PS9_z
                0x000000000001c904       0x60 ym/ble-nrf51822/source/ble-nrf51822.a(btle.cpp.o)
                0x000000000001c904                mbed::util::FunctionPointerBind<void>& mbed::util::FunctionPointerBind<void>::bind<mbed::util::FunctionPointer0<void>::arg_struct>(mbed::util::FunctionPointerBase<void>::ArgOps const*, mbed::util::FunctionPointer0<void>::arg_struct*, mbed::util::FunctionPointerBase<void>*, ...)
 .text._ZL12eventHandlerv
                0x000000000001c964       0x6c ym/ble-nrf51822/source/ble-nrf51822.a(btle.cpp.o)
 .text._ZNK3Gap25getMaxAdvertisingIntervalEv
                0x000000000001c9d0        0x8 ym/ble-nrf51822/source/ble-nrf51822.a(nRF5xGap.cpp.o)
                0x000000000001c9d0                Gap::getMaxAdvertisingInterval() const
 .text._ZN8nRF5xGap16startAdvertisingERK20GapAdvertisingParams
                0x000000000001c9d8       0x6c ym/ble-nrf51822/source/ble-nrf51822.a(nRF5xGap.cpp.o)
                0x000000000001c9d8                nRF5xGap::startAdvertising(GapAdvertisingParams const&)
 .text._ZN8nRF5xGap7connectEPKhN3Gap13AddressType_tEPKNS2_18ConnectionParams_tEPK17GapScanningParams
                0x000000000001ca44       0xc4 ym/ble-nrf51822/source/ble-nrf51822.a(nRF5xGap.cpp.o)
                0x000000000001ca44                nRF5xGap::connect(unsigned char const*, Gap::AddressType_t, Gap::ConnectionParams_t const*, GapScanningParams const*)
 .text._ZN8nRF5xGap25getPermittedTxPowerValuesEPPKaPj
                0x000000000001cb08       0x10 ym/ble-nrf51822/source/ble-nrf51822.a(nRF5xGap.cpp.o)
                0x000000000001cb08                nRF5xGap::getPermittedTxPowerValues(signed char const**, unsigned int*)
 .text._ZN4mbed4util16FunctionPointer1IvbED2Ev
                0x000000000001cb18        0xc ym/ble-nrf51822/source/ble-nrf51822.a(nRF5xGap.cpp.o)
                0x000000000001cb18                mbed::util::FunctionPointer1<void, bool>::~FunctionPointer1()
                0x000000000001cb18                mbed::util::FunctionPointer1<void, bool>::~FunctionPointer1()
 .text._ZN4mbed4util16FunctionPointer1IvbED0Ev
                0x000000000001cb24       0x14 ym/ble-nrf51822/source/ble-nrf51822.a(nRF5xGap.cpp.o)
                0x000000000001cb24                mbed::util::FunctionPointer1<void, bool>::~FunctionPointer1()
 .text._ZN4mbed6TickerD2Ev
                0x000000000001cb38       0x24 ym/ble-nrf51822/source/ble-nrf51822.a(nRF5xGap.cpp.o)
                0x000000000001cb38                mbed::Ticker::~Ticker()
                0x000000000001cb38                mbed::Ticker::~Ticker()
 .text._ZN4mbed7TimeoutD2Ev
                0x000000000001cb5c       0x14 ym/ble-nrf51822/source/ble-nrf51822.a(nRF5xGap.cpp.o)
                0x000000000001cb5c                mbed::Timeout::~Timeout()
                0x000000000001cb5c                mbed::Timeout::~Timeout()
 .text._ZN8nRF5xGap21initRadioNotificationEv
                0x000000000001cb70       0x20 ym/ble-nrf51822/source/ble-nrf51822.a(nRF5xGap.cpp.o)
                0x000000000001cb70                nRF5xGap::initRadioNotification()
 .text._ZN38CallChainOfFunctionPointersWithContextIPKN3Gap26ConnectionCallbackParams_tEED2Ev
                0x000000000001cb90       0x24 ym/ble-nrf51822/source/ble-nrf51822.a(nRF5xGap.cpp.o)
                0x000000000001cb90                CallChainOfFunctionPointersWithContext<Gap::ConnectionCallbackParams_t const*>::~CallChainOfFunctionPointersWithContext()
                0x000000000001cb90                CallChainOfFunctionPointersWithContext<Gap::ConnectionCallbackParams_t const*>::~CallChainOfFunctionPointersWithContext()
 .text._ZN38CallChainOfFunctionPointersWithContextIPKN3Gap29DisconnectionCallbackParams_tEED2Ev
                0x000000000001cbb4       0x24 ym/ble-nrf51822/source/ble-nrf51822.a(nRF5xGap.cpp.o)
                0x000000000001cbb4                CallChainOfFunctionPointersWithContext<Gap::DisconnectionCallbackParams_t const*>::~CallChainOfFunctionPointersWithContext()
                0x000000000001cbb4                CallChainOfFunctionPointersWithContext<Gap::DisconnectionCallbackParams_t const*>::~CallChainOfFunctionPointersWithContext()
 .text._ZN8nRF5xGapD2Ev
                0x000000000001cbd8       0x30 ym/ble-nrf51822/source/ble-nrf51822.a(nRF5xGap.cpp.o)
                0x000000000001cbd8                nRF5xGap::~nRF5xGap()
                0x000000000001cbd8                nRF5xGap::~nRF5xGap()
 .text._ZN4mbed4util19FunctionPointerBaseIvEC2Ev
                0x000000000001cc08       0x20 ym/ble-nrf51822/source/ble-nrf51822.a(nRF5xGap.cpp.o)
                0x000000000001cc08                mbed::util::FunctionPointerBase<void>::FunctionPointerBase()
                0x000000000001cc08                mbed::util::FunctionPointerBase<void>::FunctionPointerBase()
 .text._ZN8nRF5xGap11getInstanceEv
                0x000000000001cc28      0x15c ym/ble-nrf51822/source/ble-nrf51822.a(nRF5xGap.cpp.o)
                0x000000000001cc28                nRF5xGap::getInstance()
 .text._Z31radioNotificationStaticCallbackb
                0x000000000001cd84       0x30 ym/ble-nrf51822/source/ble-nrf51822.a(nRF5xGap.cpp.o)
                0x000000000001cd84                radioNotificationStaticCallback(bool)
 .text._ZN4mbed4util19FunctionPointerBindIvE4bindINS0_16FunctionPointer1IvbE10arg_structEEERS2_PKNS0_19FunctionPointerBaseIvE6ArgOpsEPT_PS9_z
                0x000000000001cdb4       0x60 ym/ble-nrf51822/source/ble-nrf51822.a(nRF5xGap.cpp.o)
                0x000000000001cdb4                mbed::util::FunctionPointerBind<void>& mbed::util::FunctionPointerBind<void>::bind<mbed::util::FunctionPointer1<void, bool>::arg_struct>(mbed::util::FunctionPointerBase<void>::ArgOps const*, mbed::util::FunctionPointer1<void, bool>::arg_struct*, mbed::util::FunctionPointerBase<void>*, ...)
 .text._ZN8nRF5xGap29postRadioNotificationCallbackEv
                0x000000000001ce14       0x70 ym/ble-nrf51822/source/ble-nrf51822.a(nRF5xGap.cpp.o)
                0x000000000001ce14                nRF5xGap::postRadioNotificationCallback()
 .text._ZN15nRF5xGattServer4readEtPhPt
                0x000000000001ce84       0x1c ym/ble-nrf51822/source/ble-nrf51822.a(nRF5xGattServer.cpp.o)
                0x000000000001ce84                nRF5xGattServer::read(unsigned short, unsigned char*, unsigned short*)
 .text._ZN15nRF5xGattServer5writeEtPKhtb
                0x000000000001cea0       0x20 ym/ble-nrf51822/source/ble-nrf51822.a(nRF5xGattServer.cpp.o)
                0x000000000001cea0                nRF5xGattServer::write(unsigned short, unsigned char const*, unsigned short, bool)
 .text._ZN38CallChainOfFunctionPointersWithContextIjED2Ev
                0x000000000001cec0       0x24 ym/ble-nrf51822/source/ble-nrf51822.a(nRF5xGattServer.cpp.o)
                0x000000000001cec0                CallChainOfFunctionPointersWithContext<unsigned int>::~CallChainOfFunctionPointersWithContext()
                0x000000000001cec0                CallChainOfFunctionPointersWithContext<unsigned int>::~CallChainOfFunctionPointersWithContext()
 .text._ZN38CallChainOfFunctionPointersWithContextIPK23GattWriteCallbackParamsED2Ev
                0x000000000001cee4       0x24 ym/ble-nrf51822/source/ble-nrf51822.a(nRF5xGattServer.cpp.o)
                0x000000000001cee4                CallChainOfFunctionPointersWithContext<GattWriteCallbackParams const*>::~CallChainOfFunctionPointersWithContext()
                0x000000000001cee4                CallChainOfFunctionPointersWithContext<GattWriteCallbackParams const*>::~CallChainOfFunctionPointersWithContext()
 .text._ZN38CallChainOfFunctionPointersWithContextIPK22GattReadCallbackParamsED2Ev
                0x000000000001cf08       0x24 ym/ble-nrf51822/source/ble-nrf51822.a(nRF5xGattServer.cpp.o)
                0x000000000001cf08                CallChainOfFunctionPointersWithContext<GattReadCallbackParams const*>::~CallChainOfFunctionPointersWithContext()
                0x000000000001cf08                CallChainOfFunctionPointersWithContext<GattReadCallbackParams const*>::~CallChainOfFunctionPointersWithContext()
 .text._ZN15nRF5xGattServerD2Ev
                0x000000000001cf2c       0x28 ym/ble-nrf51822/source/ble-nrf51822.a(nRF5xGattServer.cpp.o)
                0x000000000001cf2c                nRF5xGattServer::~nRF5xGattServer()
                0x000000000001cf2c                nRF5xGattServer::~nRF5xGattServer()
 .text._ZN15nRF5xGattServer5writeEttPKhtb
                0x000000000001cf54       0xe0 ym/ble-nrf51822/source/ble-nrf51822.a(nRF5xGattServer.cpp.o)
                0x000000000001cf54                nRF5xGattServer::write(unsigned short, unsigned short, unsigned char const*, unsigned short, bool)
 .text._ZN15nRF5xGattServer10addServiceER11GattService
                0x000000000001d034      0x1c0 ym/ble-nrf51822/source/ble-nrf51822.a(nRF5xGattServer.cpp.o)
                0x000000000001d034                nRF5xGattServer::addService(GattService&)
 .text._ZN15nRF5xGattServer11getInstanceEv
                0x000000000001d1f4       0xcc ym/ble-nrf51822/source/ble-nrf51822.a(nRF5xGattServer.cpp.o)
                0x000000000001d1f4                nRF5xGattServer::getInstance()
 .text.gatts_context_store
                0x000000000001d2c0       0xb8 ym/ble-nrf51822/source/ble-nrf51822.a(device_manager_peripheral.c.o)
 .text.device_context_store
                0x000000000001d378       0xb8 ym/ble-nrf51822/source/ble-nrf51822.a(device_manager_peripheral.c.o)
 .text.gatts_context_apply
                0x000000000001d430       0xbc ym/ble-nrf51822/source/ble-nrf51822.a(device_manager_peripheral.c.o)
 .text.gatts_context_load
                0x000000000001d4ec       0x34 ym/ble-nrf51822/source/ble-nrf51822.a(device_manager_peripheral.c.o)
 .text.dm_pstorage_cb_handler
                0x000000000001d520      0x130 ym/ble-nrf51822/source/ble-nrf51822.a(device_manager_peripheral.c.o)
 .text.peer_instance_init
                0x000000000001d650       0x48 ym/ble-nrf51822/source/ble-nrf51822.a(device_manager_peripheral.c.o)
 .text.device_instance_free
                0x000000000001d698       0x2c ym/ble-nrf51822/source/ble-nrf51822.a(device_manager_peripheral.c.o)
 .text.dm_init  0x000000000001d6c4       0xe4 ym/ble-nrf51822/source/ble-nrf51822.a(device_manager_peripheral.c.o)
                0x000000000001d6c4                dm_init
 .text.dm_register
                0x000000000001d7a8       0x74 ym/ble-nrf51822/source/ble-nrf51822.a(device_manager_peripheral.c.o)
                0x000000000001d7a8                dm_register
 .text.dm_security_status_req
                0x000000000001d81c       0x70 ym/ble-nrf51822/source/ble-nrf51822.a(device_manager_peripheral.c.o)
                0x000000000001d81c                dm_security_status_req
 .text.dm_device_delete_all
                0x000000000001d88c       0x58 ym/ble-nrf51822/source/ble-nrf51822.a(device_manager_peripheral.c.o)
                0x000000000001d88c                dm_device_delete_all
 .text.bond_data_load
                0x000000000001d8e4       0x48 ym/ble-nrf51822/source/ble-nrf51822.a(device_manager_peripheral.c.o)
                0x000000000001d8e4                bond_data_load
 .text.dm_ble_evt_handler
                0x000000000001d92c      0x388 ym/ble-nrf51822/source/ble-nrf51822.a(device_manager_peripheral.c.o)
                0x000000000001d92c                dm_ble_evt_handler
 .text.dm_handle_get
                0x000000000001dcb4       0x48 ym/ble-nrf51822/source/ble-nrf51822.a(device_manager_peripheral.c.o)
                0x000000000001dcb4                dm_handle_get
 .text._ZNK15nRF5xGattClient5writeEN10GattClient9WriteOp_tEttjPKh
                0x000000000001dcfc       0x40 ym/ble-nrf51822/source/ble-nrf51822.a(nRF5xGattClient.cpp.o)
                0x000000000001dcfc                nRF5xGattClient::write(GattClient::WriteOp_t, unsigned short, unsigned short, unsigned int, unsigned char const*) const
 .text._ZN21nRF5xServiceDiscovery6launchEtPFvPK17DiscoveredServiceEPFvPK24DiscoveredCharacteristicERK4UUIDSC_
                0x000000000001dd3c       0x78 ym/ble-nrf51822/source/ble-nrf51822.a(nRF5xGattClient.cpp.o)
                0x000000000001dd3c                nRF5xServiceDiscovery::launch(unsigned short, void (*)(DiscoveredService const*), void (*)(DiscoveredCharacteristic const*), UUID const&, UUID const&)
 .text._ZN15nRF5xGattClient11getInstanceEv
                0x000000000001ddb4       0xd0 ym/ble-nrf51822/source/ble-nrf51822.a(nRF5xGattClient.cpp.o)
                0x000000000001ddb4                nRF5xGattClient::getInstance()
 .text._ZL10dm_handlerPK13device_handlePK10dm_event_tm
                0x000000000001de84       0xc4 ym/ble-nrf51822/source/ble-nrf51822.a(btle_security.cpp.o)
 .text._Z23btle_initializeSecuritybbN15SecurityManager24SecurityIOCapabilities_tEPKh
                0x000000000001df48       0xcc ym/ble-nrf51822/source/ble-nrf51822.a(btle_security.cpp.o)
                0x000000000001df48                btle_initializeSecurity(bool, bool, SecurityManager::SecurityIOCapabilities_t, unsigned char const*)
 .text._Z25btle_purgeAllBondingStatev
                0x000000000001e014       0x28 ym/ble-nrf51822/source/ble-nrf51822.a(btle_security.cpp.o)
                0x000000000001e014                btle_purgeAllBondingState()
 .text._Z20btle_getLinkSecuritytPN15SecurityManager20LinkSecurityStatus_tE
                0x000000000001e03c       0x4c ym/ble-nrf51822/source/ble-nrf51822.a(btle_security.cpp.o)
                0x000000000001e03c                btle_getLinkSecurity(unsigned short, SecurityManager::LinkSecurityStatus_t*)
 .text.app_notify
                0x000000000001e088       0x30 ym/ble-nrf51822/source/ble-nrf51822.a(pstorage.c.o)
 .text.swap_state_process
                0x000000000001e0b8      0x198 ym/ble-nrf51822/source/ble-nrf51822.a(pstorage.c.o)
 .text.cmd_process
                0x000000000001e250       0xdc ym/ble-nrf51822/source/ble-nrf51822.a(pstorage.c.o)
 .text.cmd_queue_enqueue
                0x000000000001e32c       0x54 ym/ble-nrf51822/source/ble-nrf51822.a(pstorage.c.o)
 .text.cmd_queue_dequeue
                0x000000000001e380       0x28 ym/ble-nrf51822/source/ble-nrf51822.a(pstorage.c.o)
 .text.pstorage_sys_event_handler
                0x000000000001e3a8      0x110 ym/ble-nrf51822/source/ble-nrf51822.a(pstorage.c.o)
                0x000000000001e3a8                pstorage_sys_event_handler
 .text.pstorage_init
                0x000000000001e4b8       0xc8 ym/ble-nrf51822/source/ble-nrf51822.a(pstorage.c.o)
                0x000000000001e4b8                pstorage_init
 .text.pstorage_register
                0x000000000001e580      0x120 ym/ble-nrf51822/source/ble-nrf51822.a(pstorage.c.o)
                0x000000000001e580                pstorage_register
 .text.pstorage_block_identifier_get
                0x000000000001e6a0       0x50 ym/ble-nrf51822/source/ble-nrf51822.a(pstorage.c.o)
                0x000000000001e6a0                pstorage_block_identifier_get
 .text.pstorage_store
                0x000000000001e6f0       0x80 ym/ble-nrf51822/source/ble-nrf51822.a(pstorage.c.o)
                0x000000000001e6f0                pstorage_store
 .text.pstorage_update
                0x000000000001e770       0x80 ym/ble-nrf51822/source/ble-nrf51822.a(pstorage.c.o)
                0x000000000001e770                pstorage_update
 .text.pstorage_load
                0x000000000001e7f0       0x90 ym/ble-nrf51822/source/ble-nrf51822.a(pstorage.c.o)
                0x000000000001e7f0                pstorage_load
 .text.pstorage_clear
                0x000000000001e880       0x60 ym/ble-nrf51822/source/ble-nrf51822.a(pstorage.c.o)
                0x000000000001e880                pstorage_clear
 .text.intern_softdevice_events_execute
                0x000000000001e8e0       0xac ym/ble-nrf51822/source/ble-nrf51822.a(softdevice_handler.c.o)
                0x000000000001e8e0                intern_softdevice_events_execute
 .text.softdevice_handler_init
                0x000000000001e98c       0x48 ym/ble-nrf51822/source/ble-nrf51822.a(softdevice_handler.c.o)
                0x000000000001e98c                softdevice_handler_init
 .text.softdevice_handler_sd_disable
                0x000000000001e9d4       0x18 ym/ble-nrf51822/source/ble-nrf51822.a(softdevice_handler.c.o)
                0x000000000001e9d4                softdevice_handler_sd_disable
 .text.softdevice_ble_evt_handler_set
                0x000000000001e9ec       0x14 ym/ble-nrf51822/source/ble-nrf51822.a(softdevice_handler.c.o)
                0x000000000001e9ec                softdevice_ble_evt_handler_set
 .text.softdevice_sys_evt_handler_set
                0x000000000001ea00       0x14 ym/ble-nrf51822/source/ble-nrf51822.a(softdevice_handler.c.o)
                0x000000000001ea00                softdevice_sys_evt_handler_set
 .text.SWI2_IRQHandler
                0x000000000001ea14       0x24 ym/ble-nrf51822/source/ble-nrf51822.a(softdevice_handler.c.o)
                0x000000000001ea14                SWI2_IRQHandler
 .text.custom_convert_to_nordic_uuid
                0x000000000001ea38       0xa4 ym/ble-nrf51822/source/ble-nrf51822.a(custom_helper.cpp.o)
                0x000000000001ea38                custom_convert_to_nordic_uuid
 .text._Z13btle_gap_initv
                0x000000000001eadc       0x50 ym/ble-nrf51822/source/ble-nrf51822.a(btle_gap.cpp.o)
                0x000000000001eadc                btle_gap_init()
 .text.SWI1_IRQHandler
                0x000000000001eb2c       0x20 ym/ble-nrf51822/source/ble-nrf51822.a(ble_radio_notification.c.o)
                0x000000000001eb2c                SWI1_IRQHandler
 .text.ble_radio_notification_init
                0x000000000001eb4c       0x38 ym/ble-nrf51822/source/ble-nrf51822.a(ble_radio_notification.c.o)
                0x000000000001eb4c                ble_radio_notification_init
 .text._ZN21nRF5xServiceDiscovery29launchCharacteristicDiscoveryEttt
                0x000000000001eb84       0x4c ym/ble-nrf51822/source/ble-nrf51822.a(nRF5xServiceDiscovery.cpp.o)
                0x000000000001eb84                nRF5xServiceDiscovery::launchCharacteristicDiscovery(unsigned short, unsigned short, unsigned short)
 .text._ZN21nRF5xServiceDiscovery24progressServiceDiscoveryEv
                0x000000000001ebd0       0xe4 ym/ble-nrf51822/source/ble-nrf51822.a(nRF5xServiceDiscovery.cpp.o)
                0x000000000001ebd0                nRF5xServiceDiscovery::progressServiceDiscovery()
 .text._ZN21nRF5xServiceDiscovery25ServiceUUIDDiscoveryQueue12triggerFirstEv
                0x000000000001ecb4       0x58 ym/ble-nrf51822/source/ble-nrf51822.a(nRF5xServiceDiscovery.cpp.o)
                0x000000000001ecb4                nRF5xServiceDiscovery::ServiceUUIDDiscoveryQueue::triggerFirst()
 .text._ZN21nRF5xServiceDiscovery22CharUUIDDiscoveryQueue12triggerFirstEv
                0x000000000001ed0c       0x58 ym/ble-nrf51822/source/ble-nrf51822.a(nRF5xServiceDiscovery.cpp.o)
                0x000000000001ed0c                nRF5xServiceDiscovery::CharUUIDDiscoveryQueue::triggerFirst()
 .text._ZN21nRF5xServiceDiscovery27processDiscoverUUIDResponseEPK41ble_gattc_evt_char_val_by_uuid_read_rsp_t
                0x000000000001ed64       0xe4 ym/ble-nrf51822/source/ble-nrf51822.a(nRF5xServiceDiscovery.cpp.o)
                0x000000000001ed64                nRF5xServiceDiscovery::processDiscoverUUIDResponse(ble_gattc_evt_char_val_by_uuid_read_rsp_t const*)
 .text._ZN4mbed6Ticker6detachEv
                0x000000000001ee48       0x18 ym/mbed-drivers/source/mbed-drivers.a(Ticker.cpp.o)
                0x000000000001ee48                mbed::Ticker::detach()
 .text._ZN4mbed4util16FunctionPointer2IviPPcED2Ev
                0x000000000001ee60        0xc ym/mbed-drivers/source/mbed-drivers.a(retarget.cpp.o)
                0x000000000001ee60                mbed::util::FunctionPointer2<void, int, char**>::~FunctionPointer2()
                0x000000000001ee60                mbed::util::FunctionPointer2<void, int, char**>::~FunctionPointer2()
 .text._ZN4mbed4util16FunctionPointer2IviPPcED0Ev
                0x000000000001ee6c       0x14 ym/mbed-drivers/source/mbed-drivers.a(retarget.cpp.o)
                0x000000000001ee6c                mbed::util::FunctionPointer2<void, int, char**>::~FunctionPointer2()
 .text._ZL11init_serialv
                0x000000000001ee80       0x20 ym/mbed-drivers/source/mbed-drivers.a(retarget.cpp.o)
 .text._close   0x000000000001eea0       0x2c ym/mbed-drivers/source/mbed-drivers.a(retarget.cpp.o)
                0x000000000001eea0                _close
 .text._write   0x000000000001eecc       0x54 ym/mbed-drivers/source/mbed-drivers.a(retarget.cpp.o)
                0x000000000001eecc                _write
 .text._read    0x000000000001ef20       0x48 ym/mbed-drivers/source/mbed-drivers.a(retarget.cpp.o)
                0x000000000001ef20                _read
 .text._lseek   0x000000000001ef68       0x28 ym/mbed-drivers/source/mbed-drivers.a(retarget.cpp.o)
                0x000000000001ef68                _lseek
 .text._ZN4mbed4util19FunctionPointerBindIvE4bindINS0_16FunctionPointer2IviPPcE10arg_structEEERS2_PKNS0_19FunctionPointerBaseIvE6ArgOpsEPT_PSB_z
                0x000000000001ef90       0x60 ym/mbed-drivers/source/mbed-drivers.a(retarget.cpp.o)
                0x000000000001ef90                mbed::util::FunctionPointerBind<void>& mbed::util::FunctionPointerBind<void>::bind<mbed::util::FunctionPointer2<void, int, char**>::arg_struct>(mbed::util::FunctionPointerBase<void>::ArgOps const*, mbed::util::FunctionPointer2<void, int, char**>::arg_struct*, mbed::util::FunctionPointerBase<void>*, ...)
 .text.startup.main
                0x000000000001eff0       0x80 ym/mbed-drivers/source/mbed-drivers.a(retarget.cpp.o)
                0x000000000001eff0                main
 .text._ZN4mbed10TimerEventC2Ev
                0x000000000001f070       0x2c ym/mbed-drivers/source/mbed-drivers.a(TimerEvent.cpp.o)
                0x000000000001f070                mbed::TimerEvent::TimerEvent()
                0x000000000001f070                mbed::TimerEvent::TimerEvent()
 .text._ZN4mbed10TimerEventD2Ev
                0x000000000001f09c       0x18 ym/mbed-drivers/source/mbed-drivers.a(TimerEvent.cpp.o)
                0x000000000001f09c                mbed::TimerEvent::~TimerEvent()
                0x000000000001f09c                mbed::TimerEvent::~TimerEvent()
 .text.get_us_ticker_data
                0x000000000001f0b4        0x8 ym/mbed-drivers/source/mbed-drivers.a(us_ticker_api.c.o)
                0x000000000001f0b4                get_us_ticker_data
 .text.us_ticker_irq_handler
                0x000000000001f0bc       0x10 ym/mbed-drivers/source/mbed-drivers.a(us_ticker_api.c.o)
                0x000000000001f0bc                us_ticker_irq_handler
 .text._ZN5minar12CallbackNode13get_allocatorEv
                0x000000000001f0cc       0x5c ym/minar/source/minar.a(minar.cpp.o)
                0x000000000001f0cc                minar::CallbackNode::get_allocator()
 .text._ZN4mbed4util19FunctionPointerBindIvEC2ERKS2_
                0x000000000001f128       0x5c ym/minar/source/minar.a(minar.cpp.o)
                0x000000000001f128                mbed::util::FunctionPointerBind<void>::FunctionPointerBind(mbed::util::FunctionPointerBind<void> const&)
                0x000000000001f128                mbed::util::FunctionPointerBind<void>::FunctionPointerBind(mbed::util::FunctionPointerBind<void> const&)
 .text._ZN5minar9Scheduler13CallbackAdderC2ERS0_N4mbed4util19FunctionPointerBindIvEE
                0x000000000001f184       0x24 ym/minar/source/minar.a(minar.cpp.o)
                0x000000000001f184                minar::Scheduler::CallbackAdder::CallbackAdder(minar::Scheduler&, mbed::util::FunctionPointerBind<void>)
                0x000000000001f184                minar::Scheduler::CallbackAdder::CallbackAdder(minar::Scheduler&, mbed::util::FunctionPointerBind<void>)
 .text._ZNK4mbed4util10BinaryHeapIPN5minar12CallbackNodeENS2_13SchedulerData19CallbackNodeCompareEE8get_rootEv
                0x000000000001f1a8       0x28 ym/minar/source/minar.a(minar.cpp.o)
                0x000000000001f1a8                mbed::util::BinaryHeap<minar::CallbackNode*, minar::SchedulerData::CallbackNodeCompare>::get_root() const
 .text._ZN5minar13SchedulerDataC2Ev
                0x000000000001f1d0       0x60 ym/minar/source/minar.a(minar.cpp.o)
                0x000000000001f1d0                minar::SchedulerData::SchedulerData()
                0x000000000001f1d0                minar::SchedulerData::SchedulerData()
 .text._ZN5minar9Scheduler8instanceEv
                0x000000000001f230       0x38 ym/minar/source/minar.a(minar.cpp.o)
                0x000000000001f230                minar::Scheduler::instance()
 .text._ZN5minar9Scheduler12postCallbackERKN4mbed4util19FunctionPointerBindIvEE
                0x000000000001f268       0x34 ym/minar/source/minar.a(minar.cpp.o)
                0x000000000001f268                minar::Scheduler::postCallback(mbed::util::FunctionPointerBind<void> const&)
 .text._ZN5minar13SchedulerData5startEv
                0x000000000001f29c      0x180 ym/minar/source/minar.a(minar.cpp.o)
                0x000000000001f29c                minar::SchedulerData::start()
 .text._ZN5minar9Scheduler5startEv
                0x000000000001f41c       0x18 ym/minar/source/minar.a(minar.cpp.o)
                0x000000000001f41c                minar::Scheduler::start()
 .text._ZN5minar13SchedulerData11postGenericEN4mbed4util19FunctionPointerBindIvEEmmm
                0x000000000001f434       0x58 ym/minar/source/minar.a(minar.cpp.o)
                0x000000000001f434                minar::SchedulerData::postGeneric(mbed::util::FunctionPointerBind<void>, unsigned long, unsigned long, unsigned long)
 .text          0x000000000001f48c       0x48 ym/mbed-hal-nrf51822-mcu/existing/mbed-hal-nrf51822-mcu.a(startup_nRF51822.S.obj)
                0x000000000001f48c                Reset_Handler
                0x000000000001f4c8                NMI_Handler
                0x000000000001f4ca                HardFault_Handler
                0x000000000001f4cc                SVC_Handler
                0x000000000001f4ce                PendSV_Handler
                0x000000000001f4d0                SysTick_Handler
                0x000000000001f4d2                SWI4_IRQHandler
                0x000000000001f4d2                TEMP_IRQHandler
                0x000000000001f4d2                QDEC_IRQHandler
                0x000000000001f4d2                SWI5_IRQHandler
                0x000000000001f4d2                TIMER0_IRQHandler
                0x000000000001f4d2                SWI0_IRQHandler
                0x000000000001f4d2                TIMER1_IRQHandler
                0x000000000001f4d2                ECB_IRQHandler
                0x000000000001f4d2                Default_Handler
                0x000000000001f4d2                ADC_IRQHandler
                0x000000000001f4d2                SWI3_IRQHandler
                0x000000000001f4d2                CCM_AAR_IRQHandler
                0x000000000001f4d2                WDT_IRQHandler
                0x000000000001f4d2                RNG_IRQHandler
                0x000000000001f4d2                SPI0_TWI0_IRQHandler
                0x000000000001f4d2                SPI1_TWI1_IRQHandler
                0x000000000001f4d2                RTC0_IRQHandler
                0x000000000001f4d2                GPIOTE_IRQHandler
                0x000000000001f4d2                POWER_CLOCK_IRQHandler
                0x000000000001f4d2                RADIO_IRQHandler
                0x000000000001f4d2                LPCOMP_IRQHandler
 .text.setModulation.part.0
                0x000000000001f4d4       0x44 ym/mbed-hal-nrf51822-mcu/existing/mbed-hal-nrf51822-mcu.a(pwmout_api.c.o)
 .text.TIMER2_IRQHandler
                0x000000000001f518       0x64 ym/mbed-hal-nrf51822-mcu/existing/mbed-hal-nrf51822-mcu.a(pwmout_api.c.o)
                0x000000000001f518                TIMER2_IRQHandler
 .text.timer_init
                0x000000000001f57c       0x7c ym/mbed-hal-nrf51822-mcu/existing/mbed-hal-nrf51822-mcu.a(pwmout_api.c.o)
                0x000000000001f57c                timer_init
 .text.gpiote_init
                0x000000000001f5f8       0x50 ym/mbed-hal-nrf51822-mcu/existing/mbed-hal-nrf51822-mcu.a(pwmout_api.c.o)
                0x000000000001f5f8                gpiote_init
 .text.setModulation
                0x000000000001f648       0x50 ym/mbed-hal-nrf51822-mcu/existing/mbed-hal-nrf51822-mcu.a(pwmout_api.c.o)
                0x000000000001f648                setModulation
 .text.pwmout_write
                0x000000000001f698       0xcc ym/mbed-hal-nrf51822-mcu/existing/mbed-hal-nrf51822-mcu.a(pwmout_api.c.o)
                0x000000000001f698                pwmout_write
 .text.pwmout_period_us
                0x000000000001f764       0x58 ym/mbed-hal-nrf51822-mcu/existing/mbed-hal-nrf51822-mcu.a(pwmout_api.c.o)
                0x000000000001f764                pwmout_period_us
 .text.pwmout_period
                0x000000000001f7bc       0x20 ym/mbed-hal-nrf51822-mcu/existing/mbed-hal-nrf51822-mcu.a(pwmout_api.c.o)
                0x000000000001f7bc                pwmout_period
 .text.pwmout_init
                0x000000000001f7dc      0x17c ym/mbed-hal-nrf51822-mcu/existing/mbed-hal-nrf51822-mcu.a(pwmout_api.c.o)
                0x000000000001f7dc                pwmout_init
 .text.rtc1_getCounter64
                0x000000000001f958       0x3c ym/mbed-hal-nrf51822-mcu/existing/mbed-hal-nrf51822-mcu.a(us_ticker.c.o)
 .text.RTC1_IRQHandler
                0x000000000001f994       0x8c ym/mbed-hal-nrf51822-mcu/existing/mbed-hal-nrf51822-mcu.a(us_ticker.c.o)
                0x000000000001f994                RTC1_IRQHandler
 .text.us_ticker_init
                0x000000000001fa20       0x5c ym/mbed-hal-nrf51822-mcu/existing/mbed-hal-nrf51822-mcu.a(us_ticker.c.o)
                0x000000000001fa20                us_ticker_init
 .text.us_ticker_disable_interrupt
                0x000000000001fa7c       0x28 ym/mbed-hal-nrf51822-mcu/existing/mbed-hal-nrf51822-mcu.a(us_ticker.c.o)
                0x000000000001fa7c                us_ticker_disable_interrupt
 .text.us_ticker_clear_interrupt
                0x000000000001faa4       0x10 ym/mbed-hal-nrf51822-mcu/existing/mbed-hal-nrf51822-mcu.a(us_ticker.c.o)
                0x000000000001faa4                us_ticker_clear_interrupt
 .text.gpio_init
                0x000000000001fab4       0x30 ym/mbed-hal-nrf51822-mcu/existing/mbed-hal-nrf51822-mcu.a(gpio_api.c.o)
                0x000000000001fab4                gpio_init
 .text.serial_baud
                0x000000000001fae4       0x48 ym/mbed-hal-nrf51822-mcu/existing/mbed-hal-nrf51822-mcu.a(serial_api.c.o)
                0x000000000001fae4                serial_baud
 .text.serial_init
                0x000000000001fb2c       0xc4 ym/mbed-hal-nrf51822-mcu/existing/mbed-hal-nrf51822-mcu.a(serial_api.c.o)
                0x000000000001fb2c                serial_init
 .text.UART0_IRQHandler
                0x000000000001fbf0       0x4c ym/mbed-hal-nrf51822-mcu/existing/mbed-hal-nrf51822-mcu.a(serial_api.c.o)
                0x000000000001fbf0                UART0_IRQHandler
 .text.serial_putc
                0x000000000001fc3c       0x1c ym/mbed-hal-nrf51822-mcu/existing/mbed-hal-nrf51822-mcu.a(serial_api.c.o)
                0x000000000001fc3c                serial_putc
 .text.pinmap_peripheral
                0x000000000001fc58       0x20 ym/mbed-drivers/source/mbed-drivers.a(pinmap_common.c.o)
                0x000000000001fc58                pinmap_peripheral
 .text.mbed_enter_sleep
                0x000000000001fc78       0x20 ym/mbed-hal-nrf51822-mcu/existing/mbed-hal-nrf51822-mcu.a(sleep.c.o)
                0x000000000001fc78                mbed_enter_sleep
 .text.lp_ticker_get_compare_match
                0x000000000001fc98       0x10 ym/mbed-hal-nrf51822-mcu/existing/mbed-hal-nrf51822-mcu.a(lp_ticker.c.o)
                0x000000000001fc98                lp_ticker_get_compare_match
 .text.lp_ticker_sleep_until
                0x000000000001fca8       0x30 ym/mbed-hal-nrf51822-mcu/existing/mbed-hal-nrf51822-mcu.a(lp_ticker.c.o)
                0x000000000001fca8                lp_ticker_sleep_until
 .text.mbed_urealloc
                0x000000000001fcd8       0x3c ym/ualloc/source/ualloc.a(ualloc.c.o)
                0x000000000001fcd8                mbed_urealloc
 .text.mbed_ufree
                0x000000000001fd14       0x20 ym/ualloc/source/ualloc.a(ualloc.c.o)
                0x000000000001fd14                mbed_ufree
 .text.dispose_chunk
                0x000000000001fd34      0x408 ym/dlmalloc/source/dlmalloc.a(dlmalloc.c.o)
 .text.init_mparams
                0x000000000002013c       0x48 ym/dlmalloc/source/dlmalloc.a(dlmalloc.c.o)
 .text.try_realloc_chunk.isra.3.constprop.6
                0x0000000000020184      0x2a4 ym/dlmalloc/source/dlmalloc.a(dlmalloc.c.o)
 .text.init_top.constprop.16
                0x0000000000020428       0x38 ym/dlmalloc/source/dlmalloc.a(dlmalloc.c.o)
 .text.segment_holding.constprop.17
                0x0000000000020460       0x24 ym/dlmalloc/source/dlmalloc.a(dlmalloc.c.o)
 .text.dlmalloc
                0x0000000000020484      0xe7c ym/dlmalloc/source/dlmalloc.a(dlmalloc.c.o)
                0x0000000000020484                dlmalloc
 .text.dlfree   0x0000000000021300      0x454 ym/dlmalloc/source/dlmalloc.a(dlmalloc.c.o)
                0x0000000000021300                dlfree
 .text.SystemInit
                0x0000000000021754       0xb0 ym/cmsis-core-nrf51822/source/cmsis-core-nrf51822.a(system_nrf51.c.o)
                0x0000000000021754                SystemInit
 .text._Znwj    0x0000000000021804       0x28 /usr/local/Cellar/gcc-arm-none-eabi-48/20140805/bin/../lib/gcc/arm-none-eabi/4.8.4/../../../../arm-none-eabi/lib/armv6-m/libstdc++_s.a(new_op.o)
                0x0000000000021804                operator new(unsigned int)
 .text          0x000000000002182c       0x14 /usr/local/Cellar/gcc-arm-none-eabi-48/20140805/bin/../lib/gcc/arm-none-eabi/4.8.4/armv6-m/libgcc.a(_thumb1_case_uqi.o)
                0x000000000002182c                __gnu_thumb1_case_uqi
 .text          0x0000000000021840       0x9c /usr/local/Cellar/gcc-arm-none-eabi-48/20140805/bin/../lib/gcc/arm-none-eabi/4.8.4/armv6-m/libgcc.a(_udivsi3.o)
                0x0000000000021840                __udivsi3
                0x0000000000021840                __aeabi_uidiv
                0x00000000000218c8                __aeabi_uidivmod
 .text          0x00000000000218dc        0x4 /usr/local/Cellar/gcc-arm-none-eabi-48/20140805/bin/../lib/gcc/arm-none-eabi/4.8.4/armv6-m/libgcc.a(_dvmd_tls.o)
                0x00000000000218dc                __aeabi_ldiv0
                0x00000000000218dc                __aeabi_idiv0
 .text          0x00000000000218e0       0x74 /usr/local/Cellar/gcc-arm-none-eabi-48/20140805/bin/../lib/gcc/arm-none-eabi/4.8.4/armv6-m/libgcc.a(_arm_cmpsf2.o)
                0x00000000000218e0                __aeabi_cfrcmple
                0x00000000000218e8                __aeabi_cfcmple
                0x00000000000218e8                __aeabi_cfcmpeq
                0x00000000000218f8                __aeabi_fcmpeq
                0x0000000000021904                __aeabi_fcmplt
                0x0000000000021918                __aeabi_fcmple
                0x000000000002192c                __aeabi_fcmpgt
                0x0000000000021940                __aeabi_fcmpge
 .text          0x0000000000021954       0x40 /usr/local/Cellar/gcc-arm-none-eabi-48/20140805/bin/../lib/gcc/arm-none-eabi/4.8.4/armv6-m/libgcc.a(_aeabi_uldivmod.o)
                0x0000000000021954                __aeabi_uldivmod
 .text          0x0000000000021994       0x44 /usr/local/Cellar/gcc-arm-none-eabi-48/20140805/bin/../lib/gcc/arm-none-eabi/4.8.4/armv6-m/libgcc.a(_muldi3.o)
                0x0000000000021994                __aeabi_lmul
                0x0000000000021994                __muldi3
 .text          0x00000000000219d8       0x30 /usr/local/Cellar/gcc-arm-none-eabi-48/20140805/bin/../lib/gcc/arm-none-eabi/4.8.4/armv6-m/libgcc.a(_fixunssfsi.o)
                0x00000000000219d8                __aeabi_f2uiz
                0x00000000000219d8                __fixunssfsi
 .text          0x0000000000021a08       0x6c /usr/local/Cellar/gcc-arm-none-eabi-48/20140805/bin/../lib/gcc/arm-none-eabi/4.8.4/armv6-m/libgcc.a(bpabi.o)
                0x0000000000021a08                __gnu_ldivmod_helper
                0x0000000000021a40                __gnu_uldivmod_helper
 .text          0x0000000000021a74       0x54 /usr/local/Cellar/gcc-arm-none-eabi-48/20140805/bin/../lib/gcc/arm-none-eabi/4.8.4/armv6-m/libgcc.a(eqsf2.o)
                0x0000000000021a74                __nesf2
                0x0000000000021a74                __eqsf2
 .text          0x0000000000021ac8       0x90 /usr/local/Cellar/gcc-arm-none-eabi-48/20140805/bin/../lib/gcc/arm-none-eabi/4.8.4/armv6-m/libgcc.a(gesf2.o)
                0x0000000000021ac8                __gtsf2
                0x0000000000021ac8                __gesf2
 .text          0x0000000000021b58       0x98 /usr/local/Cellar/gcc-arm-none-eabi-48/20140805/bin/../lib/gcc/arm-none-eabi/4.8.4/armv6-m/libgcc.a(lesf2.o)
                0x0000000000021b58                __lesf2
                0x0000000000021b58                __ltsf2
 .text          0x0000000000021bf0      0x254 /usr/local/Cellar/gcc-arm-none-eabi-48/20140805/bin/../lib/gcc/arm-none-eabi/4.8.4/armv6-m/libgcc.a(mulsf3.o)
                0x0000000000021bf0                __aeabi_fmul
 .text          0x0000000000021e44      0x2ec /usr/local/Cellar/gcc-arm-none-eabi-48/20140805/bin/../lib/gcc/arm-none-eabi/4.8.4/armv6-m/libgcc.a(subsf3.o)
                0x0000000000021e44                __aeabi_fsub
 .text          0x0000000000022130       0x40 /usr/local/Cellar/gcc-arm-none-eabi-48/20140805/bin/../lib/gcc/arm-none-eabi/4.8.4/armv6-m/libgcc.a(fixsfsi.o)
                0x0000000000022130                __aeabi_f2iz
 .text          0x0000000000022170       0xb8 /usr/local/Cellar/gcc-arm-none-eabi-48/20140805/bin/../lib/gcc/arm-none-eabi/4.8.4/armv6-m/libgcc.a(floatsisf.o)
                0x0000000000022170                __aeabi_i2f
 .text          0x0000000000022228       0x3c /usr/local/Cellar/gcc-arm-none-eabi-48/20140805/bin/../lib/gcc/arm-none-eabi/4.8.4/armv6-m/libgcc.a(_clzsi2.o)
                0x0000000000022228                __clzsi2
 .text          0x0000000000022264      0x3b8 /usr/local/Cellar/gcc-arm-none-eabi-48/20140805/bin/../lib/gcc/arm-none-eabi/4.8.4/armv6-m/libgcc.a(_divdi3.o)
                0x0000000000022264                __divdi3
 .text          0x000000000002261c      0x384 /usr/local/Cellar/gcc-arm-none-eabi-48/20140805/bin/../lib/gcc/arm-none-eabi/4.8.4/armv6-m/libgcc.a(_udivdi3.o)
                0x000000000002261c                __udivdi3
 .text.__cxa_atexit
                0x00000000000229a0       0x20 /usr/local/Cellar/gcc-arm-none-eabi-48/20140805/bin/../lib/gcc/arm-none-eabi/4.8.4/../../../../arm-none-eabi/lib/armv6-m/libc_s.a(lib_a-cxa_atexit.o)
                0x00000000000229a0                __cxa_atexit
 .text.__errno  0x00000000000229c0        0xc /usr/local/Cellar/gcc-arm-none-eabi-48/20140805/bin/../lib/gcc/arm-none-eabi/4.8.4/../../../../arm-none-eabi/lib/armv6-m/libc_s.a(lib_a-errno.o)
                0x00000000000229c0                __errno
 .text.__libc_init_array
                0x00000000000229cc       0x4c /usr/local/Cellar/gcc-arm-none-eabi-48/20140805/bin/../lib/gcc/arm-none-eabi/4.8.4/../../../../arm-none-eabi/lib/armv6-m/libc_s.a(lib_a-init.o)
                0x00000000000229cc                __libc_init_array
 .text.malloc   0x0000000000022a18       0x14 /usr/local/Cellar/gcc-arm-none-eabi-48/20140805/bin/../lib/gcc/arm-none-eabi/4.8.4/../../../../arm-none-eabi/lib/armv6-m/libc_s.a(lib_a-malloc.o)
                0x0000000000022a18                malloc
 .text.free     0x0000000000022a2c       0x14 /usr/local/Cellar/gcc-arm-none-eabi-48/20140805/bin/../lib/gcc/arm-none-eabi/4.8.4/../../../../arm-none-eabi/lib/armv6-m/libc_s.a(lib_a-malloc.o)
                0x0000000000022a2c                free
 .text.setvbuf  0x0000000000022a40      0x10c /usr/local/Cellar/gcc-arm-none-eabi-48/20140805/bin/../lib/gcc/arm-none-eabi/4.8.4/../../../../arm-none-eabi/lib/armv6-m/libc_s.a(lib_a-setvbuf.o)
                0x0000000000022a40                setvbuf
 .text.raise    0x0000000000022b4c       0x14 /usr/local/Cellar/gcc-arm-none-eabi-48/20140805/bin/../lib/gcc/arm-none-eabi/4.8.4/../../../../arm-none-eabi/lib/armv6-m/libc_s.a(lib_a-signal.o)
                0x0000000000022b4c                raise
 .text._kill_r  0x0000000000022b60       0x24 /usr/local/Cellar/gcc-arm-none-eabi-48/20140805/bin/../lib/gcc/arm-none-eabi/4.8.4/../../../../arm-none-eabi/lib/armv6-m/libc_s.a(lib_a-signalr.o)
                0x0000000000022b60                _kill_r
 .text.snprintf
                0x0000000000022b84       0x64 /usr/local/Cellar/gcc-arm-none-eabi-48/20140805/bin/../lib/gcc/arm-none-eabi/4.8.4/../../../../arm-none-eabi/lib/armv6-m/libc_s.a(lib_a-snprintf.o)
                0x0000000000022b84                snprintf
                0x0000000000022b84                sniprintf
 .text.__sread  0x0000000000022be8       0x28 /usr/local/Cellar/gcc-arm-none-eabi-48/20140805/bin/../lib/gcc/arm-none-eabi/4.8.4/../../../../arm-none-eabi/lib/armv6-m/libc_s.a(lib_a-stdio.o)
                0x0000000000022be8                __sread
 .text.__swrite
                0x0000000000022c10       0x38 /usr/local/Cellar/gcc-arm-none-eabi-48/20140805/bin/../lib/gcc/arm-none-eabi/4.8.4/../../../../arm-none-eabi/lib/armv6-m/libc_s.a(lib_a-stdio.o)
                0x0000000000022c10                __swrite
 .text.__sseek  0x0000000000022c48       0x2c /usr/local/Cellar/gcc-arm-none-eabi-48/20140805/bin/../lib/gcc/arm-none-eabi/4.8.4/../../../../arm-none-eabi/lib/armv6-m/libc_s.a(lib_a-stdio.o)
                0x0000000000022c48                __sseek
 .text.__ssputs_r
                0x0000000000022c74       0xc0 /usr/local/Cellar/gcc-arm-none-eabi-48/20140805/bin/../lib/gcc/arm-none-eabi/4.8.4/../../../../arm-none-eabi/lib/armv6-m/libc_s.a(lib_a-svfprintf.o)
                0x0000000000022c74                __ssputs_r
 .text._svfprintf_r
                0x0000000000022d34      0x1e0 /usr/local/Cellar/gcc-arm-none-eabi-48/20140805/bin/../lib/gcc/arm-none-eabi/4.8.4/../../../../arm-none-eabi/lib/armv6-m/libc_s.a(lib_a-svfprintf.o)
                0x0000000000022d34                _svfprintf_r
                0x0000000000022d34                _svfiprintf_r
 .text._printf_i
                0x0000000000022f14      0x22c /usr/local/Cellar/gcc-arm-none-eabi-48/20140805/bin/../lib/gcc/arm-none-eabi/4.8.4/../../../../arm-none-eabi/lib/armv6-m/libc_s.a(lib_a-vfprintf_i.o)
                0x0000000000022f14                _printf_i
 .text._write_r
                0x0000000000023140       0x28 /usr/local/Cellar/gcc-arm-none-eabi-48/20140805/bin/../lib/gcc/arm-none-eabi/4.8.4/../../../../arm-none-eabi/lib/armv6-m/libc_s.a(lib_a-writer.o)
                0x0000000000023140                _write_r
 .text._close_r
                0x0000000000023168       0x24 /usr/local/Cellar/gcc-arm-none-eabi-48/20140805/bin/../lib/gcc/arm-none-eabi/4.8.4/../../../../arm-none-eabi/lib/armv6-m/libc_s.a(lib_a-closer.o)
                0x0000000000023168                _close_r
 .text._fflush_r
                0x000000000002318c       0x58 /usr/local/Cellar/gcc-arm-none-eabi-48/20140805/bin/../lib/gcc/arm-none-eabi/4.8.4/../../../../arm-none-eabi/lib/armv6-m/libc_s.a(lib_a-fflush.o)
                0x000000000002318c                _fflush_r
 .text.std.isra.0
                0x00000000000231e4       0x48 /usr/local/Cellar/gcc-arm-none-eabi-48/20140805/bin/../lib/gcc/arm-none-eabi/4.8.4/../../../../arm-none-eabi/lib/armv6-m/libc_s.a(lib_a-findfp.o)
 .text.__sinit  0x000000000002322c       0x64 /usr/local/Cellar/gcc-arm-none-eabi-48/20140805/bin/../lib/gcc/arm-none-eabi/4.8.4/../../../../arm-none-eabi/lib/armv6-m/libc_s.a(lib_a-findfp.o)
                0x000000000002322c                __sinit
 .text.__sfp    0x0000000000023290       0x7c /usr/local/Cellar/gcc-arm-none-eabi-48/20140805/bin/../lib/gcc/arm-none-eabi/4.8.4/../../../../arm-none-eabi/lib/armv6-m/libc_s.a(lib_a-findfp.o)
                0x0000000000023290                __sfp
 .text._lseek_r
                0x000000000002330c       0x28 /usr/local/Cellar/gcc-arm-none-eabi-48/20140805/bin/../lib/gcc/arm-none-eabi/4.8.4/../../../../arm-none-eabi/lib/armv6-m/libc_s.a(lib_a-lseekr.o)
                0x000000000002330c                _lseek_r
 .text._read_r  0x0000000000023334       0x28 /usr/local/Cellar/gcc-arm-none-eabi-48/20140805/bin/../lib/gcc/arm-none-eabi/4.8.4/../../../../arm-none-eabi/lib/armv6-m/libc_s.a(lib_a-readr.o)
                0x0000000000023334                _read_r
 .text.mbed_sbrk
                0x000000000002335c       0x64 ym/core-util/source/core-util.a(sbrk.cpp.o)
                0x000000000002335c                mbed_sbrk
 .text.mbed_krbs_ex
                0x00000000000233c0       0x6c ym/core-util/source/core-util.a(sbrk.cpp.o)
                0x00000000000233c0                mbed_krbs_ex
 .text._ZN26FunctionPointerWithContextIPKN3Gap29AdvertisementCallbackParams_tEE14functioncallerEPS4_S3_
                0x000000000002342c        0xe source/CMakeFiles/ble-ledblinker.dir/Users/jacobrosenthal/Downloads/ble-examples/BLE_LEDBlinker/source/main.cpp.o
                0x000000000002342c                FunctionPointerWithContext<Gap::AdvertisementCallbackParams_t const*>::functioncaller(FunctionPointerWithContext<Gap::AdvertisementCallbackParams_t const*>*, Gap::AdvertisementCallbackParams_t const*)
 .text._ZN26FunctionPointerWithContextIPN3BLE37InitializationCompleteCallbackContextEE14functioncallerEPS3_S2_
                0x000000000002343a        0xe source/CMakeFiles/ble-ledblinker.dir/Users/jacobrosenthal/Downloads/ble-examples/BLE_LEDBlinker/source/main.cpp.o
                0x000000000002343a                FunctionPointerWithContext<BLE::InitializationCompleteCallbackContext*>::functioncaller(FunctionPointerWithContext<BLE::InitializationCompleteCallbackContext*>*, BLE::InitializationCompleteCallbackContext*)
 .text._Z11isHeartratePKhh
                0x0000000000023448       0x2e source/CMakeFiles/ble-ledblinker.dir/Users/jacobrosenthal/Downloads/ble-examples/BLE_LEDBlinker/source/main.cpp.o
                0x0000000000023448                isHeartrate(unsigned char const*, unsigned char)
 .text._Z12getHeartRatePKhh
                0x0000000000023476       0x22 source/CMakeFiles/ble-ledblinker.dir/Users/jacobrosenthal/Downloads/ble-examples/BLE_LEDBlinker/source/main.cpp.o
                0x0000000000023476                getHeartRate(unsigned char const*, unsigned char)
 .text._ZN17GapScanningParams10setTimeoutEt
                0x0000000000023498        0x6 ym/ble/source/ble.a(GapScanningParams.cpp.o)
                0x0000000000023498                GapScanningParams::setTimeout(unsigned short)
 .text._ZN17GapScanningParams17setActiveScanningEb
                0x000000000002349e        0x4 ym/ble/source/ble.a(GapScanningParams.cpp.o)
                0x000000000002349e                GapScanningParams::setActiveScanning(bool)
 .text._ZN3BLE18initImplementationE26FunctionPointerWithContextIPNS_37InitializationCompleteCallbackContextEE
                0x00000000000234a2       0x38 ym/ble/source/ble.a(BLE.cpp.o)
                0x00000000000234a2                BLE::initImplementation(FunctionPointerWithContext<BLE::InitializationCompleteCallbackContext*>)
 .text._ZL18sd_ble_version_getP13ble_version_t
                0x00000000000234da        0x4 ym/ble-nrf51822/source/ble-nrf51822.a(nRF5xn.cpp.o)
 .text._ZL15sd_app_evt_waitv
                0x00000000000234de        0x4 ym/ble-nrf51822/source/ble-nrf51822.a(nRF5xn.cpp.o)
 .text._ZNK6nRF5xn14hasInitializedEv
                0x00000000000234e2        0x4 ym/ble-nrf51822/source/ble-nrf51822.a(nRF5xn.cpp.o)
                0x00000000000234e2                nRF5xn::hasInitialized() const
 .text._ZN6nRF5xn12waitForEventEv
                0x00000000000234e6        0x8 ym/ble-nrf51822/source/ble-nrf51822.a(nRF5xn.cpp.o)
                0x00000000000234e6                nRF5xn::waitForEvent()
 .text._ZN6nRF5xn6getGapEv
                0x00000000000234ee        0x8 ym/ble-nrf51822/source/ble-nrf51822.a(nRF5xn.cpp.o)
                0x00000000000234ee                nRF5xn::getGap()
 .text._ZNK6nRF5xn6getGapEv
                0x00000000000234f6        0x8 ym/ble-nrf51822/source/ble-nrf51822.a(nRF5xn.cpp.o)
                0x00000000000234f6                nRF5xn::getGap() const
 .text._ZN6nRF5xn13getGattServerEv
                0x00000000000234fe        0x8 ym/ble-nrf51822/source/ble-nrf51822.a(nRF5xn.cpp.o)
                0x00000000000234fe                nRF5xn::getGattServer()
 .text._ZNK6nRF5xn13getGattServerEv
                0x0000000000023506        0x8 ym/ble-nrf51822/source/ble-nrf51822.a(nRF5xn.cpp.o)
                0x0000000000023506                nRF5xn::getGattServer() const
 .text._ZN6nRF5xn13getGattClientEv
                0x000000000002350e        0x8 ym/ble-nrf51822/source/ble-nrf51822.a(nRF5xn.cpp.o)
                0x000000000002350e                nRF5xn::getGattClient()
 .text._ZNK6nRF5xn18getSecurityManagerEv
                0x0000000000023516        0x8 ym/ble-nrf51822/source/ble-nrf51822.a(nRF5xn.cpp.o)
                0x0000000000023516                nRF5xn::getSecurityManager() const
 .text._ZN6nRF5xn18getSecurityManagerEv
                0x000000000002351e        0x8 ym/ble-nrf51822/source/ble-nrf51822.a(nRF5xn.cpp.o)
                0x000000000002351e                nRF5xn::getSecurityManager()
 .text._ZN6nRF5xn8shutdownEv
                0x0000000000023526       0x1e ym/ble-nrf51822/source/ble-nrf51822.a(nRF5xn.cpp.o)
                0x0000000000023526                nRF5xn::shutdown()
 .text._ZN26FunctionPointerWithContextIPN3BLE37InitializationCompleteCallbackContextEE4callES2_
                0x0000000000023544       0x16 ym/ble-nrf51822/source/ble-nrf51822.a(nRF5xn.cpp.o)
                0x0000000000023544                FunctionPointerWithContext<BLE::InitializationCompleteCallbackContext*>::call(BLE::InitializationCompleteCallbackContext*)
 .text._ZN6nRF5xn4initEj26FunctionPointerWithContextIPN3BLE37InitializationCompleteCallbackContextEE
                0x000000000002355a       0x46 ym/ble-nrf51822/source/ble-nrf51822.a(nRF5xn.cpp.o)
                0x000000000002355a                nRF5xn::init(unsigned int, FunctionPointerWithContext<BLE::InitializationCompleteCallbackContext*>)
 .text._ZN15SecurityManager24onSecuritySetupInitiatedEPFvtbbNS_24SecurityIOCapabilities_tEE
                0x00000000000235a0        0x4 ym/ble-nrf51822/source/ble-nrf51822.a(nRF5xSecurityManager.cpp.o)
                0x00000000000235a0                SecurityManager::onSecuritySetupInitiated(void (*)(unsigned short, bool, bool, SecurityManager::SecurityIOCapabilities_t))
 .text._ZN15SecurityManager24onSecuritySetupCompletedEPFvtNS_26SecurityCompletionStatus_tEE
                0x00000000000235a4        0x4 ym/ble-nrf51822/source/ble-nrf51822.a(nRF5xSecurityManager.cpp.o)
                0x00000000000235a4                SecurityManager::onSecuritySetupCompleted(void (*)(unsigned short, SecurityManager::SecurityCompletionStatus_t))
 .text._ZN15SecurityManager13onLinkSecuredEPFvtNS_14SecurityMode_tEE
                0x00000000000235a8        0x4 ym/ble-nrf51822/source/ble-nrf51822.a(nRF5xSecurityManager.cpp.o)
                0x00000000000235a8                SecurityManager::onLinkSecured(void (*)(unsigned short, SecurityManager::SecurityMode_t))
 .text._ZN15SecurityManager23onSecurityContextStoredEPFvtE
                0x00000000000235ac        0x4 ym/ble-nrf51822/source/ble-nrf51822.a(nRF5xSecurityManager.cpp.o)
                0x00000000000235ac                SecurityManager::onSecurityContextStored(void (*)(unsigned short))
 .text._ZN15SecurityManager16onPasskeyDisplayEPFvtPKhE
                0x00000000000235b0        0x4 ym/ble-nrf51822/source/ble-nrf51822.a(nRF5xSecurityManager.cpp.o)
                0x00000000000235b0                SecurityManager::onPasskeyDisplay(void (*)(unsigned short, unsigned char const*))
 .text._ZN20nRF5xSecurityManager4initEbbN15SecurityManager24SecurityIOCapabilities_tEPKh
                0x00000000000235b4       0x10 ym/ble-nrf51822/source/ble-nrf51822.a(nRF5xSecurityManager.cpp.o)
                0x00000000000235b4                nRF5xSecurityManager::init(bool, bool, SecurityManager::SecurityIOCapabilities_t, unsigned char const*)
 .text._ZN20nRF5xSecurityManager15getLinkSecurityEtPN15SecurityManager20LinkSecurityStatus_tE
                0x00000000000235c4        0xc ym/ble-nrf51822/source/ble-nrf51822.a(nRF5xSecurityManager.cpp.o)
                0x00000000000235c4                nRF5xSecurityManager::getLinkSecurity(unsigned short, SecurityManager::LinkSecurityStatus_t*)
 .text._ZN20nRF5xSecurityManager20purgeAllBondingStateEv
                0x00000000000235d0        0x8 ym/ble-nrf51822/source/ble-nrf51822.a(nRF5xSecurityManager.cpp.o)
                0x00000000000235d0                nRF5xSecurityManager::purgeAllBondingState()
 .text.sd_ble_gap_address_set
                0x00000000000235d8        0x4 ym/ble-nrf51822/source/ble-nrf51822.a(btle.cpp.o)
 .text.sd_ble_gap_address_get
                0x00000000000235dc        0x4 ym/ble-nrf51822/source/ble-nrf51822.a(btle.cpp.o)
 .text.sd_ble_enable
                0x00000000000235e0        0x4 ym/ble-nrf51822/source/ble-nrf51822.a(btle.cpp.o)
 .text._ZN4mbed4util19FunctionPointerBaseIvE17_null_constructorEPvSt9__va_list
                0x00000000000235e4        0x2 ym/ble-nrf51822/source/ble-nrf51822.a(btle.cpp.o)
                0x00000000000235e4                mbed::util::FunctionPointerBase<void>::_null_constructor(void*, std::__va_list)
 .text._ZN4mbed4util19FunctionPointerBaseIvE15_null_copy_argsEPvS3_
                0x00000000000235e6        0x2 ym/ble-nrf51822/source/ble-nrf51822.a(btle.cpp.o)
                0x00000000000235e6                mbed::util::FunctionPointerBase<void>::_null_copy_args(void*, void*)
 .text._ZN4mbed4util19FunctionPointerBaseIvE16_null_destructorEPv
                0x00000000000235e8        0x2 ym/ble-nrf51822/source/ble-nrf51822.a(btle.cpp.o)
                0x00000000000235e8                mbed::util::FunctionPointerBase<void>::_null_destructor(void*)
 .text._ZN4mbed4util16FunctionPointer0IvE12staticcallerEPvPjS3_
                0x00000000000235ea        0x6 ym/ble-nrf51822/source/ble-nrf51822.a(btle.cpp.o)
                0x00000000000235ea                mbed::util::FunctionPointer0<void>::staticcaller(void*, unsigned int*, void*)
 .text._ZN4mbed4util19FunctionPointerBindIvED0Ev
                0x00000000000235f0       0x12 ym/ble-nrf51822/source/ble-nrf51822.a(btle.cpp.o)
                0x00000000000235f0                mbed::util::FunctionPointerBind<void>::~FunctionPointerBind()
 .text._ZL16sys_evt_dispatchm
                0x0000000000023602        0x8 ym/ble-nrf51822/source/ble-nrf51822.a(btle.cpp.o)
 .text._ZN4mbed4util19FunctionPointerBaseIvE5clearEv
                0x000000000002360a       0x12 ym/ble-nrf51822/source/ble-nrf51822.a(btle.cpp.o)
                0x000000000002360a                mbed::util::FunctionPointerBase<void>::clear()
 .text.assert_nrf_callback
                0x000000000002361c        0x2 ym/ble-nrf51822/source/ble-nrf51822.a(btle.cpp.o)
                0x000000000002361c                assert_nrf_callback
 .text._ZL22sd_ble_gap_address_sethPK14ble_gap_addr_t
                0x000000000002361e        0x4 ym/ble-nrf51822/source/ble-nrf51822.a(nRF5xGap.cpp.o)
 .text._ZL22sd_ble_gap_address_getP14ble_gap_addr_t
                0x0000000000023622        0x4 ym/ble-nrf51822/source/ble-nrf51822.a(nRF5xGap.cpp.o)
 .text._ZL23sd_ble_gap_adv_data_setPKhhS0_h
                0x0000000000023626        0x4 ym/ble-nrf51822/source/ble-nrf51822.a(nRF5xGap.cpp.o)
 .text._ZL20sd_ble_gap_adv_startPK20ble_gap_adv_params_t
                0x000000000002362a        0x4 ym/ble-nrf51822/source/ble-nrf51822.a(nRF5xGap.cpp.o)
 .text._ZL19sd_ble_gap_adv_stopv
                0x000000000002362e        0x4 ym/ble-nrf51822/source/ble-nrf51822.a(nRF5xGap.cpp.o)
 .text._ZL28sd_ble_gap_conn_param_updatetPK21ble_gap_conn_params_t
                0x0000000000023632        0x4 ym/ble-nrf51822/source/ble-nrf51822.a(nRF5xGap.cpp.o)
 .text._ZL21sd_ble_gap_disconnectth
                0x0000000000023636        0x4 ym/ble-nrf51822/source/ble-nrf51822.a(nRF5xGap.cpp.o)
 .text._ZL23sd_ble_gap_tx_power_seta
                0x000000000002363a        0x4 ym/ble-nrf51822/source/ble-nrf51822.a(nRF5xGap.cpp.o)
 .text._ZL25sd_ble_gap_appearance_sett
                0x000000000002363e        0x4 ym/ble-nrf51822/source/ble-nrf51822.a(nRF5xGap.cpp.o)
 .text._ZL25sd_ble_gap_appearance_getPt
                0x0000000000023642        0x4 ym/ble-nrf51822/source/ble-nrf51822.a(nRF5xGap.cpp.o)
 .text._ZL19sd_ble_gap_ppcp_setPK21ble_gap_conn_params_t
                0x0000000000023646        0x4 ym/ble-nrf51822/source/ble-nrf51822.a(nRF5xGap.cpp.o)
 .text._ZL19sd_ble_gap_ppcp_getP21ble_gap_conn_params_t
                0x000000000002364a        0x4 ym/ble-nrf51822/source/ble-nrf51822.a(nRF5xGap.cpp.o)
 .text._ZL26sd_ble_gap_device_name_setPK23ble_gap_conn_sec_mode_tPKht
                0x000000000002364e        0x4 ym/ble-nrf51822/source/ble-nrf51822.a(nRF5xGap.cpp.o)
 .text._ZL26sd_ble_gap_device_name_getPhPt
                0x0000000000023652        0x4 ym/ble-nrf51822/source/ble-nrf51822.a(nRF5xGap.cpp.o)
 .text._ZL21sd_ble_gap_scan_startPK21ble_gap_scan_params_t
                0x0000000000023656        0x4 ym/ble-nrf51822/source/ble-nrf51822.a(nRF5xGap.cpp.o)
 .text._ZL20sd_ble_gap_scan_stopv
                0x000000000002365a        0x4 ym/ble-nrf51822/source/ble-nrf51822.a(nRF5xGap.cpp.o)
 .text._ZL18sd_ble_gap_connectPK14ble_gap_addr_tPK21ble_gap_scan_params_tPK21ble_gap_conn_params_t
                0x000000000002365e        0x4 ym/ble-nrf51822/source/ble-nrf51822.a(nRF5xGap.cpp.o)
 .text._ZN3Gap10setAddressENS_13AddressType_tEPKh
                0x0000000000023662        0x4 ym/ble-nrf51822/source/ble-nrf51822.a(nRF5xGap.cpp.o)
                0x0000000000023662                Gap::setAddress(Gap::AddressType_t, unsigned char const*)
 .text._ZN3Gap10getAddressEPNS_13AddressType_tEPh
                0x0000000000023666        0x4 ym/ble-nrf51822/source/ble-nrf51822.a(nRF5xGap.cpp.o)
                0x0000000000023666                Gap::getAddress(Gap::AddressType_t*, unsigned char*)
 .text._ZNK3Gap25getMinAdvertisingIntervalEv
                0x000000000002366a        0x4 ym/ble-nrf51822/source/ble-nrf51822.a(nRF5xGap.cpp.o)
                0x000000000002366a                Gap::getMinAdvertisingInterval() const
 .text._ZNK3Gap39getMinNonConnectableAdvertisingIntervalEv
                0x000000000002366e        0x4 ym/ble-nrf51822/source/ble-nrf51822.a(nRF5xGap.cpp.o)
                0x000000000002366e                Gap::getMinNonConnectableAdvertisingInterval() const
 .text._ZN3Gap15stopAdvertisingEv
                0x0000000000023672        0x4 ym/ble-nrf51822/source/ble-nrf51822.a(nRF5xGap.cpp.o)
                0x0000000000023672                Gap::stopAdvertising()
 .text._ZN3Gap8stopScanEv
                0x0000000000023676        0x4 ym/ble-nrf51822/source/ble-nrf51822.a(nRF5xGap.cpp.o)
                0x0000000000023676                Gap::stopScan()
 .text._ZN3Gap7connectEPKhNS_13AddressType_tEPKNS_18ConnectionParams_tEPK17GapScanningParams
                0x000000000002367a        0x4 ym/ble-nrf51822/source/ble-nrf51822.a(nRF5xGap.cpp.o)
                0x000000000002367a                Gap::connect(unsigned char const*, Gap::AddressType_t, Gap::ConnectionParams_t const*, GapScanningParams const*)
 .text._ZN3Gap10disconnectEtNS_21DisconnectionReason_tE
                0x000000000002367e        0x4 ym/ble-nrf51822/source/ble-nrf51822.a(nRF5xGap.cpp.o)
                0x000000000002367e                Gap::disconnect(unsigned short, Gap::DisconnectionReason_t)
 .text._ZN3Gap10disconnectENS_21DisconnectionReason_tE
                0x0000000000023682        0x4 ym/ble-nrf51822/source/ble-nrf51822.a(nRF5xGap.cpp.o)
                0x0000000000023682                Gap::disconnect(Gap::DisconnectionReason_t)
 .text._ZN3Gap28getPreferredConnectionParamsEPNS_18ConnectionParams_tE
                0x0000000000023686        0x4 ym/ble-nrf51822/source/ble-nrf51822.a(nRF5xGap.cpp.o)
                0x0000000000023686                Gap::getPreferredConnectionParams(Gap::ConnectionParams_t*)
 .text._ZN3Gap28setPreferredConnectionParamsEPKNS_18ConnectionParams_tE
                0x000000000002368a        0x4 ym/ble-nrf51822/source/ble-nrf51822.a(nRF5xGap.cpp.o)
                0x000000000002368a                Gap::setPreferredConnectionParams(Gap::ConnectionParams_t const*)
 .text._ZN3Gap22updateConnectionParamsEtPKNS_18ConnectionParams_tE
                0x000000000002368e        0x4 ym/ble-nrf51822/source/ble-nrf51822.a(nRF5xGap.cpp.o)
                0x000000000002368e                Gap::updateConnectionParams(unsigned short, Gap::ConnectionParams_t const*)
 .text._ZN3Gap13setDeviceNameEPKh
                0x0000000000023692        0x4 ym/ble-nrf51822/source/ble-nrf51822.a(nRF5xGap.cpp.o)
                0x0000000000023692                Gap::setDeviceName(unsigned char const*)
 .text._ZN3Gap13getDeviceNameEPhPj
                0x0000000000023696        0x4 ym/ble-nrf51822/source/ble-nrf51822.a(nRF5xGap.cpp.o)
                0x0000000000023696                Gap::getDeviceName(unsigned char*, unsigned int*)
 .text._ZN3Gap13setAppearanceEN18GapAdvertisingData12Appearance_tE
                0x000000000002369a        0x4 ym/ble-nrf51822/source/ble-nrf51822.a(nRF5xGap.cpp.o)
                0x000000000002369a                Gap::setAppearance(GapAdvertisingData::Appearance_t)
 .text._ZN3Gap13getAppearanceEPN18GapAdvertisingData12Appearance_tE
                0x000000000002369e        0x4 ym/ble-nrf51822/source/ble-nrf51822.a(nRF5xGap.cpp.o)
                0x000000000002369e                Gap::getAppearance(GapAdvertisingData::Appearance_t*)
 .text._ZN3Gap10setTxPowerEa
                0x00000000000236a2        0x4 ym/ble-nrf51822/source/ble-nrf51822.a(nRF5xGap.cpp.o)
                0x00000000000236a2                Gap::setTxPower(signed char)
 .text._ZN3Gap25getPermittedTxPowerValuesEPPKaPj
                0x00000000000236a6        0x6 ym/ble-nrf51822/source/ble-nrf51822.a(nRF5xGap.cpp.o)
                0x00000000000236a6                Gap::getPermittedTxPowerValues(signed char const**, unsigned int*)
 .text._ZN3Gap14startRadioScanERK17GapScanningParams
                0x00000000000236ac        0x4 ym/ble-nrf51822/source/ble-nrf51822.a(nRF5xGap.cpp.o)
                0x00000000000236ac                Gap::startRadioScan(GapScanningParams const&)
 .text._ZN3Gap21initRadioNotificationEv
                0x00000000000236b0        0x4 ym/ble-nrf51822/source/ble-nrf51822.a(nRF5xGap.cpp.o)
                0x00000000000236b0                Gap::initRadioNotification()
 .text._ZNK8nRF5xGap25getMinAdvertisingIntervalEv
                0x00000000000236b4        0x4 ym/ble-nrf51822/source/ble-nrf51822.a(nRF5xGap.cpp.o)
                0x00000000000236b4                nRF5xGap::getMinAdvertisingInterval() const
 .text._ZNK8nRF5xGap39getMinNonConnectableAdvertisingIntervalEv
                0x00000000000236b8        0x4 ym/ble-nrf51822/source/ble-nrf51822.a(nRF5xGap.cpp.o)
                0x00000000000236b8                nRF5xGap::getMinNonConnectableAdvertisingInterval() const
 .text._ZNK8nRF5xGap25getMaxAdvertisingIntervalEv
                0x00000000000236bc        0x6 ym/ble-nrf51822/source/ble-nrf51822.a(nRF5xGap.cpp.o)
                0x00000000000236bc                nRF5xGap::getMaxAdvertisingInterval() const
 .text._ZN8nRF5xGap14startRadioScanERK17GapScanningParams
                0x00000000000236c2       0x3a ym/ble-nrf51822/source/ble-nrf51822.a(nRF5xGap.cpp.o)
                0x00000000000236c2                nRF5xGap::startRadioScan(GapScanningParams const&)
 .text._ZN8nRF5xGap8stopScanEv
                0x00000000000236fc       0x14 ym/ble-nrf51822/source/ble-nrf51822.a(nRF5xGap.cpp.o)
                0x00000000000236fc                nRF5xGap::stopScan()
 .text._ZN8nRF5xGap15stopAdvertisingEv
                0x0000000000023710       0x20 ym/ble-nrf51822/source/ble-nrf51822.a(nRF5xGap.cpp.o)
                0x0000000000023710                nRF5xGap::stopAdvertising()
 .text._ZN8nRF5xGap10disconnectEtN3Gap21DisconnectionReason_tE
                0x0000000000023730       0x26 ym/ble-nrf51822/source/ble-nrf51822.a(nRF5xGap.cpp.o)
                0x0000000000023730                nRF5xGap::disconnect(unsigned short, Gap::DisconnectionReason_t)
 .text._ZN8nRF5xGap10disconnectEN3Gap21DisconnectionReason_tE
                0x0000000000023756       0x12 ym/ble-nrf51822/source/ble-nrf51822.a(nRF5xGap.cpp.o)
                0x0000000000023756                nRF5xGap::disconnect(Gap::DisconnectionReason_t)
 .text._ZN8nRF5xGap28getPreferredConnectionParamsEPN3Gap18ConnectionParams_tE
                0x0000000000023768       0x10 ym/ble-nrf51822/source/ble-nrf51822.a(nRF5xGap.cpp.o)
                0x0000000000023768                nRF5xGap::getPreferredConnectionParams(Gap::ConnectionParams_t*)
 .text._ZN8nRF5xGap28setPreferredConnectionParamsEPKN3Gap18ConnectionParams_tE
                0x0000000000023778       0x10 ym/ble-nrf51822/source/ble-nrf51822.a(nRF5xGap.cpp.o)
                0x0000000000023778                nRF5xGap::setPreferredConnectionParams(Gap::ConnectionParams_t const*)
 .text._ZN8nRF5xGap22updateConnectionParamsEtPKN3Gap18ConnectionParams_tE
                0x0000000000023788       0x18 ym/ble-nrf51822/source/ble-nrf51822.a(nRF5xGap.cpp.o)
                0x0000000000023788                nRF5xGap::updateConnectionParams(unsigned short, Gap::ConnectionParams_t const*)
 .text._ZN8nRF5xGap10getAddressEPN3Gap13AddressType_tEPh
                0x00000000000237a0       0x36 ym/ble-nrf51822/source/ble-nrf51822.a(nRF5xGap.cpp.o)
                0x00000000000237a0                nRF5xGap::getAddress(Gap::AddressType_t*, unsigned char*)
 .text._ZN8nRF5xGap13getDeviceNameEPhPj
                0x00000000000237d6       0x18 ym/ble-nrf51822/source/ble-nrf51822.a(nRF5xGap.cpp.o)
                0x00000000000237d6                nRF5xGap::getDeviceName(unsigned char*, unsigned int*)
 .text._ZN8nRF5xGap13setAppearanceEN18GapAdvertisingData12Appearance_tE
                0x00000000000237ee       0x16 ym/ble-nrf51822/source/ble-nrf51822.a(nRF5xGap.cpp.o)
                0x00000000000237ee                nRF5xGap::setAppearance(GapAdvertisingData::Appearance_t)
 .text._ZN8nRF5xGap13getAppearanceEPN18GapAdvertisingData12Appearance_tE
                0x0000000000023804       0x16 ym/ble-nrf51822/source/ble-nrf51822.a(nRF5xGap.cpp.o)
                0x0000000000023804                nRF5xGap::getAppearance(GapAdvertisingData::Appearance_t*)
 .text._ZN8nRF5xGap10setTxPowerEa
                0x000000000002381a       0x1a ym/ble-nrf51822/source/ble-nrf51822.a(nRF5xGap.cpp.o)
                0x000000000002381a                nRF5xGap::setTxPower(signed char)
 .text._ZN26FunctionPointerWithContextIbE4callEb
                0x0000000000023834       0x16 ym/ble-nrf51822/source/ble-nrf51822.a(nRF5xGap.cpp.o)
                0x0000000000023834                FunctionPointerWithContext<bool>::call(bool)
 .text._ZN26FunctionPointerWithContextIbE14functioncallerEPS0_b
                0x000000000002384a        0xe ym/ble-nrf51822/source/ble-nrf51822.a(nRF5xGap.cpp.o)
                0x000000000002384a                FunctionPointerWithContext<bool>::functioncaller(FunctionPointerWithContext<bool>*, bool)
 .text._ZN4mbed4util16FunctionPointer1IvbE11constructorEPvSt9__va_list
                0x0000000000023858        0xc ym/ble-nrf51822/source/ble-nrf51822.a(nRF5xGap.cpp.o)
                0x0000000000023858                mbed::util::FunctionPointer1<void, bool>::constructor(void*, std::__va_list)
 .text._ZN4mbed4util16FunctionPointer1IvbE16copy_constructorEPvS3_
                0x0000000000023864        0xa ym/ble-nrf51822/source/ble-nrf51822.a(nRF5xGap.cpp.o)
                0x0000000000023864                mbed::util::FunctionPointer1<void, bool>::copy_constructor(void*, void*)
 .text._ZN4mbed4util16FunctionPointer1IvbE10destructorEPv
                0x000000000002386e        0x2 ym/ble-nrf51822/source/ble-nrf51822.a(nRF5xGap.cpp.o)
                0x000000000002386e                mbed::util::FunctionPointer1<void, bool>::destructor(void*)
 .text._ZN4mbed4util16FunctionPointer1IvbE12membercallerI26FunctionPointerWithContextIbEEEvPvPjS6_
                0x0000000000023870       0x16 ym/ble-nrf51822/source/ble-nrf51822.a(nRF5xGap.cpp.o)
                0x0000000000023870                void mbed::util::FunctionPointer1<void, bool>::membercaller<FunctionPointerWithContext<bool> >(void*, unsigned int*, void*)
 .text._ZN4mbed4util16FunctionPointer0IvE12membercallerI8nRF5xGapEEvPvPjS5_
                0x0000000000023886       0x14 ym/ble-nrf51822/source/ble-nrf51822.a(nRF5xGap.cpp.o)
                0x0000000000023886                void mbed::util::FunctionPointer0<void>::membercaller<nRF5xGap>(void*, unsigned int*, void*)
 .text._ZN4mbed6TickerD0Ev
                0x000000000002389a       0x12 ym/ble-nrf51822/source/ble-nrf51822.a(nRF5xGap.cpp.o)
                0x000000000002389a                mbed::Ticker::~Ticker()
 .text._ZN4mbed7TimeoutD0Ev
                0x00000000000238ac       0x12 ym/ble-nrf51822/source/ble-nrf51822.a(nRF5xGap.cpp.o)
                0x00000000000238ac                mbed::Timeout::~Timeout()
 .text._ZN8nRF5xGap13setDeviceNameEPKh
                0x00000000000238be       0x28 ym/ble-nrf51822/source/ble-nrf51822.a(nRF5xGap.cpp.o)
                0x00000000000238be                nRF5xGap::setDeviceName(unsigned char const*)
 .text._ZN8nRF5xGap10setAddressEN3Gap13AddressType_tEPKh
                0x00000000000238e6       0x2a ym/ble-nrf51822/source/ble-nrf51822.a(nRF5xGap.cpp.o)
                0x00000000000238e6                nRF5xGap::setAddress(Gap::AddressType_t, unsigned char const*)
 .text._ZN8nRF5xGap18setAdvertisingDataERK18GapAdvertisingDataS2_
                0x0000000000023910       0x2a ym/ble-nrf51822/source/ble-nrf51822.a(nRF5xGap.cpp.o)
                0x0000000000023910                nRF5xGap::setAdvertisingData(GapAdvertisingData const&, GapAdvertisingData const&)
 .text._ZN38CallChainOfFunctionPointersWithContextIPKN3Gap26ConnectionCallbackParams_tEED0Ev
                0x000000000002393a       0x12 ym/ble-nrf51822/source/ble-nrf51822.a(nRF5xGap.cpp.o)
                0x000000000002393a                CallChainOfFunctionPointersWithContext<Gap::ConnectionCallbackParams_t const*>::~CallChainOfFunctionPointersWithContext()
 .text._ZN38CallChainOfFunctionPointersWithContextIPKN3Gap29DisconnectionCallbackParams_tEED0Ev
                0x000000000002394c       0x12 ym/ble-nrf51822/source/ble-nrf51822.a(nRF5xGap.cpp.o)
                0x000000000002394c                CallChainOfFunctionPointersWithContext<Gap::DisconnectionCallbackParams_t const*>::~CallChainOfFunctionPointersWithContext()
 .text._ZN8nRF5xGap19setConnectionHandleEt
                0x000000000002395e        0x6 ym/ble-nrf51822/source/ble-nrf51822.a(nRF5xGap.cpp.o)
                0x000000000002395e                nRF5xGap::setConnectionHandle(unsigned short)
 .text._ZN8nRF5xGap19getConnectionHandleEv
                0x0000000000023964        0x6 ym/ble-nrf51822/source/ble-nrf51822.a(nRF5xGap.cpp.o)
                0x0000000000023964                nRF5xGap::getConnectionHandle()
 .text._ZL24sd_ble_gatts_service_addhPK10ble_uuid_tPt
                0x000000000002396a        0x4 ym/ble-nrf51822/source/ble-nrf51822.a(nRF5xGattServer.cpp.o)
 .text._ZL22sd_ble_gatts_value_setttP17ble_gatts_value_t
                0x000000000002396e        0x4 ym/ble-nrf51822/source/ble-nrf51822.a(nRF5xGattServer.cpp.o)
 .text._ZL22sd_ble_gatts_value_getttP17ble_gatts_value_t
                0x0000000000023972        0x4 ym/ble-nrf51822/source/ble-nrf51822.a(nRF5xGattServer.cpp.o)
 .text._ZL16sd_ble_gatts_hvxtPK22ble_gatts_hvx_params_t
                0x0000000000023976        0x4 ym/ble-nrf51822/source/ble-nrf51822.a(nRF5xGattServer.cpp.o)
 .text._ZL31sd_ble_gatts_rw_authorize_replytPK37ble_gatts_rw_authorize_reply_params_t
                0x000000000002397a        0x4 ym/ble-nrf51822/source/ble-nrf51822.a(nRF5xGattServer.cpp.o)
 .text._ZL25sd_ble_gatts_sys_attr_settPKhtm
                0x000000000002397e        0x4 ym/ble-nrf51822/source/ble-nrf51822.a(nRF5xGattServer.cpp.o)
 .text._ZN10GattServer10addServiceER11GattService
                0x0000000000023982        0x4 ym/ble-nrf51822/source/ble-nrf51822.a(nRF5xGattServer.cpp.o)
                0x0000000000023982                GattServer::addService(GattService&)
 .text._ZN10GattServer4readEtPhPt
                0x0000000000023986        0x4 ym/ble-nrf51822/source/ble-nrf51822.a(nRF5xGattServer.cpp.o)
                0x0000000000023986                GattServer::read(unsigned short, unsigned char*, unsigned short*)
 .text._ZN10GattServer4readEttPhPt
                0x000000000002398a        0x4 ym/ble-nrf51822/source/ble-nrf51822.a(nRF5xGattServer.cpp.o)
                0x000000000002398a                GattServer::read(unsigned short, unsigned short, unsigned char*, unsigned short*)
 .text._ZN10GattServer5writeEtPKhtb
                0x000000000002398e        0x4 ym/ble-nrf51822/source/ble-nrf51822.a(nRF5xGattServer.cpp.o)
                0x000000000002398e                GattServer::write(unsigned short, unsigned char const*, unsigned short, bool)
 .text._ZN10GattServer5writeEttPKhtb
                0x0000000000023992        0x4 ym/ble-nrf51822/source/ble-nrf51822.a(nRF5xGattServer.cpp.o)
                0x0000000000023992                GattServer::write(unsigned short, unsigned short, unsigned char const*, unsigned short, bool)
 .text._ZN10GattServer17areUpdatesEnabledERK18GattCharacteristicPb
                0x0000000000023996        0x4 ym/ble-nrf51822/source/ble-nrf51822.a(nRF5xGattServer.cpp.o)
                0x0000000000023996                GattServer::areUpdatesEnabled(GattCharacteristic const&, bool*)
 .text._ZN10GattServer17areUpdatesEnabledEtRK18GattCharacteristicPb
                0x000000000002399a        0x4 ym/ble-nrf51822/source/ble-nrf51822.a(nRF5xGattServer.cpp.o)
                0x000000000002399a                GattServer::areUpdatesEnabled(unsigned short, GattCharacteristic const&, bool*)
 .text._ZNK10GattServer21isOnDataReadAvailableEv
                0x000000000002399e        0x4 ym/ble-nrf51822/source/ble-nrf51822.a(nRF5xGattServer.cpp.o)
                0x000000000002399e                GattServer::isOnDataReadAvailable() const
 .text._ZN15nRF5xGattServer4readEttPhPt
                0x00000000000239a2       0x2a ym/ble-nrf51822/source/ble-nrf51822.a(nRF5xGattServer.cpp.o)
                0x00000000000239a2                nRF5xGattServer::read(unsigned short, unsigned short, unsigned char*, unsigned short*)
 .text._ZN15nRF5xGattServer17areUpdatesEnabledERK18GattCharacteristicPb
                0x00000000000239cc       0x20 ym/ble-nrf51822/source/ble-nrf51822.a(nRF5xGattServer.cpp.o)
                0x00000000000239cc                nRF5xGattServer::areUpdatesEnabled(GattCharacteristic const&, bool*)
 .text._ZN38CallChainOfFunctionPointersWithContextIjED0Ev
                0x00000000000239ec       0x12 ym/ble-nrf51822/source/ble-nrf51822.a(nRF5xGattServer.cpp.o)
                0x00000000000239ec                CallChainOfFunctionPointersWithContext<unsigned int>::~CallChainOfFunctionPointersWithContext()
 .text._ZN38CallChainOfFunctionPointersWithContextIPK23GattWriteCallbackParamsED0Ev
                0x00000000000239fe       0x12 ym/ble-nrf51822/source/ble-nrf51822.a(nRF5xGattServer.cpp.o)
                0x00000000000239fe                CallChainOfFunctionPointersWithContext<GattWriteCallbackParams const*>::~CallChainOfFunctionPointersWithContext()
 .text._ZN38CallChainOfFunctionPointersWithContextIPK22GattReadCallbackParamsED0Ev
                0x0000000000023a10       0x12 ym/ble-nrf51822/source/ble-nrf51822.a(nRF5xGattServer.cpp.o)
                0x0000000000023a10                CallChainOfFunctionPointersWithContext<GattReadCallbackParams const*>::~CallChainOfFunctionPointersWithContext()
 .text._ZN15nRF5xGattServer17areUpdatesEnabledEtRK18GattCharacteristicPb
                0x0000000000023a22       0x5e ym/ble-nrf51822/source/ble-nrf51822.a(nRF5xGattServer.cpp.o)
                0x0000000000023a22                nRF5xGattServer::areUpdatesEnabled(unsigned short, GattCharacteristic const&, bool*)
 .text._ZNK4UUIDeqERKS_
                0x0000000000023a80       0x3c ym/ble-nrf51822/source/ble-nrf51822.a(nRF5xGattServer.cpp.o)
                0x0000000000023a80                UUID::operator==(UUID const&) const
 .text._ZN10GattServer22handleDataWrittenEventEPK23GattWriteCallbackParams
                0x0000000000023abc       0x18 ym/ble-nrf51822/source/ble-nrf51822.a(nRF5xGattServer.cpp.o)
                0x0000000000023abc                GattServer::handleDataWrittenEvent(GattWriteCallbackParams const*)
 .text._ZN10GattServer11handleEventEN16GattServerEvents11gattEvent_eEt
                0x0000000000023ad4       0x24 ym/ble-nrf51822/source/ble-nrf51822.a(nRF5xGattServer.cpp.o)
                0x0000000000023ad4                GattServer::handleEvent(GattServerEvents::gattEvent_e, unsigned short)
 .text._ZN15nRF5xGattServer10hwCallbackEP9ble_evt_t
                0x0000000000023af8      0x232 ym/ble-nrf51822/source/ble-nrf51822.a(nRF5xGattServer.cpp.o)
                0x0000000000023af8                nRF5xGattServer::hwCallback(ble_evt_t*)
 .text.sd_ble_gap_sec_params_reply
                0x0000000000023d2a        0x4 ym/ble-nrf51822/source/ble-nrf51822.a(device_manager_peripheral.c.o)
 .text.sd_ble_gap_sec_info_reply
                0x0000000000023d2e        0x4 ym/ble-nrf51822/source/ble-nrf51822.a(device_manager_peripheral.c.o)
 .text.sd_ble_gatts_service_changed
                0x0000000000023d32        0x4 ym/ble-nrf51822/source/ble-nrf51822.a(device_manager_peripheral.c.o)
 .text.sd_ble_gatts_sys_attr_set
                0x0000000000023d36        0x4 ym/ble-nrf51822/source/ble-nrf51822.a(device_manager_peripheral.c.o)
 .text.sd_ble_gatts_sys_attr_get
                0x0000000000023d3a        0x4 ym/ble-nrf51822/source/ble-nrf51822.a(device_manager_peripheral.c.o)
 .text.storage_operation_dummy_handler
                0x0000000000023d3e        0x4 ym/ble-nrf51822/source/ble-nrf51822.a(device_manager_peripheral.c.o)
 .text.no_service_context_store
                0x0000000000023d42        0x4 ym/ble-nrf51822/source/ble-nrf51822.a(device_manager_peripheral.c.o)
 .text.gattc_context_store
                0x0000000000023d46        0x4 ym/ble-nrf51822/source/ble-nrf51822.a(device_manager_peripheral.c.o)
 .text.no_service_context_load
                0x0000000000023d4a        0x4 ym/ble-nrf51822/source/ble-nrf51822.a(device_manager_peripheral.c.o)
 .text.gattc_context_load
                0x0000000000023d4e        0x4 ym/ble-nrf51822/source/ble-nrf51822.a(device_manager_peripheral.c.o)
 .text.no_service_context_apply
                0x0000000000023d52        0x4 ym/ble-nrf51822/source/ble-nrf51822.a(device_manager_peripheral.c.o)
 .text.gattc_context_apply
                0x0000000000023d56        0x4 ym/ble-nrf51822/source/ble-nrf51822.a(device_manager_peripheral.c.o)
 .text.gattsc_context_store
                0x0000000000023d5a        0x8 ym/ble-nrf51822/source/ble-nrf51822.a(device_manager_peripheral.c.o)
 .text.gattsc_context_apply
                0x0000000000023d62        0x8 ym/ble-nrf51822/source/ble-nrf51822.a(device_manager_peripheral.c.o)
 .text.gattsc_context_load
                0x0000000000023d6a        0x8 ym/ble-nrf51822/source/ble-nrf51822.a(device_manager_peripheral.c.o)
 .text._ZN10GattClient16discoverServicesEtPFvPK17DiscoveredServiceEtt
                0x0000000000023d72        0x4 ym/ble-nrf51822/source/ble-nrf51822.a(nRF5xGattClient.cpp.o)
                0x0000000000023d72                GattClient::discoverServices(unsigned short, void (*)(DiscoveredService const*), unsigned short, unsigned short)
 .text._ZL38sd_ble_gattc_primary_services_discoverttPK10ble_uuid_t
                0x0000000000023d76        0x4 ym/ble-nrf51822/source/ble-nrf51822.a(nRF5xGattClient.cpp.o)
 .text._ZL17sd_ble_gattc_readttt
                0x0000000000023d7a        0x4 ym/ble-nrf51822/source/ble-nrf51822.a(nRF5xGattClient.cpp.o)
 .text._ZL18sd_ble_gattc_writetPK24ble_gattc_write_params_t
                0x0000000000023d7e        0x4 ym/ble-nrf51822/source/ble-nrf51822.a(nRF5xGattClient.cpp.o)
 .text._ZNK21nRF5xServiceDiscovery8isActiveEv
                0x0000000000023d82        0xc ym/ble-nrf51822/source/ble-nrf51822.a(nRF5xGattClient.cpp.o)
                0x0000000000023d82                nRF5xServiceDiscovery::isActive() const
 .text._ZN21nRF5xServiceDiscovery13onTerminationEPFvtE
                0x0000000000023d8e        0x6 ym/ble-nrf51822/source/ble-nrf51822.a(nRF5xGattClient.cpp.o)
                0x0000000000023d8e                nRF5xServiceDiscovery::onTermination(void (*)(unsigned short))
 .text._ZN15nRF5xGattClient29onServiceDiscoveryTerminationEPFvtE
                0x0000000000023d94        0x6 ym/ble-nrf51822/source/ble-nrf51822.a(nRF5xGattClient.cpp.o)
                0x0000000000023d94                nRF5xGattClient::onServiceDiscoveryTermination(void (*)(unsigned short))
 .text._ZNK15nRF5xGattClient24isServiceDiscoveryActiveEv
                0x0000000000023d9a        0xc ym/ble-nrf51822/source/ble-nrf51822.a(nRF5xGattClient.cpp.o)
                0x0000000000023d9a                nRF5xGattClient::isServiceDiscoveryActive() const
 .text._ZNK15nRF5xGattClient4readEttt
                0x0000000000023da6       0x20 ym/ble-nrf51822/source/ble-nrf51822.a(nRF5xGattClient.cpp.o)
                0x0000000000023da6                nRF5xGattClient::read(unsigned short, unsigned short, unsigned short) const
 .text._ZN15nRF5xGattClient22launchServiceDiscoveryEtPFvPK17DiscoveredServiceEPFvPK24DiscoveredCharacteristicERK4UUIDSC_