Archive member included because of file (symbol)

ym/ble/source/ble.a(GapScanningParams.cpp.o)
                              source/CMakeFiles/ble-ledblinker.dir/Users/jacobrosenthal/Downloads/ble-examples/BLE_LEDBlinker/source/main.cpp.o (GapScanningParams::setInterval(unsigned short))
ym/ble/source/ble.a(BLE.cpp.o)
                              source/CMakeFiles/ble-ledblinker.dir/Users/jacobrosenthal/Downloads/ble-examples/BLE_LEDBlinker/source/main.cpp.o (BLE::initImplementation(FunctionPointerWithContext<BLE::InitializationCompleteCallbackContext*>))
ym/ble-nrf51822/source/ble-nrf51822.a(nRF5xn.cpp.o)
                              ym/ble/source/ble.a(BLE.cpp.o) (createBLEInstance())
ym/ble-nrf51822/source/ble-nrf51822.a(nRF5xSecurityManager.cpp.o)
                              ym/ble-nrf51822/source/ble-nrf51822.a(nRF5xn.cpp.o) (nRF5xSecurityManager::getInstance())
ym/ble-nrf51822/source/ble-nrf51822.a(btle.cpp.o)
                              ym/ble-nrf51822/source/ble-nrf51822.a(nRF5xn.cpp.o) (btle_init)
ym/ble-nrf51822/source/ble-nrf51822.a(nRF5xGap.cpp.o)
                              ym/ble-nrf51822/source/ble-nrf51822.a(btle.cpp.o) (nRF5xGap::setConnectionHandle(unsigned short))
ym/ble-nrf51822/source/ble-nrf51822.a(nRF5xGattServer.cpp.o)
                              ym/ble-nrf51822/source/ble-nrf51822.a(nRF5xn.cpp.o) (nRF5xGattServer::getInstance())
ym/ble-nrf51822/source/ble-nrf51822.a(device_manager_peripheral.c.o)
                              ym/ble-nrf51822/source/ble-nrf51822.a(btle.cpp.o) (dm_ble_evt_handler)
ym/ble-nrf51822/source/ble-nrf51822.a(nRF5xGattClient.cpp.o)
                              ym/ble-nrf51822/source/ble-nrf51822.a(nRF5xn.cpp.o) (nRF5xGattClient::getInstance())
ym/ble-nrf51822/source/ble-nrf51822.a(btle_security.cpp.o)
                              ym/ble-nrf51822/source/ble-nrf51822.a(nRF5xSecurityManager.cpp.o) (btle_initializeSecurity(bool, bool, SecurityManager::SecurityIOCapabilities_t, unsigned char const*))
ym/ble-nrf51822/source/ble-nrf51822.a(pstorage.c.o)
                              ym/ble-nrf51822/source/ble-nrf51822.a(btle.cpp.o) (pstorage_sys_event_handler)
ym/ble-nrf51822/source/ble-nrf51822.a(softdevice_handler.c.o)
                              ym/ble-nrf51822/source/ble-nrf51822.a(btle.cpp.o) (intern_softdevice_events_execute)
ym/ble-nrf51822/source/ble-nrf51822.a(btle_discovery.cpp.o)
                              ym/ble-nrf51822/source/ble-nrf51822.a(btle.cpp.o) (bleGattcEventHandler(ble_evt_t const*))
ym/ble-nrf51822/source/ble-nrf51822.a(custom_helper.cpp.o)
                              ym/ble-nrf51822/source/ble-nrf51822.a(nRF5xGattServer.cpp.o) (custom_convert_to_nordic_uuid)
ym/ble-nrf51822/source/ble-nrf51822.a(btle_gap.cpp.o)
                              ym/ble-nrf51822/source/ble-nrf51822.a(btle.cpp.o) (btle_gap_init())
ym/ble-nrf51822/source/ble-nrf51822.a(ble_radio_notification.c.o)
                              ym/ble-nrf51822/source/ble-nrf51822.a(nRF5xGap.cpp.o) (ble_radio_notification_init)
ym/ble-nrf51822/source/ble-nrf51822.a(nRF5xServiceDiscovery.cpp.o)
                              ym/ble-nrf51822/source/ble-nrf51822.a(btle_discovery.cpp.o) (nRF5xServiceDiscovery::progressCharacteristicDiscovery())
ym/ble-nrf51822/source/ble-nrf51822.a(nRF5xDiscoveredCharacteristic.cpp.o)
                              ym/ble-nrf51822/source/ble-nrf51822.a(nRF5xServiceDiscovery.cpp.o) (nRF5xDiscoveredCharacteristic::setup(nRF5xGattClient*, unsigned short, ble_gatt_char_props_t, unsigned short, unsigned short))
ym/mbed-drivers/source/mbed-drivers.a(Ticker.cpp.o)
                              ym/ble-nrf51822/source/ble-nrf51822.a(nRF5xGap.cpp.o) (mbed::Ticker::detach())
ym/mbed-drivers/source/mbed-drivers.a(gpio.c.o)
                              source/CMakeFiles/ble-ledblinker.dir/Users/jacobrosenthal/Downloads/ble-examples/BLE_LEDBlinker/source/main.cpp.o (gpio_init_out_ex)
ym/mbed-drivers/source/mbed-drivers.a(retarget.cpp.o)
                              ym/ble-nrf51822/source/ble-nrf51822.a(nRF5xn.cpp.o) (__cxa_pure_virtual)
ym/mbed-drivers/source/mbed-drivers.a(Timeout.cpp.o)
                              ym/ble-nrf51822/source/ble-nrf51822.a(nRF5xGap.cpp.o) (vtable for mbed::Timeout)
ym/mbed-drivers/source/mbed-drivers.a(ticker_api.c.o)
                              ym/mbed-drivers/source/mbed-drivers.a(Ticker.cpp.o) (ticker_read)
ym/mbed-drivers/source/mbed-drivers.a(exit.c.o)
                              /usr/local/Cellar/gcc-arm-none-eabi-48/20140805/bin/../lib/gcc/arm-none-eabi/4.8.4/../../../../arm-none-eabi/lib/armv6-m/crt0.o (exit)
ym/mbed-drivers/source/mbed-drivers.a(FileSystemLike.cpp.o)
                              ym/mbed-drivers/source/mbed-drivers.a(retarget.cpp.o) (mbed::FileSystemLike::opendir())
ym/mbed-drivers/source/mbed-drivers.a(TimerEvent.cpp.o)
                              ym/ble-nrf51822/source/ble-nrf51822.a(nRF5xGap.cpp.o) (mbed::TimerEvent::TimerEvent())
ym/mbed-drivers/source/mbed-drivers.a(error.c.o)
[...]
Memory Configuration

Name             Origin             Length             Attributes
FLASH            0x000000000001c000 0x0000000000024000 xr
RAM              0x0000000020002800 0x0000000000001800 xrw
*default*        0x0000000000000000 0xffffffffffffffff

Linker script and memory map

LOAD /usr/local/Cellar/gcc-arm-none-eabi-48/20140805/bin/../lib/gcc/arm-none-eabi/4.8.4/armv6-m/crti.o
LOAD /usr/local/Cellar/gcc-arm-none-eabi-48/20140805/bin/../lib/gcc/arm-none-eabi/4.8.4/armv6-m/crtbegin.o
LOAD /usr/local/Cellar/gcc-arm-none-eabi-48/20140805/bin/../lib/gcc/arm-none-eabi/4.8.4/../../../../arm-none-eabi/lib/armv6-m/crt0.o
START GROUP
LOAD source/CMakeFiles/ble-ledblinker.dir/Users/jacobrosenthal/Downloads/ble-examples/BLE_LEDBlinker/source/main.cpp.o
LOAD ym/ble/source/ble.a
LOAD ym/ble-nrf51822/source/ble-nrf51822.a
LOAD ym/ble/source/ble.a
LOAD ym/ble-nrf51822/source/ble-nrf51822.a
LOAD ym/mbed-drivers/source/mbed-drivers.a
LOAD ym/mbed-hal/source/mbed-hal.a
LOAD ym/minar/source/minar.a
LOAD ym/core-util/source/core-util.a
LOAD ym/mbed-hal-nordic/yotta_dummy_lib_mbed_hal_nordic/mbed-hal-nordic.a
LOAD ym/minar-platform/yotta_dummy_lib_minar_platform/minar-platform.a
LOAD ym/mbed-hal-nrf51822-mcu/existing/mbed-hal-nrf51822-mcu.a
LOAD ym/minar-platform-mbed/source/minar-platform-mbed.a
LOAD ym/mbed-hal-mkit/source/mbed-hal-mkit.a
LOAD ym/mbed-drivers/source/mbed-drivers.a
LOAD ym/mbed-hal/source/mbed-hal.a
LOAD ym/minar/source/minar.a
LOAD ym/core-util/source/core-util.a
LOAD ym/mbed-hal-nordic/yotta_dummy_lib_mbed_hal_nordic/mbed-hal-nordic.a
LOAD ym/minar-platform/yotta_dummy_lib_minar_platform/minar-platform.a
LOAD ym/mbed-hal-nrf51822-mcu/existing/mbed-hal-nrf51822-mcu.a
LOAD ym/minar-platform-mbed/source/minar-platform-mbed.a
LOAD ym/mbed-hal-mkit/source/mbed-hal-mkit.a
LOAD ym/compiler-polyfill/yotta_dummy_lib_compiler_polyfill/compiler-polyfill.a
LOAD ym/ualloc/source/ualloc.a
LOAD ym/dlmalloc/source/dlmalloc.a
LOAD ym/cmsis-core/source/cmsis-core.a
LOAD ym/cmsis-core-nordic/yotta_dummy_lib_cmsis_core_nordic/cmsis-core-nordic.a
LOAD ym/cmsis-core-nrf51822/source/cmsis-core-nrf51822.a
LOAD ym/cmsis-core/source/cmsis-core.a
LOAD ym/cmsis-core-nordic/yotta_dummy_lib_cmsis_core_nordic/cmsis-core-nordic.a
LOAD ym/cmsis-core-nrf51822/source/cmsis-core-nrf51822.a
LOAD /usr/local/Cellar/gcc-arm-none-eabi-48/20140805/bin/../lib/gcc/arm-none-eabi/4.8.4/../../../../arm-none-eabi/lib/armv6-m/libstdc++_s.a
LOAD /usr/local/Cellar/gcc-arm-none-eabi-48/20140805/bin/../lib/gcc/arm-none-eabi/4.8.4/../../../../arm-none-eabi/lib/armv6-m/libsupc++_s.a
LOAD /usr/local/Cellar/gcc-arm-none-eabi-48/20140805/bin/../lib/gcc/arm-none-eabi/4.8.4/armv6-m/libgcc.a
LOAD /usr/local/Cellar/gcc-arm-none-eabi-48/20140805/bin/../lib/gcc/arm-none-eabi/4.8.4/../../../../arm-none-eabi/lib/armv6-m/libstdc++_s.a
LOAD /usr/local/Cellar/gcc-arm-none-eabi-48/20140805/bin/../lib/gcc/arm-none-eabi/4.8.4/../../../../arm-none-eabi/lib/armv6-m/libsupc++_s.a
LOAD /usr/local/Cellar/gcc-arm-none-eabi-48/20140805/bin/../lib/gcc/arm-none-eabi/4.8.4/../../../../arm-none-eabi/lib/armv6-m/libm.a
LOAD /usr/local/Cellar/gcc-arm-none-eabi-48/20140805/bin/../lib/gcc/arm-none-eabi/4.8.4/../../../../arm-none-eabi/lib/armv6-m/libc_s.a
LOAD /usr/local/Cellar/gcc-arm-none-eabi-48/20140805/bin/../lib/gcc/arm-none-eabi/4.8.4/armv6-m/libgcc.a
END GROUP
LOAD /usr/local/Cellar/gcc-arm-none-eabi-48/20140805/bin/../lib/gcc/arm-none-eabi/4.8.4/../../../../arm-none-eabi/lib/armv6-m/libstdc++_s.a
LOAD /usr/local/Cellar/gcc-arm-none-eabi-48/20140805/bin/../lib/gcc/arm-none-eabi/4.8.4/../../../../arm-none-eabi/lib/armv6-m/libm.a
LOAD /usr/local/Cellar/gcc-arm-none-eabi-48/20140805/bin/../lib/gcc/arm-none-eabi/4.8.4/../../../../arm-none-eabi/lib/armv6-m/libc_s.a
START GROUP
LOAD /usr/local/Cellar/gcc-arm-none-eabi-48/20140805/bin/../lib/gcc/arm-none-eabi/4.8.4/armv6-m/libgcc.a
LOAD /usr/local/Cellar/gcc-arm-none-eabi-48/20140805/bin/../lib/gcc/arm-none-eabi/4.8.4/../../../../arm-none-eabi/lib/armv6-m/libc_s.a
END GROUP
START GROUP
LOAD /usr/local/Cellar/gcc-arm-none-eabi-48/20140805/bin/../lib/gcc/arm-none-eabi/4.8.4/armv6-m/libgcc.a
LOAD /usr/local/Cellar/gcc-arm-none-eabi-48/20140805/bin/../lib/gcc/arm-none-eabi/4.8.4/../../../../arm-none-eabi/lib/armv6-m/libc_s.a
END GROUP
LOAD /usr/local/Cellar/gcc-arm-none-eabi-48/20140805/bin/../lib/gcc/arm-none-eabi/4.8.4/armv6-m/crtend.o
LOAD /usr/local/Cellar/gcc-arm-none-eabi-48/20140805/bin/../lib/gcc/arm-none-eabi/4.8.4/armv6-m/crtn.o

.text           0x000000000001c000     0x9160
 *(SORT(.Vectors))
 .Vectors       0x000000000001c000       0xc0 ym/mbed-hal-nrf51822-mcu/existing/mbed-hal-nrf51822-mcu.a(startup_nRF51822.S.obj)
                0x000000000001c000                __Vectors
 *(SORT(.text*))
 .text._ZN5minar12millisecondsEm
                0x000000000001c0c0       0x18 ym/minar/source/minar.a(minar.cpp.o)
                0x000000000001c0c0                minar::milliseconds(unsigned long)
 .text.us_ticker_read
                0x000000000001c0d8       0x38 ym/mbed-hal-nrf51822-mcu/existing/mbed-hal-nrf51822-mcu.a(us_ticker.c.o)
                0x000000000001c0d8                us_ticker_read
 .text.us_ticker_set_interrupt
                0x000000000001c110       0xd0 ym/mbed-hal-nrf51822-mcu/existing/mbed-hal-nrf51822-mcu.a(us_ticker.c.o)
                0x000000000001c110                us_ticker_set_interrupt
 .text          0x000000000001c1e0       0x60 /usr/local/Cellar/gcc-arm-none-eabi-48/20140805/bin/../lib/gcc/arm-none-eabi/4.8.4/armv6-m/crtbegin.o
 .text          0x000000000001c240       0x78 /usr/local/Cellar/gcc-arm-none-eabi-48/20140805/bin/../lib/gcc/arm-none-eabi/4.8.4/../../../../arm-none-eabi/lib/armv6-m/crt0.o
                0x000000000001c240                _mainCRTStartup
                0x000000000001c240                _start
 .text._ZN4mbed4util19FunctionPointerBindIvED2Ev
                0x000000000001c2b8       0x20 source/CMakeFiles/ble-ledblinker.dir/Users/jacobrosenthal/Downloads/ble-examples/BLE_LEDBlinker/source/main.cpp.o
                0x000000000001c2b8                mbed::util::FunctionPointerBind<void>::~FunctionPointerBind()
                0x000000000001c2b8                mbed::util::FunctionPointerBind<void>::~FunctionPointerBind()
 .text._ZN4mbed4util19FunctionPointerBaseIvED2Ev
                0x000000000001c2d8        0xc source/CMakeFiles/ble-ledblinker.dir/Users/jacobrosenthal/Downloads/ble-examples/BLE_LEDBlinker/source/main.cpp.o
                0x000000000001c2d8                mbed::util::FunctionPointerBase<void>::~FunctionPointerBase()
                0x000000000001c2d8                mbed::util::FunctionPointerBase<void>::~FunctionPointerBase()
 .text._ZN4mbed4util16FunctionPointer0IvED2Ev
                0x000000000001c2e4        0xc source/CMakeFiles/ble-ledblinker.dir/Users/jacobrosenthal/Downloads/ble-examples/BLE_LEDBlinker/source/main.cpp.o
                0x000000000001c2e4                mbed::util::FunctionPointer0<void>::~FunctionPointer0()
                0x000000000001c2e4                mbed::util::FunctionPointer0<void>::~FunctionPointer0()
 .text._ZN4mbed4util19FunctionPointerBaseIvED0Ev
                0x000000000001c2f0       0x14 source/CMakeFiles/ble-ledblinker.dir/Users/jacobrosenthal/Downloads/ble-examples/BLE_LEDBlinker/source/main.cpp.o
                0x000000000001c2f0                mbed::util::FunctionPointerBase<void>::~FunctionPointerBase()
 .text._ZN4mbed4util16FunctionPointer0IvED0Ev
                0x000000000001c304       0x14 source/CMakeFiles/ble-ledblinker.dir/Users/jacobrosenthal/Downloads/ble-examples/BLE_LEDBlinker/source/main.cpp.o
                0x000000000001c304                mbed::util::FunctionPointer0<void>::~FunctionPointer0()
 .text._Z15bleInitCompletePN3BLE37InitializationCompleteCallbackContextE
                0x000000000001c318       0x80 source/CMakeFiles/ble-ledblinker.dir/Users/jacobrosenthal/Downloads/ble-examples/BLE_LEDBlinker/source/main.cpp.o
                0x000000000001c318                bleInitComplete(BLE::InitializationCompleteCallbackContext*)
 .text._ZN4mbed4util19FunctionPointerBindIvE5clearEv
                0x000000000001c398       0x20 source/CMakeFiles/ble-ledblinker.dir/Users/jacobrosenthal/Downloads/ble-examples/BLE_LEDBlinker/source/main.cpp.o
                0x000000000001c398                mbed::util::FunctionPointerBind<void>::clear()
 .text._Z16periodicCallbackv
                0x000000000001c3b8       0x1c source/CMakeFiles/ble-ledblinker.dir/Users/jacobrosenthal/Downloads/ble-examples/BLE_LEDBlinker/source/main.cpp.o
                0x000000000001c3b8                periodicCallback()
 .text._Z21advertisementCallbackPKN3Gap29AdvertisementCallbackParams_tE
                0x000000000001c3d4       0x5c source/CMakeFiles/ble-ledblinker.dir/Users/jacobrosenthal/Downloads/ble-examples/BLE_LEDBlinker/source/main.cpp.o
                0x000000000001c3d4                advertisementCallback(Gap::AdvertisementCallbackParams_t const*)
 .text._ZN4mbed4util19FunctionPointerBindIvE4bindINS0_16FunctionPointer0IvE10arg_structEEERS2_PKNS0_19FunctionPointerBaseIvE6ArgOpsEPT_PS9_z
                0x000000000001c430       0x60 source/CMakeFiles/ble-ledblinker.dir/Users/jacobrosenthal/Downloads/ble-examples/BLE_LEDBlinker/source/main.cpp.o
                0x000000000001c430                mbed::util::FunctionPointerBind<void>& mbed::util::FunctionPointerBind<void>::bind<mbed::util::FunctionPointer0<void>::arg_struct>(mbed::util::FunctionPointerBase<void>::ArgOps const*, mbed::util::FunctionPointer0<void>::arg_struct*, mbed::util::FunctionPointerBase<void>*, ...)
 .text.app_start
                0x000000000001c490       0xa4 source/CMakeFiles/ble-ledblinker.dir/Users/jacobrosenthal/Downloads/ble-examples/BLE_LEDBlinker/source/main.cpp.o
                0x000000000001c490                app_start
 .text.startup._GLOBAL__sub_I_alivenessLED
                0x000000000001c534       0x20 source/CMakeFiles/ble-ledblinker.dir/Users/jacobrosenthal/Downloads/ble-examples/BLE_LEDBlinker/source/main.cpp.o
 .text._ZN17GapScanningParamsC2Etttb
                0x000000000001c554       0x68 ym/ble/source/ble.a(GapScanningParams.cpp.o)
                0x000000000001c554                GapScanningParams::GapScanningParams(unsigned short, unsigned short, unsigned short, bool)
                0x000000000001c554                GapScanningParams::GapScanningParams(unsigned short, unsigned short, unsigned short, bool)
 .text._ZN17GapScanningParams11setIntervalEt
                0x000000000001c5bc       0x30 ym/ble/source/ble.a(GapScanningParams.cpp.o)
                0x000000000001c5bc                GapScanningParams::setInterval(unsigned short)
 .text._ZN17GapScanningParams9setWindowEt
                0x000000000001c5ec       0x30 ym/ble/source/ble.a(GapScanningParams.cpp.o)
                0x000000000001c5ec                GapScanningParams::setWindow(unsigned short)
 .text._ZN3BLEC2Ej
                0x000000000001c61c       0x2c ym/ble/source/ble.a(BLE.cpp.o)
                0x000000000001c61c                BLE::BLE(unsigned int)
                0x000000000001c61c                BLE::BLE(unsigned int)
 .text._ZN3BLE8InstanceEj
                0x000000000001c648       0x44 ym/ble/source/ble.a(BLE.cpp.o)
                0x000000000001c648                BLE::Instance(unsigned int)
 .text._ZN3BLE3gapEv
                0x000000000001c68c       0x20 ym/ble/source/ble.a(BLE.cpp.o)
                0x000000000001c68c                BLE::gap()
 .text._ZN6nRF5xnD2Ev
                0x000000000001c6ac        0xc ym/ble-nrf51822/source/ble-nrf51822.a(nRF5xn.cpp.o)
                0x000000000001c6ac                nRF5xn::~nRF5xn()
                0x000000000001c6ac                nRF5xn::~nRF5xn()
 .text._ZN6nRF5xnD0Ev
                0x000000000001c6b8       0x18 ym/ble-nrf51822/source/ble-nrf51822.a(nRF5xn.cpp.o)
                0x000000000001c6b8                nRF5xn::~nRF5xn()
 .text._ZN6nRF5xn10getVersionEv
                0x000000000001c6d0       0x7c ym/ble-nrf51822/source/ble-nrf51822.a(nRF5xn.cpp.o)
                0x000000000001c6d0                nRF5xn::getVersion()
 .text._Z17createBLEInstancev
                0x000000000001c74c        0x8 ym/ble-nrf51822/source/ble-nrf51822.a(nRF5xn.cpp.o)
                0x000000000001c74c                createBLEInstance()
 .text.startup._GLOBAL__sub_I__Z17createBLEInstancev
                0x000000000001c754       0x2c ym/ble-nrf51822/source/ble-nrf51822.a(nRF5xn.cpp.o)
 .text._ZN20nRF5xSecurityManager11getInstanceEv
                0x000000000001c780       0x2c ym/ble-nrf51822/source/ble-nrf51822.a(nRF5xSecurityManager.cpp.o)
                0x000000000001c780                nRF5xSecurityManager::getInstance()
 .text._ZL12btle_handlerP9ble_evt_t
                0x000000000001c7ac      0x150 ym/ble-nrf51822/source/ble-nrf51822.a(btle.cpp.o)
 .text.btle_init
                0x000000000001c8fc       0xa0 ym/ble-nrf51822/source/ble-nrf51822.a(btle.cpp.o)
                0x000000000001c8fc                btle_init
 .text.app_error_handler
                0x000000000001c99c       0x20 ym/ble-nrf51822/source/ble-nrf51822.a(btle.cpp.o)
                0x000000000001c99c                app_error_handler
 .text._ZL12eventHandlerv
                0x000000000001c9bc       0x6c ym/ble-nrf51822/source/ble-nrf51822.a(btle.cpp.o)
 .text._ZNK3Gap25getMaxAdvertisingIntervalEv
                0x000000000001ca28        0x8 ym/ble-nrf51822/source/ble-nrf51822.a(nRF5xGap.cpp.o)
                0x000000000001ca28                Gap::getMaxAdvertisingInterval() const
 .text._ZN8nRF5xGap16startAdvertisingERK20GapAdvertisingParams
                0x000000000001ca30       0x6c ym/ble-nrf51822/source/ble-nrf51822.a(nRF5xGap.cpp.o)
                0x000000000001ca30                nRF5xGap::startAdvertising(GapAdvertisingParams const&)
 .text._ZN8nRF5xGap7connectEPKhN3Gap13AddressType_tEPKNS2_18ConnectionParams_tEPK17GapScanningParams
                0x000000000001ca9c       0xc4 ym/ble-nrf51822/source/ble-nrf51822.a(nRF5xGap.cpp.o)
                0x000000000001ca9c                nRF5xGap::connect(unsigned char const*, Gap::AddressType_t, Gap::ConnectionParams_t const*, GapScanningParams const*)
 .text._ZN8nRF5xGap25getPermittedTxPowerValuesEPPKaPj
                0x000000000001cb60       0x10 ym/ble-nrf51822/source/ble-nrf51822.a(nRF5xGap.cpp.o)
                0x000000000001cb60                nRF5xGap::getPermittedTxPowerValues(signed char const**, unsigned int*)
 .text._ZN4mbed4util16FunctionPointer1IvbED2Ev
                0x000000000001cb70        0xc ym/ble-nrf51822/source/ble-nrf51822.a(nRF5xGap.cpp.o)
                0x000000000001cb70                mbed::util::FunctionPointer1<void, bool>::~FunctionPointer1()
                0x000000000001cb70                mbed::util::FunctionPointer1<void, bool>::~FunctionPointer1()
 .text._ZN4mbed4util16FunctionPointer1IvbED0Ev
                0x000000000001cb7c       0x14 ym/ble-nrf51822/source/ble-nrf51822.a(nRF5xGap.cpp.o)
                0x000000000001cb7c                mbed::util::FunctionPointer1<void, bool>::~FunctionPointer1()
 .text._ZN4mbed6TickerD2Ev
                0x000000000001cb90       0x24 ym/ble-nrf51822/source/ble-nrf51822.a(nRF5xGap.cpp.o)
                0x000000000001cb90                mbed::Ticker::~Ticker()
                0x000000000001cb90                mbed::Ticker::~Ticker()
 .text._ZN4mbed7TimeoutD2Ev
                0x000000000001cbb4       0x14 ym/ble-nrf51822/source/ble-nrf51822.a(nRF5xGap.cpp.o)
                0x000000000001cbb4                mbed::Timeout::~Timeout()
                0x000000000001cbb4                mbed::Timeout::~Timeout()
 .text._ZN8nRF5xGap21initRadioNotificationEv
                0x000000000001cbc8       0x20 ym/ble-nrf51822/source/ble-nrf51822.a(nRF5xGap.cpp.o)
                0x000000000001cbc8                nRF5xGap::initRadioNotification()
 .text._ZN38CallChainOfFunctionPointersWithContextIPKN3Gap26ConnectionCallbackParams_tEED2Ev
                0x000000000001cbe8       0x24 ym/ble-nrf51822/source/ble-nrf51822.a(nRF5xGap.cpp.o)
                0x000000000001cbe8                CallChainOfFunctionPointersWithContext<Gap::ConnectionCallbackParams_t const*>::~CallChainOfFunctionPointersWithContext()
                0x000000000001cbe8                CallChainOfFunctionPointersWithContext<Gap::ConnectionCallbackParams_t const*>::~CallChainOfFunctionPointersWithContext()
 .text._ZN38CallChainOfFunctionPointersWithContextIPKN3Gap29DisconnectionCallbackParams_tEED2Ev
                0x000000000001cc0c       0x24 ym/ble-nrf51822/source/ble-nrf51822.a(nRF5xGap.cpp.o)
                0x000000000001cc0c                CallChainOfFunctionPointersWithContext<Gap::DisconnectionCallbackParams_t const*>::~CallChainOfFunctionPointersWithContext()
                0x000000000001cc0c                CallChainOfFunctionPointersWithContext<Gap::DisconnectionCallbackParams_t const*>::~CallChainOfFunctionPointersWithContext()
 .text._ZN8nRF5xGapD2Ev
                0x000000000001cc30       0x30 ym/ble-nrf51822/source/ble-nrf51822.a(nRF5xGap.cpp.o)
                0x000000000001cc30                nRF5xGap::~nRF5xGap()
                0x000000000001cc30                nRF5xGap::~nRF5xGap()
 .text._ZN4mbed4util19FunctionPointerBaseIvEC2Ev
                0x000000000001cc60       0x20 ym/ble-nrf51822/source/ble-nrf51822.a(nRF5xGap.cpp.o)
                0x000000000001cc60                mbed::util::FunctionPointerBase<void>::FunctionPointerBase()
                0x000000000001cc60                mbed::util::FunctionPointerBase<void>::FunctionPointerBase()
 .text._ZN8nRF5xGap11getInstanceEv
                0x000000000001cc80      0x15c ym/ble-nrf51822/source/ble-nrf51822.a(nRF5xGap.cpp.o)
                0x000000000001cc80                nRF5xGap::getInstance()
 .text._Z31radioNotificationStaticCallbackb
                0x000000000001cddc       0x30 ym/ble-nrf51822/source/ble-nrf51822.a(nRF5xGap.cpp.o)
                0x000000000001cddc                radioNotificationStaticCallback(bool)
 .text._ZN4mbed4util19FunctionPointerBindIvE4bindINS0_16FunctionPointer1IvbE10arg_structEEERS2_PKNS0_19FunctionPointerBaseIvE6ArgOpsEPT_PS9_z
                0x000000000001ce0c       0x60 ym/ble-nrf51822/source/ble-nrf51822.a(nRF5xGap.cpp.o)
                0x000000000001ce0c                mbed::util::FunctionPointerBind<void>& mbed::util::FunctionPointerBind<void>::bind<mbed::util::FunctionPointer1<void, bool>::arg_struct>(mbed::util::FunctionPointerBase<void>::ArgOps const*, mbed::util::FunctionPointer1<void, bool>::arg_struct*, mbed::util::FunctionPointerBase<void>*, ...)
 .text._ZN8nRF5xGap29postRadioNotificationCallbackEv
                0x000000000001ce6c       0x70 ym/ble-nrf51822/source/ble-nrf51822.a(nRF5xGap.cpp.o)
                0x000000000001ce6c                nRF5xGap::postRadioNotificationCallback()
 .text._ZN15nRF5xGattServer4readEtPhPt
                0x000000000001cedc       0x1c ym/ble-nrf51822/source/ble-nrf51822.a(nRF5xGattServer.cpp.o)
                0x000000000001cedc                nRF5xGattServer::read(unsigned short, unsigned char*, unsigned short*)
 .text._ZN15nRF5xGattServer5writeEtPKhtb
                0x000000000001cef8       0x20 ym/ble-nrf51822/source/ble-nrf51822.a(nRF5xGattServer.cpp.o)
                0x000000000001cef8                nRF5xGattServer::write(unsigned short, unsigned char const*, unsigned short, bool)
 .text._ZN38CallChainOfFunctionPointersWithContextIjED2Ev
                0x000000000001cf18       0x24 ym/ble-nrf51822/source/ble-nrf51822.a(nRF5xGattServer.cpp.o)
                0x000000000001cf18                CallChainOfFunctionPointersWithContext<unsigned int>::~CallChainOfFunctionPointersWithContext()
                0x000000000001cf18                CallChainOfFunctionPointersWithContext<unsigned int>::~CallChainOfFunctionPointersWithContext()
 .text._ZN38CallChainOfFunctionPointersWithContextIPK23GattWriteCallbackParamsED2Ev
                0x000000000001cf3c       0x24 ym/ble-nrf51822/source/ble-nrf51822.a(nRF5xGattServer.cpp.o)
                0x000000000001cf3c                CallChainOfFunctionPointersWithContext<GattWriteCallbackParams const*>::~CallChainOfFunctionPointersWithContext()
                0x000000000001cf3c                CallChainOfFunctionPointersWithContext<GattWriteCallbackParams const*>::~CallChainOfFunctionPointersWithContext()
 .text._ZN38CallChainOfFunctionPointersWithContextIPK22GattReadCallbackParamsED2Ev
                0x000000000001cf60       0x24 ym/ble-nrf51822/source/ble-nrf51822.a(nRF5xGattServer.cpp.o)
                0x000000000001cf60                CallChainOfFunctionPointersWithContext<GattReadCallbackParams const*>::~CallChainOfFunctionPointersWithContext()
                0x000000000001cf60                CallChainOfFunctionPointersWithContext<GattReadCallbackParams const*>::~CallChainOfFunctionPointersWithContext()
 .text._ZN15nRF5xGattServerD2Ev
                0x000000000001cf84       0x28 ym/ble-nrf51822/source/ble-nrf51822.a(nRF5xGattServer.cpp.o)
                0x000000000001cf84                nRF5xGattServer::~nRF5xGattServer()
                0x000000000001cf84                nRF5xGattServer::~nRF5xGattServer()
 .text._ZN15nRF5xGattServer5writeEttPKhtb
                0x000000000001cfac       0xe0 ym/ble-nrf51822/source/ble-nrf51822.a(nRF5xGattServer.cpp.o)
                0x000000000001cfac                nRF5xGattServer::write(unsigned short, unsigned short, unsigned char const*, unsigned short, bool)
 .text._ZN15nRF5xGattServer10addServiceER11GattService
                0x000000000001d08c      0x1c0 ym/ble-nrf51822/source/ble-nrf51822.a(nRF5xGattServer.cpp.o)
                0x000000000001d08c                nRF5xGattServer::addService(GattService&)
 .text._ZN15nRF5xGattServer11getInstanceEv
                0x000000000001d24c       0xcc ym/ble-nrf51822/source/ble-nrf51822.a(nRF5xGattServer.cpp.o)
                0x000000000001d24c                nRF5xGattServer::getInstance()
 .text.gatts_context_store
                0x000000000001d318       0xb8 ym/ble-nrf51822/source/ble-nrf51822.a(device_manager_peripheral.c.o)
 .text.device_context_store
                0x000000000001d3d0       0xb8 ym/ble-nrf51822/source/ble-nrf51822.a(device_manager_peripheral.c.o)
 .text.gatts_context_apply
                0x000000000001d488       0xbc ym/ble-nrf51822/source/ble-nrf51822.a(device_manager_peripheral.c.o)
 .text.gatts_context_load
                0x000000000001d544       0x34 ym/ble-nrf51822/source/ble-nrf51822.a(device_manager_peripheral.c.o)
 .text.dm_pstorage_cb_handler
                0x000000000001d578      0x130 ym/ble-nrf51822/source/ble-nrf51822.a(device_manager_peripheral.c.o)
 .text.peer_instance_init
                0x000000000001d6a8       0x48 ym/ble-nrf51822/source/ble-nrf51822.a(device_manager_peripheral.c.o)
 .text.device_instance_free
                0x000000000001d6f0       0x2c ym/ble-nrf51822/source/ble-nrf51822.a(device_manager_peripheral.c.o)
 .text.dm_init  0x000000000001d71c       0xe4 ym/ble-nrf51822/source/ble-nrf51822.a(device_manager_peripheral.c.o)
                0x000000000001d71c                dm_init
 .text.dm_register
                0x000000000001d800       0x74 ym/ble-nrf51822/source/ble-nrf51822.a(device_manager_peripheral.c.o)
                0x000000000001d800                dm_register
 .text.dm_security_status_req
                0x000000000001d874       0x70 ym/ble-nrf51822/source/ble-nrf51822.a(device_manager_peripheral.c.o)
                0x000000000001d874                dm_security_status_req
 .text.dm_device_delete_all
                0x000000000001d8e4       0x58 ym/ble-nrf51822/source/ble-nrf51822.a(device_manager_peripheral.c.o)
                0x000000000001d8e4                dm_device_delete_all
 .text.bond_data_load
                0x000000000001d93c       0x48 ym/ble-nrf51822/source/ble-nrf51822.a(device_manager_peripheral.c.o)
                0x000000000001d93c                bond_data_load
 .text.dm_ble_evt_handler
                0x000000000001d984      0x388 ym/ble-nrf51822/source/ble-nrf51822.a(device_manager_peripheral.c.o)
                0x000000000001d984                dm_ble_evt_handler
 .text.dm_handle_get
                0x000000000001dd0c       0x48 ym/ble-nrf51822/source/ble-nrf51822.a(device_manager_peripheral.c.o)
                0x000000000001dd0c                dm_handle_get
 .text._ZNK15nRF5xGattClient5writeEN10GattClient9WriteOp_tEttjPKh
                0x000000000001dd54       0x40 ym/ble-nrf51822/source/ble-nrf51822.a(nRF5xGattClient.cpp.o)
                0x000000000001dd54                nRF5xGattClient::write(GattClient::WriteOp_t, unsigned short, unsigned short, unsigned int, unsigned char const*) const
 .text._ZN21nRF5xServiceDiscovery6launchEtPFvPK17DiscoveredServiceEPFvPK24DiscoveredCharacteristicERK4UUIDSC_
                0x000000000001dd94       0x78 ym/ble-nrf51822/source/ble-nrf51822.a(nRF5xGattClient.cpp.o)
                0x000000000001dd94                nRF5xServiceDiscovery::launch(unsigned short, void (*)(DiscoveredService const*), void (*)(DiscoveredCharacteristic const*), UUID const&, UUID const&)
 .text._ZN15nRF5xGattClient11getInstanceEv
                0x000000000001de0c       0xd0 ym/ble-nrf51822/source/ble-nrf51822.a(nRF5xGattClient.cpp.o)
                0x000000000001de0c                nRF5xGattClient::getInstance()
 .text._ZL10dm_handlerPK13device_handlePK10dm_event_tm
                0x000000000001dedc       0xc4 ym/ble-nrf51822/source/ble-nrf51822.a(btle_security.cpp.o)
 .text._Z23btle_initializeSecuritybbN15SecurityManager24SecurityIOCapabilities_tEPKh
                0x000000000001dfa0       0xcc ym/ble-nrf51822/source/ble-nrf51822.a(btle_security.cpp.o)
                0x000000000001dfa0                btle_initializeSecurity(bool, bool, SecurityManager::SecurityIOCapabilities_t, unsigned char const*)
 .text._Z25btle_purgeAllBondingStatev
                0x000000000001e06c       0x28 ym/ble-nrf51822/source/ble-nrf51822.a(btle_security.cpp.o)
                0x000000000001e06c                btle_purgeAllBondingState()
 .text._Z20btle_getLinkSecuritytPN15SecurityManager20LinkSecurityStatus_tE
                0x000000000001e094       0x4c ym/ble-nrf51822/source/ble-nrf51822.a(btle_security.cpp.o)
                0x000000000001e094                btle_getLinkSecurity(unsigned short, SecurityManager::LinkSecurityStatus_t*)
 .text.app_notify
                0x000000000001e0e0       0x30 ym/ble-nrf51822/source/ble-nrf51822.a(pstorage.c.o)
 .text.swap_state_process
                0x000000000001e110      0x198 ym/ble-nrf51822/source/ble-nrf51822.a(pstorage.c.o)
 .text.cmd_process
                0x000000000001e2a8       0xdc ym/ble-nrf51822/source/ble-nrf51822.a(pstorage.c.o)
 .text.cmd_queue_enqueue
                0x000000000001e384       0x54 ym/ble-nrf51822/source/ble-nrf51822.a(pstorage.c.o)
 .text.cmd_queue_dequeue
                0x000000000001e3d8       0x28 ym/ble-nrf51822/source/ble-nrf51822.a(pstorage.c.o)
 .text.pstorage_sys_event_handler
                0x000000000001e400      0x110 ym/ble-nrf51822/source/ble-nrf51822.a(pstorage.c.o)
                0x000000000001e400                pstorage_sys_event_handler
 .text.pstorage_init
                0x000000000001e510       0xc8 ym/ble-nrf51822/source/ble-nrf51822.a(pstorage.c.o)
                0x000000000001e510                pstorage_init
 .text.pstorage_register
                0x000000000001e5d8      0x120 ym/ble-nrf51822/source/ble-nrf51822.a(pstorage.c.o)
                0x000000000001e5d8                pstorage_register
 .text.pstorage_block_identifier_get
                0x000000000001e6f8       0x50 ym/ble-nrf51822/source/ble-nrf51822.a(pstorage.c.o)
                0x000000000001e6f8                pstorage_block_identifier_get
 .text.pstorage_store
                0x000000000001e748       0x80 ym/ble-nrf51822/source/ble-nrf51822.a(pstorage.c.o)
                0x000000000001e748                pstorage_store
 .text.pstorage_update
                0x000000000001e7c8       0x80 ym/ble-nrf51822/source/ble-nrf51822.a(pstorage.c.o)
                0x000000000001e7c8                pstorage_update
 .text.pstorage_load
                0x000000000001e848       0x90 ym/ble-nrf51822/source/ble-nrf51822.a(pstorage.c.o)
                0x000000000001e848                pstorage_load
 .text.pstorage_clear
                0x000000000001e8d8       0x60 ym/ble-nrf51822/source/ble-nrf51822.a(pstorage.c.o)
                0x000000000001e8d8                pstorage_clear
 .text.intern_softdevice_events_execute
                0x000000000001e938       0xac ym/ble-nrf51822/source/ble-nrf51822.a(softdevice_handler.c.o)
                0x000000000001e938                intern_softdevice_events_execute
 .text.softdevice_handler_init
                0x000000000001e9e4       0x48 ym/ble-nrf51822/source/ble-nrf51822.a(softdevice_handler.c.o)
                0x000000000001e9e4                softdevice_handler_init
 .text.softdevice_handler_sd_disable
                0x000000000001ea2c       0x18 ym/ble-nrf51822/source/ble-nrf51822.a(softdevice_handler.c.o)
                0x000000000001ea2c                softdevice_handler_sd_disable
 .text.softdevice_ble_evt_handler_set
                0x000000000001ea44       0x14 ym/ble-nrf51822/source/ble-nrf51822.a(softdevice_handler.c.o)
                0x000000000001ea44                softdevice_ble_evt_handler_set
 .text.softdevice_sys_evt_handler_set
                0x000000000001ea58       0x14 ym/ble-nrf51822/source/ble-nrf51822.a(softdevice_handler.c.o)
                0x000000000001ea58                softdevice_sys_evt_handler_set
 .text.SWI2_IRQHandler
                0x000000000001ea6c       0x24 ym/ble-nrf51822/source/ble-nrf51822.a(softdevice_handler.c.o)
                0x000000000001ea6c                SWI2_IRQHandler
 .text.custom_convert_to_nordic_uuid
                0x000000000001ea90       0xa4 ym/ble-nrf51822/source/ble-nrf51822.a(custom_helper.cpp.o)
                0x000000000001ea90                custom_convert_to_nordic_uuid
 .text._Z13btle_gap_initv
                0x000000000001eb34       0x50 ym/ble-nrf51822/source/ble-nrf51822.a(btle_gap.cpp.o)
                0x000000000001eb34                btle_gap_init()
 .text.SWI1_IRQHandler
                0x000000000001eb84       0x20 ym/ble-nrf51822/source/ble-nrf51822.a(ble_radio_notification.c.o)
                0x000000000001eb84                SWI1_IRQHandler
 .text.ble_radio_notification_init
                0x000000000001eba4       0x38 ym/ble-nrf51822/source/ble-nrf51822.a(ble_radio_notification.c.o)
                0x000000000001eba4                ble_radio_notification_init
 .text._ZN21nRF5xServiceDiscovery29launchCharacteristicDiscoveryEttt
                0x000000000001ebdc       0x4c ym/ble-nrf51822/source/ble-nrf51822.a(nRF5xServiceDiscovery.cpp.o)
                0x000000000001ebdc                nRF5xServiceDiscovery::launchCharacteristicDiscovery(unsigned short, unsigned short, unsigned short)
 .text._ZN21nRF5xServiceDiscovery24progressServiceDiscoveryEv
                0x000000000001ec28       0xe4 ym/ble-nrf51822/source/ble-nrf51822.a(nRF5xServiceDiscovery.cpp.o)
                0x000000000001ec28                nRF5xServiceDiscovery::progressServiceDiscovery()
 .text._ZN21nRF5xServiceDiscovery25ServiceUUIDDiscoveryQueue12triggerFirstEv
                0x000000000001ed0c       0x58 ym/ble-nrf51822/source/ble-nrf51822.a(nRF5xServiceDiscovery.cpp.o)
                0x000000000001ed0c                nRF5xServiceDiscovery::ServiceUUIDDiscoveryQueue::triggerFirst()
 .text._ZN21nRF5xServiceDiscovery22CharUUIDDiscoveryQueue12triggerFirstEv
                0x000000000001ed64       0x58 ym/ble-nrf51822/source/ble-nrf51822.a(nRF5xServiceDiscovery.cpp.o)
                0x000000000001ed64                nRF5xServiceDiscovery::CharUUIDDiscoveryQueue::triggerFirst()
 .text._ZN21nRF5xServiceDiscovery27processDiscoverUUIDResponseEPK41ble_gattc_evt_char_val_by_uuid_read_rsp_t
                0x000000000001edbc       0xe4 ym/ble-nrf51822/source/ble-nrf51822.a(nRF5xServiceDiscovery.cpp.o)
                0x000000000001edbc                nRF5xServiceDiscovery::processDiscoverUUIDResponse(ble_gattc_evt_char_val_by_uuid_read_rsp_t const*)
 .text._ZN4mbed6Ticker6detachEv
                0x000000000001eea0       0x18 ym/mbed-drivers/source/mbed-drivers.a(Ticker.cpp.o)
                0x000000000001eea0                mbed::Ticker::detach()
 .text._ZN4mbed4util16FunctionPointer2IviPPcED2Ev
                0x000000000001eeb8        0xc ym/mbed-drivers/source/mbed-drivers.a(retarget.cpp.o)
                0x000000000001eeb8                mbed::util::FunctionPointer2<void, int, char**>::~FunctionPointer2()
                0x000000000001eeb8                mbed::util::FunctionPointer2<void, int, char**>::~FunctionPointer2()
 .text._ZN4mbed4util16FunctionPointer2IviPPcED0Ev
                0x000000000001eec4       0x14 ym/mbed-drivers/source/mbed-drivers.a(retarget.cpp.o)
                0x000000000001eec4                mbed::util::FunctionPointer2<void, int, char**>::~FunctionPointer2()
 .text._ZL11init_serialv
                0x000000000001eed8       0x20 ym/mbed-drivers/source/mbed-drivers.a(retarget.cpp.o)
 .text._close   0x000000000001eef8       0x2c ym/mbed-drivers/source/mbed-drivers.a(retarget.cpp.o)
                0x000000000001eef8                _close
 .text._write   0x000000000001ef24       0x54 ym/mbed-drivers/source/mbed-drivers.a(retarget.cpp.o)
                0x000000000001ef24                _write
 .text._read    0x000000000001ef78       0x48 ym/mbed-drivers/source/mbed-drivers.a(retarget.cpp.o)
                0x000000000001ef78                _read
 .text._isatty  0x000000000001efc0       0x28 ym/mbed-drivers/source/mbed-drivers.a(retarget.cpp.o)
                0x000000000001efc0                _isatty
 .text._lseek   0x000000000001efe8       0x28 ym/mbed-drivers/source/mbed-drivers.a(retarget.cpp.o)
                0x000000000001efe8                _lseek
 .text._ZN4mbed4util19FunctionPointerBindIvE4bindINS0_16FunctionPointer2IviPPcE10arg_structEEERS2_PKNS0_19FunctionPointerBaseIvE6ArgOpsEPT_PSB_z
                0x000000000001f010       0x60 ym/mbed-drivers/source/mbed-drivers.a(retarget.cpp.o)
                0x000000000001f010                mbed::util::FunctionPointerBind<void>& mbed::util::FunctionPointerBind<void>::bind<mbed::util::FunctionPointer2<void, int, char**>::arg_struct>(mbed::util::FunctionPointerBase<void>::ArgOps const*, mbed::util::FunctionPointer2<void, int, char**>::arg_struct*, mbed::util::FunctionPointerBase<void>*, ...)
 .text.startup.main
                0x000000000001f070       0x80 ym/mbed-drivers/source/mbed-drivers.a(retarget.cpp.o)
                0x000000000001f070                main
 .text._ZN4mbed10TimerEventC2Ev
                0x000000000001f0f0       0x2c ym/mbed-drivers/source/mbed-drivers.a(TimerEvent.cpp.o)
                0x000000000001f0f0                mbed::TimerEvent::TimerEvent()
                0x000000000001f0f0                mbed::TimerEvent::TimerEvent()
 .text._ZN4mbed10TimerEventD2Ev
                0x000000000001f11c       0x18 ym/mbed-drivers/source/mbed-drivers.a(TimerEvent.cpp.o)
                0x000000000001f11c                mbed::TimerEvent::~TimerEvent()
                0x000000000001f11c                mbed::TimerEvent::~TimerEvent()
 .text.get_us_ticker_data
                0x000000000001f134        0x8 ym/mbed-drivers/source/mbed-drivers.a(us_ticker_api.c.o)
                0x000000000001f134                get_us_ticker_data
 .text.us_ticker_irq_handler
                0x000000000001f13c       0x10 ym/mbed-drivers/source/mbed-drivers.a(us_ticker_api.c.o)
                0x000000000001f13c                us_ticker_irq_handler
 .text._ZN5minar12CallbackNode13get_allocatorEv
                0x000000000001f14c       0x5c ym/minar/source/minar.a(minar.cpp.o)
                0x000000000001f14c                minar::CallbackNode::get_allocator()
 .text._ZN4mbed4util19FunctionPointerBindIvEC2ERKS2_
                0x000000000001f1a8       0x5c ym/minar/source/minar.a(minar.cpp.o)
                0x000000000001f1a8                mbed::util::FunctionPointerBind<void>::FunctionPointerBind(mbed::util::FunctionPointerBind<void> const&)
                0x000000000001f1a8                mbed::util::FunctionPointerBind<void>::FunctionPointerBind(mbed::util::FunctionPointerBind<void> const&)
 .text._ZN5minar9Scheduler13CallbackAdderC2ERS0_N4mbed4util19FunctionPointerBindIvEE
                0x000000000001f204       0x24 ym/minar/source/minar.a(minar.cpp.o)
                0x000000000001f204                minar::Scheduler::CallbackAdder::CallbackAdder(minar::Scheduler&, mbed::util::FunctionPointerBind<void>)
                0x000000000001f204                minar::Scheduler::CallbackAdder::CallbackAdder(minar::Scheduler&, mbed::util::FunctionPointerBind<void>)
 .text._ZNK4mbed4util10BinaryHeapIPN5minar12CallbackNodeENS2_13SchedulerData19CallbackNodeCompareEE8get_rootEv
                0x000000000001f228       0x28 ym/minar/source/minar.a(minar.cpp.o)
                0x000000000001f228                mbed::util::BinaryHeap<minar::CallbackNode*, minar::SchedulerData::CallbackNodeCompare>::get_root() const
 .text._ZN5minar13SchedulerDataC2Ev
                0x000000000001f250       0x60 ym/minar/source/minar.a(minar.cpp.o)
                0x000000000001f250                minar::SchedulerData::SchedulerData()
                0x000000000001f250                minar::SchedulerData::SchedulerData()
 .text._ZN5minar9Scheduler8instanceEv
                0x000000000001f2b0       0x38 ym/minar/source/minar.a(minar.cpp.o)
                0x000000000001f2b0                minar::Scheduler::instance()
 .text._ZN5minar9Scheduler12postCallbackERKN4mbed4util19FunctionPointerBindIvEE
                0x000000000001f2e8       0x34 ym/minar/source/minar.a(minar.cpp.o)
                0x000000000001f2e8                minar::Scheduler::postCallback(mbed::util::FunctionPointerBind<void> const&)
 .text._ZN5minar13SchedulerData5startEv
                0x000000000001f31c      0x180 ym/minar/source/minar.a(minar.cpp.o)
                0x000000000001f31c                minar::SchedulerData::start()
 .text._ZN5minar9Scheduler5startEv
                0x000000000001f49c       0x18 ym/minar/source/minar.a(minar.cpp.o)
                0x000000000001f49c                minar::Scheduler::start()
 .text._ZN5minar13SchedulerData11postGenericEN4mbed4util19FunctionPointerBindIvEEmmm
                0x000000000001f4b4       0x58 ym/minar/source/minar.a(minar.cpp.o)
                0x000000000001f4b4                minar::SchedulerData::postGeneric(mbed::util::FunctionPointerBind<void>, unsigned long, unsigned long, unsigned long)
 .text          0x000000000001f50c       0x48 ym/mbed-hal-nrf51822-mcu/existing/mbed-hal-nrf51822-mcu.a(startup_nRF51822.S.obj)
                0x000000000001f50c                Reset_Handler
                0x000000000001f548                NMI_Handler
                0x000000000001f54a                HardFault_Handler
                0x000000000001f54c                SVC_Handler
                0x000000000001f54e                PendSV_Handler
                0x000000000001f550                SysTick_Handler
                0x000000000001f552                LPCOMP_IRQHandler
                0x000000000001f552                SWI4_IRQHandler
                0x000000000001f552                TEMP_IRQHandler
                0x000000000001f552                QDEC_IRQHandler
                0x000000000001f552                SWI5_IRQHandler
                0x000000000001f552                TIMER0_IRQHandler
                0x000000000001f552                SWI0_IRQHandler
                0x000000000001f552                TIMER1_IRQHandler
                0x000000000001f552                ECB_IRQHandler
                0x000000000001f552                Default_Handler
                0x000000000001f552                ADC_IRQHandler
                0x000000000001f552                SWI3_IRQHandler
                0x000000000001f552                CCM_AAR_IRQHandler
                0x000000000001f552                WDT_IRQHandler
                0x000000000001f552                RNG_IRQHandler
                0x000000000001f552                TIMER2_IRQHandler
                0x000000000001f552                SPI1_TWI1_IRQHandler
                0x000000000001f552                SPI0_TWI0_IRQHandler
                0x000000000001f552                RTC0_IRQHandler
                0x000000000001f552                GPIOTE_IRQHandler
                0x000000000001f552                POWER_CLOCK_IRQHandler
                0x000000000001f552                RADIO_IRQHandler
 .text.rtc1_getCounter64
                0x000000000001f554       0x3c ym/mbed-hal-nrf51822-mcu/existing/mbed-hal-nrf51822-mcu.a(us_ticker.c.o)
 .text.RTC1_IRQHandler
                0x000000000001f590       0x8c ym/mbed-hal-nrf51822-mcu/existing/mbed-hal-nrf51822-mcu.a(us_ticker.c.o)
                0x000000000001f590                RTC1_IRQHandler
 .text.us_ticker_init
                0x000000000001f61c       0x5c ym/mbed-hal-nrf51822-mcu/existing/mbed-hal-nrf51822-mcu.a(us_ticker.c.o)
                0x000000000001f61c                us_ticker_init
 .text.us_ticker_disable_interrupt
                0x000000000001f678       0x28 ym/mbed-hal-nrf51822-mcu/existing/mbed-hal-nrf51822-mcu.a(us_ticker.c.o)
                0x000000000001f678                us_ticker_disable_interrupt
 .text.us_ticker_clear_interrupt
                0x000000000001f6a0       0x10 ym/mbed-hal-nrf51822-mcu/existing/mbed-hal-nrf51822-mcu.a(us_ticker.c.o)
                0x000000000001f6a0                us_ticker_clear_interrupt
 .text.gpio_init
                0x000000000001f6b0       0x30 ym/mbed-hal-nrf51822-mcu/existing/mbed-hal-nrf51822-mcu.a(gpio_api.c.o)
                0x000000000001f6b0                gpio_init
 .text.serial_baud
                0x000000000001f6e0       0x48 ym/mbed-hal-nrf51822-mcu/existing/mbed-hal-nrf51822-mcu.a(serial_api.c.o)
                0x000000000001f6e0                serial_baud
 .text.serial_init
                0x000000000001f728       0xc4 ym/mbed-hal-nrf51822-mcu/existing/mbed-hal-nrf51822-mcu.a(serial_api.c.o)
                0x000000000001f728                serial_init
 .text.UART0_IRQHandler
                0x000000000001f7ec       0x4c ym/mbed-hal-nrf51822-mcu/existing/mbed-hal-nrf51822-mcu.a(serial_api.c.o)
                0x000000000001f7ec                UART0_IRQHandler
 .text.serial_putc
                0x000000000001f838       0x1c ym/mbed-hal-nrf51822-mcu/existing/mbed-hal-nrf51822-mcu.a(serial_api.c.o)
                0x000000000001f838                serial_putc
 .text.mbed_enter_sleep
                0x000000000001f854       0x20 ym/mbed-hal-nrf51822-mcu/existing/mbed-hal-nrf51822-mcu.a(sleep.c.o)
                0x000000000001f854                mbed_enter_sleep
 .text.lp_ticker_get_compare_match
                0x000000000001f874       0x10 ym/mbed-hal-nrf51822-mcu/existing/mbed-hal-nrf51822-mcu.a(lp_ticker.c.o)
                0x000000000001f874                lp_ticker_get_compare_match
 .text.lp_ticker_sleep_until
                0x000000000001f884       0x30 ym/mbed-hal-nrf51822-mcu/existing/mbed-hal-nrf51822-mcu.a(lp_ticker.c.o)
                0x000000000001f884                lp_ticker_sleep_until
 .text.mbed_urealloc
                0x000000000001f8b4       0x3c ym/ualloc/source/ualloc.a(ualloc.c.o)
                0x000000000001f8b4                mbed_urealloc
 .text.mbed_ufree
                0x000000000001f8f0       0x20 ym/ualloc/source/ualloc.a(ualloc.c.o)
                0x000000000001f8f0                mbed_ufree
 .text.dispose_chunk
                0x000000000001f910      0x408 ym/dlmalloc/source/dlmalloc.a(dlmalloc.c.o)
 .text.init_mparams
                0x000000000001fd18       0x48 ym/dlmalloc/source/dlmalloc.a(dlmalloc.c.o)
 .text.try_realloc_chunk.isra.3.constprop.6
                0x000000000001fd60      0x2a4 ym/dlmalloc/source/dlmalloc.a(dlmalloc.c.o)
 .text.init_top.constprop.16
                0x0000000000020004       0x38 ym/dlmalloc/source/dlmalloc.a(dlmalloc.c.o)
 .text.segment_holding.constprop.17
                0x000000000002003c       0x24 ym/dlmalloc/source/dlmalloc.a(dlmalloc.c.o)
 .text.dlmalloc
                0x0000000000020060      0xe7c ym/dlmalloc/source/dlmalloc.a(dlmalloc.c.o)
                0x0000000000020060                dlmalloc
 .text.dlfree   0x0000000000020edc      0x454 ym/dlmalloc/source/dlmalloc.a(dlmalloc.c.o)
                0x0000000000020edc                dlfree
 .text.SystemInit
                0x0000000000021330       0xb0 ym/cmsis-core-nrf51822/source/cmsis-core-nrf51822.a(system_nrf51.c.o)
                0x0000000000021330                SystemInit
 .text._Znwj    0x00000000000213e0       0x28 /usr/local/Cellar/gcc-arm-none-eabi-48/20140805/bin/../lib/gcc/arm-none-eabi/4.8.4/../../../../arm-none-eabi/lib/armv6-m/libstdc++_s.a(new_op.o)
                0x00000000000213e0                operator new(unsigned int)
 .text          0x0000000000021408       0x14 /usr/local/Cellar/gcc-arm-none-eabi-48/20140805/bin/../lib/gcc/arm-none-eabi/4.8.4/armv6-m/libgcc.a(_thumb1_case_uqi.o)
                0x0000000000021408                __gnu_thumb1_case_uqi
 .text          0x000000000002141c       0x9c /usr/local/Cellar/gcc-arm-none-eabi-48/20140805/bin/../lib/gcc/arm-none-eabi/4.8.4/armv6-m/libgcc.a(_udivsi3.o)
                0x000000000002141c                __udivsi3
                0x000000000002141c                __aeabi_uidiv
                0x00000000000214a4                __aeabi_uidivmod
 .text          0x00000000000214b8        0x4 /usr/local/Cellar/gcc-arm-none-eabi-48/20140805/bin/../lib/gcc/arm-none-eabi/4.8.4/armv6-m/libgcc.a(_dvmd_tls.o)
                0x00000000000214b8                __aeabi_ldiv0
                0x00000000000214b8                __aeabi_idiv0
 .text          0x00000000000214bc       0x40 /usr/local/Cellar/gcc-arm-none-eabi-48/20140805/bin/../lib/gcc/arm-none-eabi/4.8.4/armv6-m/libgcc.a(_aeabi_uldivmod.o)
                0x00000000000214bc                __aeabi_uldivmod
 .text          0x00000000000214fc       0x44 /usr/local/Cellar/gcc-arm-none-eabi-48/20140805/bin/../lib/gcc/arm-none-eabi/4.8.4/armv6-m/libgcc.a(_muldi3.o)
                0x00000000000214fc                __aeabi_lmul
                0x00000000000214fc                __muldi3
 .text          0x0000000000021540       0x6c /usr/local/Cellar/gcc-arm-none-eabi-48/20140805/bin/../lib/gcc/arm-none-eabi/4.8.4/armv6-m/libgcc.a(bpabi.o)
                0x0000000000021540                __gnu_ldivmod_helper
                0x0000000000021578                __gnu_uldivmod_helper
 .text          0x00000000000215ac       0x3c /usr/local/Cellar/gcc-arm-none-eabi-48/20140805/bin/../lib/gcc/arm-none-eabi/4.8.4/armv6-m/libgcc.a(_clzsi2.o)
                0x00000000000215ac                __clzsi2
 .text          0x00000000000215e8      0x3b8 /usr/local/Cellar/gcc-arm-none-eabi-48/20140805/bin/../lib/gcc/arm-none-eabi/4.8.4/armv6-m/libgcc.a(_divdi3.o)
                0x00000000000215e8                __divdi3
 .text          0x00000000000219a0      0x384 /usr/local/Cellar/gcc-arm-none-eabi-48/20140805/bin/../lib/gcc/arm-none-eabi/4.8.4/armv6-m/libgcc.a(_udivdi3.o)
                0x00000000000219a0                __udivdi3
 .text.__cxa_atexit
                0x0000000000021d24       0x20 /usr/local/Cellar/gcc-arm-none-eabi-48/20140805/bin/../lib/gcc/arm-none-eabi/4.8.4/../../../../arm-none-eabi/lib/armv6-m/libc_s.a(lib_a-cxa_atexit.o)
                0x0000000000021d24                __cxa_atexit
 .text.__errno  0x0000000000021d44        0xc /usr/local/Cellar/gcc-arm-none-eabi-48/20140805/bin/../lib/gcc/arm-none-eabi/4.8.4/../../../../arm-none-eabi/lib/armv6-m/libc_s.a(lib_a-errno.o)
                0x0000000000021d44                __errno
 .text.__libc_init_array
                0x0000000000021d50       0x4c /usr/local/Cellar/gcc-arm-none-eabi-48/20140805/bin/../lib/gcc/arm-none-eabi/4.8.4/../../../../arm-none-eabi/lib/armv6-m/libc_s.a(lib_a-init.o)
                0x0000000000021d50                __libc_init_array
 .text.malloc   0x0000000000021d9c       0x14 /usr/local/Cellar/gcc-arm-none-eabi-48/20140805/bin/../lib/gcc/arm-none-eabi/4.8.4/../../../../arm-none-eabi/lib/armv6-m/libc_s.a(lib_a-malloc.o)
                0x0000000000021d9c                malloc
 .text.free     0x0000000000021db0       0x14 /usr/local/Cellar/gcc-arm-none-eabi-48/20140805/bin/../lib/gcc/arm-none-eabi/4.8.4/../../../../arm-none-eabi/lib/armv6-m/libc_s.a(lib_a-malloc.o)
                0x0000000000021db0                free
 .text.printf   0x0000000000021dc4       0x34 /usr/local/Cellar/gcc-arm-none-eabi-48/20140805/bin/../lib/gcc/arm-none-eabi/4.8.4/../../../../arm-none-eabi/lib/armv6-m/libc_s.a(lib_a-printf.o)
                0x0000000000021dc4                printf
                0x0000000000021dc4                iprintf
 .text.raise    0x0000000000021df8       0x14 /usr/local/Cellar/gcc-arm-none-eabi-48/20140805/bin/../lib/gcc/arm-none-eabi/4.8.4/../../../../arm-none-eabi/lib/armv6-m/libc_s.a(lib_a-signal.o)
                0x0000000000021df8                raise
 .text._kill_r  0x0000000000021e0c       0x24 /usr/local/Cellar/gcc-arm-none-eabi-48/20140805/bin/../lib/gcc/arm-none-eabi/4.8.4/../../../../arm-none-eabi/lib/armv6-m/libc_s.a(lib_a-signalr.o)
                0x0000000000021e0c                _kill_r
 .text.snprintf
                0x0000000000021e30       0x64 /usr/local/Cellar/gcc-arm-none-eabi-48/20140805/bin/../lib/gcc/arm-none-eabi/4.8.4/../../../../arm-none-eabi/lib/armv6-m/libc_s.a(lib_a-snprintf.o)
                0x0000000000021e30                snprintf
                0x0000000000021e30                sniprintf
 .text.__sread  0x0000000000021e94       0x28 /usr/local/Cellar/gcc-arm-none-eabi-48/20140805/bin/../lib/gcc/arm-none-eabi/4.8.4/../../../../arm-none-eabi/lib/armv6-m/libc_s.a(lib_a-stdio.o)
                0x0000000000021e94                __sread
 .text.__swrite
                0x0000000000021ebc       0x38 /usr/local/Cellar/gcc-arm-none-eabi-48/20140805/bin/../lib/gcc/arm-none-eabi/4.8.4/../../../../arm-none-eabi/lib/armv6-m/libc_s.a(lib_a-stdio.o)
                0x0000000000021ebc                __swrite
 .text.__sseek  0x0000000000021ef4       0x2c /usr/local/Cellar/gcc-arm-none-eabi-48/20140805/bin/../lib/gcc/arm-none-eabi/4.8.4/../../../../arm-none-eabi/lib/armv6-m/libc_s.a(lib_a-stdio.o)
                0x0000000000021ef4                __sseek
 .text.__ssputs_r
                0x0000000000021f20       0xc0 /usr/local/Cellar/gcc-arm-none-eabi-48/20140805/bin/../lib/gcc/arm-none-eabi/4.8.4/../../../../arm-none-eabi/lib/armv6-m/libc_s.a(lib_a-svfprintf.o)
                0x0000000000021f20                __ssputs_r
 .text._svfprintf_r
                0x0000000000021fe0      0x1e0 /usr/local/Cellar/gcc-arm-none-eabi-48/20140805/bin/../lib/gcc/arm-none-eabi/4.8.4/../../../../arm-none-eabi/lib/armv6-m/libc_s.a(lib_a-svfprintf.o)
                0x0000000000021fe0                _svfprintf_r
                0x0000000000021fe0                _svfiprintf_r
 .text._vfprintf_r
                0x00000000000221c0      0x210 /usr/local/Cellar/gcc-arm-none-eabi-48/20140805/bin/../lib/gcc/arm-none-eabi/4.8.4/../../../../arm-none-eabi/lib/armv6-m/libc_s.a(lib_a-vfprintf.o)
                0x00000000000221c0                _vfiprintf_r
                0x00000000000221c0                _vfprintf_r
 .text._printf_i
                0x00000000000223d0      0x22c /usr/local/Cellar/gcc-arm-none-eabi-48/20140805/bin/../lib/gcc/arm-none-eabi/4.8.4/../../../../arm-none-eabi/lib/armv6-m/libc_s.a(lib_a-vfprintf_i.o)
                0x00000000000223d0                _printf_i
 .text.__swbuf_r
                0x00000000000225fc       0xb0 /usr/local/Cellar/gcc-arm-none-eabi-48/20140805/bin/../lib/gcc/arm-none-eabi/4.8.4/../../../../arm-none-eabi/lib/armv6-m/libc_s.a(lib_a-wbuf.o)
                0x00000000000225fc                __swbuf_r
 .text._write_r
                0x00000000000226ac       0x28 /usr/local/Cellar/gcc-arm-none-eabi-48/20140805/bin/../lib/gcc/arm-none-eabi/4.8.4/../../../../arm-none-eabi/lib/armv6-m/libc_s.a(lib_a-writer.o)
                0x00000000000226ac                _write_r
 .text.__swsetup_r
                0x00000000000226d4       0xe4 /usr/local/Cellar/gcc-arm-none-eabi-48/20140805/bin/../lib/gcc/arm-none-eabi/4.8.4/../../../../arm-none-eabi/lib/armv6-m/libc_s.a(lib_a-wsetup.o)
                0x00000000000226d4                __swsetup_r
 .text._close_r
                0x00000000000227b8       0x24 /usr/local/Cellar/gcc-arm-none-eabi-48/20140805/bin/../lib/gcc/arm-none-eabi/4.8.4/../../../../arm-none-eabi/lib/armv6-m/libc_s.a(lib_a-closer.o)
                0x00000000000227b8                _close_r
 .text._fflush_r
                0x00000000000227dc       0x58 /usr/local/Cellar/gcc-arm-none-eabi-48/20140805/bin/../lib/gcc/arm-none-eabi/4.8.4/../../../../arm-none-eabi/lib/armv6-m/libc_s.a(lib_a-fflush.o)
                0x00000000000227dc                _fflush_r
 .text.std.isra.0
                0x0000000000022834       0x48 /usr/local/Cellar/gcc-arm-none-eabi-48/20140805/bin/../lib/gcc/arm-none-eabi/4.8.4/../../../../arm-none-eabi/lib/armv6-m/libc_s.a(lib_a-findfp.o)
 .text.__sinit  0x000000000002287c       0x64 /usr/local/Cellar/gcc-arm-none-eabi-48/20140805/bin/../lib/gcc/arm-none-eabi/4.8.4/../../../../arm-none-eabi/lib/armv6-m/libc_s.a(lib_a-findfp.o)
                0x000000000002287c                __sinit
 .text.__sfp    0x00000000000228e0       0x7c /usr/local/Cellar/gcc-arm-none-eabi-48/20140805/bin/../lib/gcc/arm-none-eabi/4.8.4/../../../../arm-none-eabi/lib/armv6-m/libc_s.a(lib_a-findfp.o)
                0x00000000000228e0                __sfp
 .text._lseek_r
                0x000000000002295c       0x28 /usr/local/Cellar/gcc-arm-none-eabi-48/20140805/bin/../lib/gcc/arm-none-eabi/4.8.4/../../../../arm-none-eabi/lib/armv6-m/libc_s.a(lib_a-lseekr.o)
                0x000000000002295c                _lseek_r
 .text.__smakebuf_r
                0x0000000000022984       0xa0 /usr/local/Cellar/gcc-arm-none-eabi-48/20140805/bin/../lib/gcc/arm-none-eabi/4.8.4/../../../../arm-none-eabi/lib/armv6-m/libc_s.a(lib_a-makebuf.o)
                0x0000000000022984                __smakebuf_r
 .text._read_r  0x0000000000022a24       0x28 /usr/local/Cellar/gcc-arm-none-eabi-48/20140805/bin/../lib/gcc/arm-none-eabi/4.8.4/../../../../arm-none-eabi/lib/armv6-m/libc_s.a(lib_a-readr.o)
                0x0000000000022a24                _read_r
 .text._fstat_r
                0x0000000000022a4c       0x24 /usr/local/Cellar/gcc-arm-none-eabi-48/20140805/bin/../lib/gcc/arm-none-eabi/4.8.4/../../../../arm-none-eabi/lib/armv6-m/libc_s.a(lib_a-fstatr.o)
                0x0000000000022a4c                _fstat_r
 .text._isatty_r
                0x0000000000022a70       0x24 /usr/local/Cellar/gcc-arm-none-eabi-48/20140805/bin/../lib/gcc/arm-none-eabi/4.8.4/../../../../arm-none-eabi/lib/armv6-m/libc_s.a(lib_a-isattyr.o)
                0x0000000000022a70                _isatty_r
 .text.mbed_sbrk
                0x0000000000022a94       0x64 ym/core-util/source/core-util.a(sbrk.cpp.o)
                0x0000000000022a94                mbed_sbrk
 .text.mbed_krbs_ex
                0x0000000000022af8       0x6c ym/core-util/source/core-util.a(sbrk.cpp.o)
                0x0000000000022af8                mbed_krbs_ex
 .text._ZN4mbed4util19FunctionPointerBaseIvE17_null_constructorEPvSt9__va_list
                0x0000000000022b64        0x2 source/CMakeFiles/ble-ledblinker.dir/Users/jacobrosenthal/Downloads/ble-examples/BLE_LEDBlinker/source/main.cpp.o
                0x0000000000022b64                mbed::util::FunctionPointerBase<void>::_null_constructor(void*, std::__va_list)
 .text._ZN4mbed4util19FunctionPointerBaseIvE15_null_copy_argsEPvS3_
                0x0000000000022b66        0x2 source/CMakeFiles/ble-ledblinker.dir/Users/jacobrosenthal/Downloads/ble-examples/BLE_LEDBlinker/source/main.cpp.o
                0x0000000000022b66                mbed::util::FunctionPointerBase<void>::_null_copy_args(void*, void*)
 .text._ZN4mbed4util19FunctionPointerBaseIvE16_null_destructorEPv
                0x0000000000022b68        0x2 source/CMakeFiles/ble-ledblinker.dir/Users/jacobrosenthal/Downloads/ble-examples/BLE_LEDBlinker/source/main.cpp.o
                0x0000000000022b68                mbed::util::FunctionPointerBase<void>::_null_destructor(void*)
 .text._ZN4mbed4util16FunctionPointer0IvE12staticcallerEPvPjS3_
                0x0000000000022b6a        0x6 source/CMakeFiles/ble-ledblinker.dir/Users/jacobrosenthal/Downloads/ble-examples/BLE_LEDBlinker/source/main.cpp.o
                0x0000000000022b6a                mbed::util::FunctionPointer0<void>::staticcaller(void*, unsigned int*, void*)
 .text._ZN26FunctionPointerWithContextIPKN3Gap29AdvertisementCallbackParams_tEE14functioncallerEPS4_S3_
                0x0000000000022b70        0xe source/CMakeFiles/ble-ledblinker.dir/Users/jacobrosenthal/Downloads/ble-examples/BLE_LEDBlinker/source/main.cpp.o
                0x0000000000022b70                FunctionPointerWithContext<Gap::AdvertisementCallbackParams_t const*>::functioncaller(FunctionPointerWithContext<Gap::AdvertisementCallbackParams_t const*>*, Gap::AdvertisementCallbackParams_t const*)
 .text._ZN26FunctionPointerWithContextIPN3BLE37InitializationCompleteCallbackContextEE14functioncallerEPS3_S2_
                0x0000000000022b7e        0xe source/CMakeFiles/ble-ledblinker.dir/Users/jacobrosenthal/Downloads/ble-examples/BLE_LEDBlinker/source/main.cpp.o
                0x0000000000022b7e                FunctionPointerWithContext<BLE::InitializationCompleteCallbackContext*>::functioncaller(FunctionPointerWithContext<BLE::InitializationCompleteCallbackContext*>*, BLE::InitializationCompleteCallbackContext*)
 .text._ZN4mbed4util19FunctionPointerBindIvED0Ev
                0x0000000000022b8c       0x12 source/CMakeFiles/ble-ledblinker.dir/Users/jacobrosenthal/Downloads/ble-examples/BLE_LEDBlinker/source/main.cpp.o
                0x0000000000022b8c                mbed::util::FunctionPointerBind<void>::~FunctionPointerBind()
 .text._ZN4mbed4util19FunctionPointerBaseIvE5clearEv
                0x0000000000022b9e       0x12 source/CMakeFiles/ble-ledblinker.dir/Users/jacobrosenthal/Downloads/ble-examples/BLE_LEDBlinker/source/main.cpp.o
                0x0000000000022b9e                mbed::util::FunctionPointerBase<void>::clear()
 .text._Z11isHeartratePKhh
                0x0000000000022bb0       0x2e source/CMakeFiles/ble-ledblinker.dir/Users/jacobrosenthal/Downloads/ble-examples/BLE_LEDBlinker/source/main.cpp.o
                0x0000000000022bb0                isHeartrate(unsigned char const*, unsigned char)
 .text._Z12getHeartRatePKhh
                0x0000000000022bde       0x22 source/CMakeFiles/ble-ledblinker.dir/Users/jacobrosenthal/Downloads/ble-examples/BLE_LEDBlinker/source/main.cpp.o
                0x0000000000022bde                getHeartRate(unsigned char const*, unsigned char)
 .text._ZN17GapScanningParams10setTimeoutEt
                0x0000000000022c00        0x6 ym/ble/source/ble.a(GapScanningParams.cpp.o)
                0x0000000000022c00                GapScanningParams::setTimeout(unsigned short)
 .text._ZN17GapScanningParams17setActiveScanningEb
                0x0000000000022c06        0x4 ym/ble/source/ble.a(GapScanningParams.cpp.o)
                0x0000000000022c06                GapScanningParams::setActiveScanning(bool)
 .text._ZN3BLE18initImplementationE26FunctionPointerWithContextIPNS_37InitializationCompleteCallbackContextEE
                0x0000000000022c0a       0x38 ym/ble/source/ble.a(BLE.cpp.o)
                0x0000000000022c0a                BLE::initImplementation(FunctionPointerWithContext<BLE::InitializationCompleteCallbackContext*>)
 .text._ZL18sd_ble_version_getP13ble_version_t
                0x0000000000022c42        0x4 ym/ble-nrf51822/source/ble-nrf51822.a(nRF5xn.cpp.o)
 .text._ZL15sd_app_evt_waitv
                0x0000000000022c46        0x4 ym/ble-nrf51822/source/ble-nrf51822.a(nRF5xn.cpp.o)
 .text._ZNK6nRF5xn14hasInitializedEv
                0x0000000000022c4a        0x4 ym/ble-nrf51822/source/ble-nrf51822.a(nRF5xn.cpp.o)
                0x0000000000022c4a                nRF5xn::hasInitialized() const
 .text._ZN6nRF5xn12waitForEventEv
                0x0000000000022c4e        0x8 ym/ble-nrf51822/source/ble-nrf51822.a(nRF5xn.cpp.o)
                0x0000000000022c4e                nRF5xn::waitForEvent()
 .text._ZN6nRF5xn6getGapEv
                0x0000000000022c56        0x8 ym/ble-nrf51822/source/ble-nrf51822.a(nRF5xn.cpp.o)
                0x0000000000022c56                nRF5xn::getGap()
 .text._ZNK6nRF5xn6getGapEv
                0x0000000000022c5e        0x8 ym/ble-nrf51822/source/ble-nrf51822.a(nRF5xn.cpp.o)
                0x0000000000022c5e                nRF5xn::getGap() const
 .text._ZN6nRF5xn13getGattServerEv
                0x0000000000022c66        0x8 ym/ble-nrf51822/source/ble-nrf51822.a(nRF5xn.cpp.o)
                0x0000000000022c66                nRF5xn::getGattServer()
 .text._ZNK6nRF5xn13getGattServerEv
                0x0000000000022c6e        0x8 ym/ble-nrf51822/source/ble-nrf51822.a(nRF5xn.cpp.o)
                0x0000000000022c6e                nRF5xn::getGattServer() const
 .text._ZN6nRF5xn13getGattClientEv
                0x0000000000022c76        0x8 ym/ble-nrf51822/source/ble-nrf51822.a(nRF5xn.cpp.o)
                0x0000000000022c76                nRF5xn::getGattClient()
 .text._ZNK6nRF5xn18getSecurityManagerEv
                0x0000000000022c7e        0x8 ym/ble-nrf51822/source/ble-nrf51822.a(nRF5xn.cpp.o)
                0x0000000000022c7e                nRF5xn::getSecurityManager() const
 .text._ZN6nRF5xn18getSecurityManagerEv
                0x0000000000022c86        0x8 ym/ble-nrf51822/source/ble-nrf51822.a(nRF5xn.cpp.o)
                0x0000000000022c86                nRF5xn::getSecurityManager()
 .text._ZN6nRF5xn8shutdownEv
                0x0000000000022c8e       0x1e ym/ble-nrf51822/source/ble-nrf51822.a(nRF5xn.cpp.o)
                0x0000000000022c8e                nRF5xn::shutdown()
 .text._ZN26FunctionPointerWithContextIPN3BLE37InitializationCompleteCallbackContextEE4callES2_
                0x0000000000022cac       0x16 ym/ble-nrf51822/source/ble-nrf51822.a(nRF5xn.cpp.o)
                0x0000000000022cac                FunctionPointerWithContext<BLE::InitializationCompleteCallbackContext*>::call(BLE::InitializationCompleteCallbackContext*)
 .text._ZN6nRF5xn4initEj26FunctionPointerWithContextIPN3BLE37InitializationCompleteCallbackContextEE
                0x0000000000022cc2       0x46 ym/ble-nrf51822/source/ble-nrf51822.a(nRF5xn.cpp.o)
                0x0000000000022cc2                nRF5xn::init(unsigned int, FunctionPointerWithContext<BLE::InitializationCompleteCallbackContext*>)
 .text._ZN15SecurityManager24onSecuritySetupInitiatedEPFvtbbNS_24SecurityIOCapabilities_tEE
                0x0000000000022d08        0x4 ym/ble-nrf51822/source/ble-nrf51822.a(nRF5xSecurityManager.cpp.o)
                0x0000000000022d08                SecurityManager::onSecuritySetupInitiated(void (*)(unsigned short, bool, bool, SecurityManager::SecurityIOCapabilities_t))
 .text._ZN15SecurityManager24onSecuritySetupCompletedEPFvtNS_26SecurityCompletionStatus_tEE
                0x0000000000022d0c        0x4 ym/ble-nrf51822/source/ble-nrf51822.a(nRF5xSecurityManager.cpp.o)
                0x0000000000022d0c                SecurityManager::onSecuritySetupCompleted(void (*)(unsigned short, SecurityManager::SecurityCompletionStatus_t))
 .text._ZN15SecurityManager13onLinkSecuredEPFvtNS_14SecurityMode_tEE
                0x0000000000022d10        0x4 ym/ble-nrf51822/source/ble-nrf51822.a(nRF5xSecurityManager.cpp.o)
                0x0000000000022d10                SecurityManager::onLinkSecured(void (*)(unsigned short, SecurityManager::SecurityMode_t))
 .text._ZN15SecurityManager23onSecurityContextStoredEPFvtE
                0x0000000000022d14        0x4 ym/ble-nrf51822/source/ble-nrf51822.a(nRF5xSecurityManager.cpp.o)
                0x0000000000022d14                SecurityManager::onSecurityContextStored(void (*)(unsigned short))
 .text._ZN15SecurityManager16onPasskeyDisplayEPFvtPKhE
                0x0000000000022d18        0x4 ym/ble-nrf51822/source/ble-nrf51822.a(nRF5xSecurityManager.cpp.o)
                0x0000000000022d18                SecurityManager::onPasskeyDisplay(void (*)(unsigned short, unsigned char const*))
 .text._ZN20nRF5xSecurityManager4initEbbN15SecurityManager24SecurityIOCapabilities_tEPKh
                0x0000000000022d1c       0x10 ym/ble-nrf51822/source/ble-nrf51822.a(nRF5xSecurityManager.cpp.o)
                0x0000000000022d1c                nRF5xSecurityManager::init(bool, bool, SecurityManager::SecurityIOCapabilities_t, unsigned char const*)
 .text._ZN20nRF5xSecurityManager15getLinkSecurityEtPN15SecurityManager20LinkSecurityStatus_tE
                0x0000000000022d2c        0xc ym/ble-nrf51822/source/ble-nrf51822.a(nRF5xSecurityManager.cpp.o)
                0x0000000000022d2c                nRF5xSecurityManager::getLinkSecurity(unsigned short, SecurityManager::LinkSecurityStatus_t*)
 .text._ZN20nRF5xSecurityManager20purgeAllBondingStateEv
                0x0000000000022d38        0x8 ym/ble-nrf51822/source/ble-nrf51822.a(nRF5xSecurityManager.cpp.o)
                0x0000000000022d38                nRF5xSecurityManager::purgeAllBondingState()
 .text.sd_ble_gap_address_set
                0x0000000000022d40        0x4 ym/ble-nrf51822/source/ble-nrf51822.a(btle.cpp.o)
 .text.sd_ble_gap_address_get
                0x0000000000022d44        0x4 ym/ble-nrf51822/source/ble-nrf51822.a(btle.cpp.o)
 .text.sd_ble_enable
                0x0000000000022d48        0x4 ym/ble-nrf51822/source/ble-nrf51822.a(btle.cpp.o)
 .text._ZL16sys_evt_dispatchm
                0x0000000000022d4c        0x8 ym/ble-nrf51822/source/ble-nrf51822.a(btle.cpp.o)
 .text.assert_nrf_callback
                0x0000000000022d54        0x2 ym/ble-nrf51822/source/ble-nrf51822.a(btle.cpp.o)
                0x0000000000022d54                assert_nrf_callback
 .text._ZL22sd_ble_gap_address_sethPK14ble_gap_addr_t
                0x0000000000022d56        0x4 ym/ble-nrf51822/source/ble-nrf51822.a(nRF5xGap.cpp.o)
 .text._ZL22sd_ble_gap_address_getP14ble_gap_addr_t
                0x0000000000022d5a        0x4 ym/ble-nrf51822/source/ble-nrf51822.a(nRF5xGap.cpp.o)
 .text._ZL23sd_ble_gap_adv_data_setPKhhS0_h
                0x0000000000022d5e        0x4 ym/ble-nrf51822/source/ble-nrf51822.a(nRF5xGap.cpp.o)
 .text._ZL20sd_ble_gap_adv_startPK20ble_gap_adv_params_t
                0x0000000000022d62        0x4 ym/ble-nrf51822/source/ble-nrf51822.a(nRF5xGap.cpp.o)
 .text._ZL19sd_ble_gap_adv_stopv
                0x0000000000022d66        0x4 ym/ble-nrf51822/source/ble-nrf51822.a(nRF5xGap.cpp.o)
 .text._ZL28sd_ble_gap_conn_param_updatetPK21ble_gap_conn_params_t
                0x0000000000022d6a        0x4 ym/ble-nrf51822/source/ble-nrf51822.a(nRF5xGap.cpp.o)
 .text._ZL21sd_ble_gap_disconnectth
                0x0000000000022d6e        0x4 ym/ble-nrf51822/source/ble-nrf51822.a(nRF5xGap.cpp.o)
 .text._ZL23sd_ble_gap_tx_power_seta
                0x0000000000022d72        0x4 ym/ble-nrf51822/source/ble-nrf51822.a(nRF5xGap.cpp.o)
 .text._ZL25sd_ble_gap_appearance_sett
                0x0000000000022d76        0x4 ym/ble-nrf51822/source/ble-nrf51822.a(nRF5xGap.cpp.o)
 .text._ZL25sd_ble_gap_appearance_getPt
                0x0000000000022d7a        0x4 ym/ble-nrf51822/source/ble-nrf51822.a(nRF5xGap.cpp.o)
 .text._ZL19sd_ble_gap_ppcp_setPK21ble_gap_conn_params_t
                0x0000000000022d7e        0x4 ym/ble-nrf51822/source/ble-nrf51822.a(nRF5xGap.cpp.o)
 .text._ZL19sd_ble_gap_ppcp_getP21ble_gap_conn_params_t
                0x0000000000022d82        0x4 ym/ble-nrf51822/source/ble-nrf51822.a(nRF5xGap.cpp.o)
 .text._ZL26sd_ble_gap_device_name_setPK23ble_gap_conn_sec_mode_tPKht
                0x0000000000022d86        0x4 ym/ble-nrf51822/source/ble-nrf51822.a(nRF5xGap.cpp.o)
 .text._ZL26sd_ble_gap_device_name_getPhPt
                0x0000000000022d8a        0x4 ym/ble-nrf51822/source/ble-nrf51822.a(nRF5xGap.cpp.o)
 .text._ZL21sd_ble_gap_scan_startPK21ble_gap_scan_params_t
                0x0000000000022d8e        0x4 ym/ble-nrf51822/source/ble-nrf51822.a(nRF5xGap.cpp.o)
 .text._ZL20sd_ble_gap_scan_stopv
                0x0000000000022d92        0x4 ym/ble-nrf51822/source/ble-nrf51822.a(nRF5xGap.cpp.o)
 .text._ZL18sd_ble_gap_connectPK14ble_gap_addr_tPK21ble_gap_scan_params_tPK21ble_gap_conn_params_t
                0x0000000000022d96        0x4 ym/ble-nrf51822/source/ble-nrf51822.a(nRF5xGap.cpp.o)
 .text._ZN3Gap10setAddressENS_13AddressType_tEPKh
                0x0000000000022d9a        0x4 ym/ble-nrf51822/source/ble-nrf51822.a(nRF5xGap.cpp.o)
                0x0000000000022d9a                Gap::setAddress(Gap::AddressType_t, unsigned char const*)
 .text._ZN3Gap10getAddressEPNS_13AddressType_tEPh
                0x0000000000022d9e        0x4 ym/ble-nrf51822/source/ble-nrf51822.a(nRF5xGap.cpp.o)
                0x0000000000022d9e                Gap::getAddress(Gap::AddressType_t*, unsigned char*)
 .text._ZNK3Gap25getMinAdvertisingIntervalEv
                0x0000000000022da2        0x4 ym/ble-nrf51822/source/ble-nrf51822.a(nRF5xGap.cpp.o)
                0x0000000000022da2                Gap::getMinAdvertisingInterval() const
 .text._ZNK3Gap39getMinNonConnectableAdvertisingIntervalEv
                0x0000000000022da6        0x4 ym/ble-nrf51822/source/ble-nrf51822.a(nRF5xGap.cpp.o)
                0x0000000000022da6                Gap::getMinNonConnectableAdvertisingInterval() const
 .text._ZN3Gap15stopAdvertisingEv
                0x0000000000022daa        0x4 ym/ble-nrf51822/source/ble-nrf51822.a(nRF5xGap.cpp.o)
                0x0000000000022daa                Gap::stopAdvertising()
 .text._ZN3Gap8stopScanEv
                0x0000000000022dae        0x4 ym/ble-nrf51822/source/ble-nrf51822.a(nRF5xGap.cpp.o)
                0x0000000000022dae                Gap::stopScan()
 .text._ZN3Gap7connectEPKhNS_13AddressType_tEPKNS_18ConnectionParams_tEPK17GapScanningParams
                0x0000000000022db2        0x4 ym/ble-nrf51822/source/ble-nrf51822.a(nRF5xGap.cpp.o)
                0x0000000000022db2                Gap::connect(unsigned char const*, Gap::AddressType_t, Gap::ConnectionParams_t const*, GapScanningParams const*)
 .text._ZN3Gap10disconnectEtNS_21DisconnectionReason_tE
                0x0000000000022db6        0x4 ym/ble-nrf51822/source/ble-nrf51822.a(nRF5xGap.cpp.o)
                0x0000000000022db6                Gap::disconnect(unsigned short, Gap::DisconnectionReason_t)
 .text._ZN3Gap10disconnectENS_21DisconnectionReason_tE
                0x0000000000022dba        0x4 ym/ble-nrf51822/source/ble-nrf51822.a(nRF5xGap.cpp.o)
                0x0000000000022dba                Gap::disconnect(Gap::DisconnectionReason_t)
 .text._ZN3Gap28getPreferredConnectionParamsEPNS_18ConnectionParams_tE
                0x0000000000022dbe        0x4 ym/ble-nrf51822/source/ble-nrf51822.a(nRF5xGap.cpp.o)
                0x0000000000022dbe                Gap::getPreferredConnectionParams(Gap::ConnectionParams_t*)
 .text._ZN3Gap28setPreferredConnectionParamsEPKNS_18ConnectionParams_tE
                0x0000000000022dc2        0x4 ym/ble-nrf51822/source/ble-nrf51822.a(nRF5xGap.cpp.o)
                0x0000000000022dc2                Gap::setPreferredConnectionParams(Gap::ConnectionParams_t const*)
 .text._ZN3Gap22updateConnectionParamsEtPKNS_18ConnectionParams_tE
                0x0000000000022dc6        0x4 ym/ble-nrf51822/source/ble-nrf51822.a(nRF5xGap.cpp.o)
                0x0000000000022dc6                Gap::updateConnectionParams(unsigned short, Gap::ConnectionParams_t const*)
 .text._ZN3Gap13setDeviceNameEPKh
                0x0000000000022dca        0x4 ym/ble-nrf51822/source/ble-nrf51822.a(nRF5xGap.cpp.o)
                0x0000000000022dca                Gap::setDeviceName(unsigned char const*)
 .text._ZN3Gap13getDeviceNameEPhPj
                0x0000000000022dce        0x4 ym/ble-nrf51822/source/ble-nrf51822.a(nRF5xGap.cpp.o)
                0x0000000000022dce                Gap::getDeviceName(unsigned char*, unsigned int*)
 .text._ZN3Gap13setAppearanceEN18GapAdvertisingData12Appearance_tE
                0x0000000000022dd2        0x4 ym/ble-nrf51822/source/ble-nrf51822.a(nRF5xGap.cpp.o)
                0x0000000000022dd2                Gap::setAppearance(GapAdvertisingData::Appearance_t)
 .text._ZN3Gap13getAppearanceEPN18GapAdvertisingData12Appearance_tE
                0x0000000000022dd6        0x4 ym/ble-nrf51822/source/ble-nrf51822.a(nRF5xGap.cpp.o)
                0x0000000000022dd6                Gap::getAppearance(GapAdvertisingData::Appearance_t*)
 .text._ZN3Gap10setTxPowerEa
                0x0000000000022dda        0x4 ym/ble-nrf51822/source/ble-nrf51822.a(nRF5xGap.cpp.o)
                0x0000000000022dda                Gap::setTxPower(signed char)
 .text._ZN3Gap25getPermittedTxPowerValuesEPPKaPj
                0x0000000000022dde        0x6 ym/ble-nrf51822/source/ble-nrf51822.a(nRF5xGap.cpp.o)
                0x0000000000022dde                Gap::getPermittedTxPowerValues(signed char const**, unsigned int*)
 .text._ZN3Gap14startRadioScanERK17GapScanningParams
                0x0000000000022de4        0x4 ym/ble-nrf51822/source/ble-nrf51822.a(nRF5xGap.cpp.o)
                0x0000000000022de4                Gap::startRadioScan(GapScanningParams const&)
 .text._ZN3Gap21initRadioNotificationEv
                0x0000000000022de8        0x4 ym/ble-nrf51822/source/ble-nrf51822.a(nRF5xGap.cpp.o)
                0x0000000000022de8                Gap::initRadioNotification()
 .text._ZNK8nRF5xGap25getMinAdvertisingIntervalEv
                0x0000000000022dec        0x4 ym/ble-nrf51822/source/ble-nrf51822.a(nRF5xGap.cpp.o)
                0x0000000000022dec                nRF5xGap::getMinAdvertisingInterval() const
 .text._ZNK8nRF5xGap39getMinNonConnectableAdvertisingIntervalEv
                0x0000000000022df0        0x4 ym/ble-nrf51822/source/ble-nrf51822.a(nRF5xGap.cpp.o)
                0x0000000000022df0                nRF5xGap::getMinNonConnectableAdvertisingInterval() const
 .text._ZNK8nRF5xGap25getMaxAdvertisingIntervalEv
                0x0000000000022df4        0x6 ym/ble-nrf51822/source/ble-nrf51822.a(nRF5xGap.cpp.o)
                0x0000000000022df4                nRF5xGap::getMaxAdvertisingInterval() const
 .text._ZN8nRF5xGap14startRadioScanERK17GapScanningParams
                0x0000000000022dfa       0x3a ym/ble-nrf51822/source/ble-nrf51822.a(nRF5xGap.cpp.o)
                0x0000000000022dfa                nRF5xGap::startRadioScan(GapScanningParams const&)
 .text._ZN8nRF5xGap8stopScanEv
                0x0000000000022e34       0x14 ym/ble-nrf51822/source/ble-nrf51822.a(nRF5xGap.cpp.o)
                0x0000000000022e34                nRF5xGap::stopScan()
 .text._ZN8nRF5xGap15stopAdvertisingEv
                0x0000000000022e48       0x20 ym/ble-nrf51822/source/ble-nrf51822.a(nRF5xGap.cpp.o)
                0x0000000000022e48                nRF5xGap::stopAdvertising()
 .text._ZN8nRF5xGap10disconnectEtN3Gap21DisconnectionReason_tE
                0x0000000000022e68       0x26 ym/ble-nrf51822/source/ble-nrf51822.a(nRF5xGap.cpp.o)
                0x0000000000022e68                nRF5xGap::disconnect(unsigned short, Gap::DisconnectionReason_t)
 .text._ZN8nRF5xGap10disconnectEN3Gap21DisconnectionReason_tE
                0x0000000000022e8e       0x12 ym/ble-nrf51822/source/ble-nrf51822.a(nRF5xGap.cpp.o)
                0x0000000000022e8e                nRF5xGap::disconnect(Gap::DisconnectionReason_t)
 .text._ZN8nRF5xGap28getPreferredConnectionParamsEPN3Gap18ConnectionParams_tE
                0x0000000000022ea0       0x10 ym/ble-nrf51822/source/ble-nrf51822.a(nRF5xGap.cpp.o)
                0x0000000000022ea0                nRF5xGap::getPreferredConnectionParams(Gap::ConnectionParams_t*)
 .text._ZN8nRF5xGap28setPreferredConnectionParamsEPKN3Gap18ConnectionParams_tE
                0x0000000000022eb0       0x10 ym/ble-nrf51822/source/ble-nrf51822.a(nRF5xGap.cpp.o)
                0x0000000000022eb0                nRF5xGap::setPreferredConnectionParams(Gap::ConnectionParams_t const*)
 .text._ZN8nRF5xGap22updateConnectionParamsEtPKN3Gap18ConnectionParams_tE
                0x0000000000022ec0       0x18 ym/ble-nrf51822/source/ble-nrf51822.a(nRF5xGap.cpp.o)
                0x0000000000022ec0                nRF5xGap::updateConnectionParams(unsigned short, Gap::ConnectionParams_t const*)
 .text._ZN8nRF5xGap10getAddressEPN3Gap13AddressType_tEPh
                0x0000000000022ed8       0x36 ym/ble-nrf51822/source/ble-nrf51822.a(nRF5xGap.cpp.o)
                0x0000000000022ed8                nRF5xGap::getAddress(Gap::AddressType_t*, unsigned char*)
 .text._ZN8nRF5xGap13getDeviceNameEPhPj
                0x0000000000022f0e       0x18 ym/ble-nrf51822/source/ble-nrf51822.a(nRF5xGap.cpp.o)
                0x0000000000022f0e                nRF5xGap::getDeviceName(unsigned char*, unsigned int*)
 .text._ZN8nRF5xGap13setAppearanceEN18GapAdvertisingData12Appearance_tE
                0x0000000000022f26       0x16 ym/ble-nrf51822/source/ble-nrf51822.a(nRF5xGap.cpp.o)
                0x0000000000022f26                nRF5xGap::setAppearance(GapAdvertisingData::Appearance_t)
 .text._ZN8nRF5xGap13getAppearanceEPN18GapAdvertisingData12Appearance_tE
                0x0000000000022f3c       0x16 ym/ble-nrf51822/source/ble-nrf51822.a(nRF5xGap.cpp.o)
                0x0000000000022f3c                nRF5xGap::getAppearance(GapAdvertisingData::Appearance_t*)
 .text._ZN8nRF5xGap10setTxPowerEa
                0x0000000000022f52       0x1a ym/ble-nrf51822/source/ble-nrf51822.a(nRF5xGap.cpp.o)
                0x0000000000022f52                nRF5xGap::setTxPower(signed char)
 .text._ZN26FunctionPointerWithContextIbE4callEb
                0x0000000000022f6c       0x16 ym/ble-nrf51822/source/ble-nrf51822.a(nRF5xGap.cpp.o)
                0x0000000000022f6c                FunctionPointerWithContext<bool>::call(bool)
 .text._ZN26FunctionPointerWithContextIbE14functioncallerEPS0_b
                0x0000000000022f82        0xe ym/ble-nrf51822/source/ble-nrf51822.a(nRF5xGap.cpp.o)
                0x0000000000022f82                FunctionPointerWithContext<bool>::functioncaller(FunctionPointerWithContext<bool>*, bool)
 .text._ZN4mbed4util16FunctionPointer1IvbE11constructorEPvSt9__va_list
                0x0000000000022f90        0xc ym/ble-nrf51822/source/ble-nrf51822.a(nRF5xGap.cpp.o)
                0x0000000000022f90                mbed::util::FunctionPointer1<void, bool>::constructor(void*, std::__va_list)
 .text._ZN4mbed4util16FunctionPointer1IvbE16copy_constructorEPvS3_
                0x0000000000022f9c        0xa ym/ble-nrf51822/source/ble-nrf51822.a(nRF5xGap.cpp.o)
                0x0000000000022f9c                mbed::util::FunctionPointer1<void, bool>::copy_constructor(void*, void*)
 .text._ZN4mbed4util16FunctionPointer1IvbE10destructorEPv
                0x0000000000022fa6        0x2 ym/ble-nrf51822/source/ble-nrf51822.a(nRF5xGap.cpp.o)
                0x0000000000022fa6                mbed::util::FunctionPointer1<void, bool>::destructor(void*)
 .text._ZN4mbed4util16FunctionPointer1IvbE12membercallerI26FunctionPointerWithContextIbEEEvPvPjS6_
                0x0000000000022fa8       0x16 ym/ble-nrf51822/source/ble-nrf51822.a(nRF5xGap.cpp.o)
                0x0000000000022fa8                void mbed::util::FunctionPointer1<void, bool>::membercaller<FunctionPointerWithContext<bool> >(void*, unsigned int*, void*)
 .text._ZN4mbed4util16FunctionPointer0IvE12membercallerI8nRF5xGapEEvPvPjS5_
                0x0000000000022fbe       0x14 ym/ble-nrf51822/source/ble-nrf51822.a(nRF5xGap.cpp.o)
                0x0000000000022fbe                void mbed::util::FunctionPointer0<void>::membercaller<nRF5xGap>(void*, unsigned int*, void*)
 .text._ZN4mbed6TickerD0Ev
                0x0000000000022fd2       0x12 ym/ble-nrf51822/source/ble-nrf51822.a(nRF5xGap.cpp.o)
                0x0000000000022fd2                mbed::Ticker::~Ticker()
 .text._ZN4mbed7TimeoutD0Ev
                0x0000000000022fe4       0x12 ym/ble-nrf51822/source/ble-nrf51822.a(nRF5xGap.cpp.o)
                0x0000000000022fe4                mbed::Timeout::~Timeout()
 .text._ZN8nRF5xGap13setDeviceNameEPKh
                0x0000000000022ff6       0x28 ym/ble-nrf51822/source/ble-nrf51822.a(nRF5xGap.cpp.o)
                0x0000000000022ff6                nRF5xGap::setDeviceName(unsigned char const*)
 .text._ZN8nRF5xGap10setAddressEN3Gap13AddressType_tEPKh
                0x000000000002301e       0x2a ym/ble-nrf51822/source/ble-nrf51822.a(nRF5xGap.cpp.o)
                0x000000000002301e                nRF5xGap::setAddress(Gap::AddressType_t, unsigned char const*)
 .text._ZN8nRF5xGap18setAdvertisingDataERK18GapAdvertisingDataS2_
                0x0000000000023048       0x2a ym/ble-nrf51822/source/ble-nrf51822.a(nRF5xGap.cpp.o)
                0x0000000000023048                nRF5xGap::setAdvertisingData(GapAdvertisingData const&, GapAdvertisingData const&)
 .text._ZN38CallChainOfFunctionPointersWithContextIPKN3Gap26ConnectionCallbackParams_tEED0Ev
                0x0000000000023072       0x12 ym/ble-nrf51822/source/ble-nrf51822.a(nRF5xGap.cpp.o)
                0x0000000000023072                CallChainOfFunctionPointersWithContext<Gap::ConnectionCallbackParams_t const*>::~CallChainOfFunctionPointersWithContext()
 .text._ZN38CallChainOfFunctionPointersWithContextIPKN3Gap29DisconnectionCallbackParams_tEED0Ev
                0x0000000000023084       0x12 ym/ble-nrf51822/source/ble-nrf51822.a(nRF5xGap.cpp.o)
                0x0000000000023084                CallChainOfFunctionPointersWithContext<Gap::DisconnectionCallbackParams_t const*>::~CallChainOfFunctionPointersWithContext()
 .text._ZN8nRF5xGap19setConnectionHandleEt
                0x0000000000023096        0x6 ym/ble-nrf51822/source/ble-nrf51822.a(nRF5xGap.cpp.o)
                0x0000000000023096                nRF5xGap::setConnectionHandle(unsigned short)
 .text._ZN8nRF5xGap19getConnectionHandleEv
                0x000000000002309c        0x6 ym/ble-nrf51822/source/ble-nrf51822.a(nRF5xGap.cpp.o)
                0x000000000002309c                nRF5xGap::getConnectionHandle()
 .text._ZL24sd_ble_gatts_service_addhPK10ble_uuid_tPt
                0x00000000000230a2        0x4 ym/ble-nrf51822/source/ble-nrf51822.a(nRF5xGattServer.cpp.o)
 .text._ZL22sd_ble_gatts_value_setttP17ble_gatts_value_t
                0x00000000000230a6        0x4 ym/ble-nrf51822/source/ble-nrf51822.a(nRF5xGattServer.cpp.o)
 .text._ZL22sd_ble_gatts_value_getttP17ble_gatts_value_t
                0x00000000000230aa        0x4 ym/ble-nrf51822/source/ble-nrf51822.a(nRF5xGattServer.cpp.o)
 .text._ZL16sd_ble_gatts_hvxtPK22ble_gatts_hvx_params_t
                0x00000000000230ae        0x4 ym/ble-nrf51822/source/ble-nrf51822.a(nRF5xGattServer.cpp.o)
 .text._ZL31sd_ble_gatts_rw_authorize_replytPK37ble_gatts_rw_authorize_reply_params_t
                0x00000000000230b2        0x4 ym/ble-nrf51822/source/ble-nrf51822.a(nRF5xGattServer.cpp.o)
 .text._ZL25sd_ble_gatts_sys_attr_settPKhtm
                0x00000000000230b6        0x4 ym/ble-nrf51822/source/ble-nrf51822.a(nRF5xGattServer.cpp.o)
 .text._ZN10GattServer10addServiceER11GattService
                0x00000000000230ba        0x4 ym/ble-nrf51822/source/ble-nrf51822.a(nRF5xGattServer.cpp.o)
                0x00000000000230ba                GattServer::addService(GattService&)
 .text._ZN10GattServer4readEtPhPt
                0x00000000000230be        0x4 ym/ble-nrf51822/source/ble-nrf51822.a(nRF5xGattServer.cpp.o)
                0x00000000000230be                GattServer::read(unsigned short, unsigned char*, unsigned short*)
 .text._ZN10GattServer4readEttPhPt
                0x00000000000230c2        0x4 ym/ble-nrf51822/source/ble-nrf51822.a(nRF5xGattServer.cpp.o)
                0x00000000000230c2                GattServer::read(unsigned short, unsigned short, unsigned char*, unsigned short*)
 .text._ZN10GattServer5writeEtPKhtb
                0x00000000000230c6        0x4 ym/ble-nrf51822/source/ble-nrf51822.a(nRF5xGattServer.cpp.o)
                0x00000000000230c6                GattServer::write(unsigned short, unsigned char const*, unsigned short, bool)
 .text._ZN10GattServer5writeEttPKhtb
                0x00000000000230ca        0x4 ym/ble-nrf51822/source/ble-nrf51822.a(nRF5xGattServer.cpp.o)
                0x00000000000230ca                GattServer::write(unsigned short, unsigned short, unsigned char const*, unsigned short, bool)
 .text._ZN10GattServer17areUpdatesEnabledERK18GattCharacteristicPb
                0x00000000000230ce        0x4 ym/ble-nrf51822/source/ble-nrf51822.a(nRF5xGattServer.cpp.o)
                0x00000000000230ce                GattServer::areUpdatesEnabled(GattCharacteristic const&, bool*)
 .text._ZN10GattServer17areUpdatesEnabledEtRK18GattCharacteristicPb
                0x00000000000230d2        0x4 ym/ble-nrf51822/source/ble-nrf51822.a(nRF5xGattServer.cpp.o)
                0x00000000000230d2                GattServer::areUpdatesEnabled(unsigned short, GattCharacteristic const&, bool*)
 .text._ZNK10GattServer21isOnDataReadAvailableEv
                0x00000000000230d6        0x4 ym/ble-nrf51822/source/ble-nrf51822.a(nRF5xGattServer.cpp.o)
                0x00000000000230d6                GattServer::isOnDataReadAvailable() const
 .text._ZN15nRF5xGattServer4readEttPhPt
                0x00000000000230da       0x2a ym/ble-nrf51822/source/ble-nrf51822.a(nRF5xGattServer.cpp.o)
                0x00000000000230da                nRF5xGattServer::read(unsigned short, unsigned short, unsigned char*, unsigned short*)
 .text._ZN15nRF5xGattServer17areUpdatesEnabledERK18GattCharacteristicPb
                0x0000000000023104       0x20 ym/ble-nrf51822/source/ble-nrf51822.a(nRF5xGattServer.cpp.o)
                0x0000000000023104                nRF5xGattServer::areUpdatesEnabled(GattCharacteristic const&, bool*)
 .text._ZN38CallChainOfFunctionPointersWithContextIjED0Ev
                0x0000000000023124       0x12 ym/ble-nrf51822/source/ble-nrf51822.a(nRF5xGattServer.cpp.o)
                0x0000000000023124                CallChainOfFunctionPointersWithContext<unsigned int>::~CallChainOfFunctionPointersWithContext()
 .text._ZN38CallChainOfFunctionPointersWithContextIPK23GattWriteCallbackParamsED0Ev
                0x0000000000023136       0x12 ym/ble-nrf51822/source/ble-nrf51822.a(nRF5xGattServer.cpp.o)
                0x0000000000023136                CallChainOfFunctionPointersWithContext<GattWriteCallbackParams const*>::~CallChainOfFunctionPointersWithContext()
 .text._ZN38CallChainOfFunctionPointersWithContextIPK22GattReadCallbackParamsED0Ev
                0x0000000000023148       0x12 ym/ble-nrf51822/source/ble-nrf51822.a(nRF5xGattServer.cpp.o)
                0x0000000000023148                CallChainOfFunctionPointersWithContext<GattReadCallbackParams const*>::~CallChainOfFunctionPointersWithContext()
 .text._ZN15nRF5xGattServer17areUpdatesEnabledEtRK18GattCharacteristicPb
                0x000000000002315a       0x5e ym/ble-nrf51822/source/ble-nrf51822.a(nRF5xGattServer.cpp.o)
                0x000000000002315a                nRF5xGattServer::areUpdatesEnabled(unsigned short, GattCharacteristic const&, bool*)
 .text._ZNK4UUIDeqERKS_
                0x00000000000231b8       0x3c ym/ble-nrf51822/source/ble-nrf51822.a(nRF5xGattServer.cpp.o)
                0x00000000000231b8                UUID::operator==(UUID const&) const
 .text._ZN10GattServer22handleDataWrittenEventEPK23GattWriteCallbackParams
                0x00000000000231f4       0x18 ym/ble-nrf51822/source/ble-nrf51822.a(nRF5xGattServer.cpp.o)
                0x00000000000231f4                GattServer::handleDataWrittenEvent(GattWriteCallbackParams const*)
 .text._ZN10GattServer11handleEventEN16GattServerEvents11gattEvent_eEt
                0x000000000002320c       0x24 ym/ble-nrf51822/source/ble-nrf51822.a(nRF5xGattServer.cpp.o)
                0x000000000002320c                GattServer::handleEvent(GattServerEvents::gattEvent_e, unsigned short)
 .text._ZN15nRF5xGattServer10hwCallbackEP9ble_evt_t
                0x0000000000023230      0x232 ym/ble-nrf51822/source/ble-nrf51822.a(nRF5xGattServer.cpp.o)
                0x0000000000023230                nRF5xGattServer::hwCallback(ble_evt_t*)
 .text.sd_ble_gap_sec_params_reply
                0x0000000000023462        0x4 ym/ble-nrf51822/source/ble-nrf51822.a(device_manager_peripheral.c.o)
 .text.sd_ble_gap_sec_info_reply
                0x0000000000023466        0x4 ym/ble-nrf51822/source/ble-nrf51822.a(device_manager_peripheral.c.o)
 .text.sd_ble_gatts_service_changed
                0x000000000002346a        0x4 ym/ble-nrf51822/source/ble-nrf51822.a(device_manager_peripheral.c.o)
 .text.sd_ble_gatts_sys_attr_set
                0x000000000002346e        0x4 ym/ble-nrf51822/source/ble-nrf51822.a(device_manager_peripheral.c.o)
 .text.sd_ble_gatts_sys_attr_get
                0x0000000000023472        0x4 ym/ble-nrf51822/source/ble-nrf51822.a(device_manager_peripheral.c.o)
 .text.storage_operation_dummy_handler
                0x0000000000023476        0x4 ym/ble-nrf51822/source/ble-nrf51822.a(device_manager_peripheral.c.o)
 .text.no_service_context_store
                0x000000000002347a        0x4 ym/ble-nrf51822/source/ble-nrf51822.a(device_manager_peripheral.c.o)
 .text.gattc_context_store
                0x000000000002347e        0x4 ym/ble-nrf51822/source/ble-nrf51822.a(device_manager_peripheral.c.o)
 .text.no_service_context_load
                0x0000000000023482        0x4 ym/ble-nrf51822/source/ble-nrf51822.a(device_manager_peripheral.c.o)
 .text.gattc_context_load
                0x0000000000023486        0x4 ym/ble-nrf51822/source/ble-nrf51822.a(device_manager_peripheral.c.o)
 .text.no_service_context_apply
                0x000000000002348a        0x4 ym/ble-nrf51822/source/ble-nrf51822.a(device_manager_peripheral.c.o)
 .text.gattc_context_apply
                0x000000000002348e        0x4 ym/ble-nrf51822/source/ble-nrf51822.a(device_manager_peripheral.c.o)
 .text.gattsc_context_store
                0x0000000000023492        0x8 ym/ble-nrf51822/source/ble-nrf51822.a(device_manager_peripheral.c.o)
 .text.gattsc_context_apply
                0x000000000002349a        0x8 ym/ble-nrf51822/source/ble-nrf51822.a(device_manager_peripheral.c.o)
 .text.gattsc_context_load
                0x00000000000234a2        0x8 ym/ble-nrf51822/source/ble-nrf51822.a(device_manager_peripheral.c.o)
 .text._ZN10GattClient16discoverServicesEtPFvPK17DiscoveredServiceEtt
                0x00000000000234aa        0x4 ym/ble-nrf51822/source/ble-nrf51822.a(nRF5xGattClient.cpp.o)
                0x00000000000234aa                GattClient::discoverServices(unsigned short, void (*)(DiscoveredService const*), unsigned short, unsigned short)
 .text._ZL38sd_ble_gattc_primary_services_discoverttPK10ble_uuid_t
                0x00000000000234ae        0x4 ym/ble-nrf51822/source/ble-nrf51822.a(nRF5xGattClient.cpp.o)
 .text._ZL17sd_ble_gattc_readttt
                0x00000000000234b2        0x4 ym/ble-nrf51822/source/ble-nrf51822.a(nRF5xGattClient.cpp.o)
 .text._ZL18sd_ble_gattc_writetPK24ble_gattc_write_params_t
                0x00000000000234b6        0x4 ym/ble-nrf51822/source/ble-nrf51822.a(nRF5xGattClient.cpp.o)
 .text._ZNK21nRF5xServiceDiscovery8isActiveEv
                0x00000000000234ba        0xc ym/ble-nrf51822/source/ble-nrf51822.a(nRF5xGattClient.cpp.o)
                0x00000000000234ba                nRF5xServiceDiscovery::isActive() const
 .text._ZN21nRF5xServiceDiscovery13onTerminationEPFvtE
                0x00000000000234c6        0x6 ym/ble-nrf51822/source/ble-nrf51822.a(nRF5xGattClient.cpp.o)
                0x00000000000234c6                nRF5xServiceDiscovery::onTermination(void (*)(unsigned short))
 .text._ZN15nRF5xGattClient29onServiceDiscoveryTerminationEPFvtE
                0x00000000000234cc        0x6 ym/ble-nrf51822/source/ble-nrf51822.a(nRF5xGattClient.cpp.o)
                0x00000000000234cc                nRF5xGattClient::onServiceDiscoveryTermination(void (*)(unsigned short))
 .text._ZNK15nRF5xGattClient24isServiceDiscoveryActiveEv
                0x00000000000234d2        0xc ym/ble-nrf51822/source/ble-nrf51822.a(nRF5xGattClient.cpp.o)
                0x00000000000234d2                nRF5xGattClient::isServiceDiscoveryActive() const
 .text._ZNK15nRF5xGattClient4readEttt
                0x00000000000234de       0x20 ym/ble-nrf51822/source/ble-nrf51822.a(nRF5xGattClient.cpp.o)
                0x00000000000234de                nRF5xGattClient::read(unsigned short, unsigned short, unsigned short) const
 .text._ZN15nRF5xGattClient22launchServiceDiscoveryEtPFvPK17DiscoveredServiceEPFvPK24DiscoveredCharacteristicERK4UUIDSC_
                0x00000000000234fe       0x12 ym/ble-nrf51822/source/ble-nrf51822.a(nRF5xGattClient.cpp.o)
                0x00000000000234fe                nRF5xGattClient::launchServiceDiscovery(unsigned short, void (*)(DiscoveredService const*), void (*)(DiscoveredCharacteristic const*), UUID const&, UUID const&)
 .text._ZN4UUIDC2Et
                0x0000000000023510       0x1a ym/ble-nrf51822/source/ble-nrf51822.a(nRF5xGattClient.cpp.o)
                0x0000000000023510                UUID::UUID(unsigned short)
                0x0000000000023510                UUID::UUID(unsigned short)
 .text._ZN10GattClient16discoverServicesEtPFvPK17DiscoveredServiceERK4UUID
                0x000000000002352a       0x2e ym/ble-nrf51822/source/ble-nrf51822.a(nRF5xGattClient.cpp.o)
                0x000000000002352a                GattClient::discoverServices(unsigned short, void (*)(DiscoveredService const*), UUID const&)
 .text._ZN21nRF5xServiceDiscovery25terminateServiceDiscoveryEv
                0x0000000000023558       0x24 ym/ble-nrf51822/source/ble-nrf51822.a(nRF5xGattClient.cpp.o)
                0x0000000000023558                nRF5xServiceDiscovery::terminateServiceDiscovery()
 .text._ZN21nRF5xServiceDiscovery9terminateEv
                0x000000000002357c        0x8 ym/ble-nrf51822/source/ble-nrf51822.a(nRF5xGattClient.cpp.o)